Component: ARM Compiler 5.06 update 6 (build 750) Tool: armlink [4d35ed]

==============================================================================

Section Cross References

    main.o(i.fputc) refers to gd32c10x_usart.o(i.usart_data_transmit) for usart_data_transmit
    main.o(i.fputc) refers to gd32c10x_usart.o(i.usart_flag_get) for usart_flag_get
    main.o(i.led_spark) refers to gd32c10x_eval.o(i.gd_eval_led_on) for gd_eval_led_on
    main.o(i.led_spark) refers to gd32c10x_eval.o(i.gd_eval_led_off) for gd_eval_led_off
    main.o(i.led_spark) refers to main.o(.data) for timingdelaylocal
    main.o(i.main) refers to systick.o(i.systick_config) for systick_config
    main.o(i.main) refers to gd32c10x_eval.o(i.gd_eval_led_init) for gd_eval_led_init
    main.o(i.main) refers to gd32c10x_eval.o(i.gd_eval_com_init) for gd_eval_com_init
    main.o(i.main) refers to gd32c10x_eval.o(i.gd_eval_key_init) for gd_eval_key_init
    main.o(i.main) refers to gd32c10x_rcu.o(i.rcu_clock_freq_get) for rcu_clock_freq_get
    main.o(i.main) refers to printf1.o(i.__0printf$1) for __2printf
    main.o(i.main) refers to gd32c10x_eval.o(i.gd_eval_key_state_get) for gd_eval_key_state_get
    main.o(i.main) refers to gd32c10x_eval.o(i.gd_eval_led_on) for gd_eval_led_on
    main.o(i.main) refers to systick.o(i.delay_1ms) for delay_1ms
    main.o(i.main) refers to gd32c10x_eval.o(i.gd_eval_led_off) for gd_eval_led_off
    main.o(i.main) refers to gd32c10x_eval.o(i.gd_eval_led_toggle) for gd_eval_led_toggle
    systick.o(i.delay_1ms) refers to systick.o(.data) for delay
    systick.o(i.delay_decrement) refers to systick.o(.data) for delay
    systick.o(i.systick_config) refers to systick.o(i.NVIC_SetPriority) for NVIC_SetPriority
    systick.o(i.systick_config) refers to system_gd32c10x.o(.data) for SystemCoreClock
    gd32c10x_it.o(i.SysTick_Handler) refers to main.o(i.led_spark) for led_spark
    gd32c10x_it.o(i.SysTick_Handler) refers to systick.o(i.delay_decrement) for delay_decrement
    system_gd32c10x.o(i.SystemCoreClockUpdate) refers to system_gd32c10x.o(.data) for SystemCoreClock
    system_gd32c10x.o(i.SystemInit) refers to system_gd32c10x.o(i.system_clock_config) for system_clock_config
    system_gd32c10x.o(i.SystemInit) refers to gd32c10x_misc.o(i.nvic_vector_table_set) for nvic_vector_table_set
    system_gd32c10x.o(i.system_clock_config) refers to system_gd32c10x.o(i.system_clock_120m_hxtal) for system_clock_120m_hxtal
    gd32c10x_adc.o(i.adc_deinit) refers to gd32c10x_rcu.o(i.rcu_periph_reset_enable) for rcu_periph_reset_enable
    gd32c10x_adc.o(i.adc_deinit) refers to gd32c10x_rcu.o(i.rcu_periph_reset_disable) for rcu_periph_reset_disable
    gd32c10x_bkp.o(i.bkp_deinit) refers to gd32c10x_rcu.o(i.rcu_bkp_reset_enable) for rcu_bkp_reset_enable
    gd32c10x_bkp.o(i.bkp_deinit) refers to gd32c10x_rcu.o(i.rcu_bkp_reset_disable) for rcu_bkp_reset_disable
    gd32c10x_can.o(i.can_debug_freeze_disable) refers to gd32c10x_dbg.o(i.dbg_periph_disable) for dbg_periph_disable
    gd32c10x_can.o(i.can_debug_freeze_enable) refers to gd32c10x_dbg.o(i.dbg_periph_enable) for dbg_periph_enable
    gd32c10x_can.o(i.can_deinit) refers to gd32c10x_rcu.o(i.rcu_periph_reset_enable) for rcu_periph_reset_enable
    gd32c10x_can.o(i.can_deinit) refers to gd32c10x_rcu.o(i.rcu_periph_reset_disable) for rcu_periph_reset_disable
    gd32c10x_can.o(i.can_fd_frequency_set) refers to gd32c10x_can.o(i.can_working_mode_set) for can_working_mode_set
    gd32c10x_can.o(i.can_fd_frequency_set) refers to gd32c10x_can.o(i.dev_can_fd_baudrate_set) for dev_can_fd_baudrate_set
    gd32c10x_can.o(i.can_filter_mask_mode_init) refers to gd32c10x_can.o(i.can_struct_para_init) for can_struct_para_init
    gd32c10x_can.o(i.can_filter_mask_mode_init) refers to gd32c10x_can.o(i.can_filter_init) for can_filter_init
    gd32c10x_can.o(i.can_frequency_set) refers to gd32c10x_can.o(i.can_working_mode_set) for can_working_mode_set
    gd32c10x_can.o(i.can_frequency_set) refers to gd32c10x_can.o(i.dev_can_baudrate_set) for dev_can_baudrate_set
    gd32c10x_can.o(i.can_interrupt_flag_get) refers to gd32c10x_can.o(i.can_receive_message_length_get) for can_receive_message_length_get
    gd32c10x_can.o(i.can_interrupt_flag_get) refers to gd32c10x_can.o(i.can_error_get) for can_error_get
    gd32c10x_can.o(i.can_message_receive) refers to gd32c10x_can.o(.constdata) for g_can_fdlength_table
    gd32c10x_can.o(i.can_message_transmit) refers to gd32c10x_can.o(.constdata) for g_can_fdlength_table
    gd32c10x_can.o(i.dev_can_baudrate_set) refers to gd32c10x_rcu.o(i.rcu_clock_freq_get) for rcu_clock_freq_get
    gd32c10x_can.o(i.dev_can_baudrate_set) refers to gd32c10x_can.o(.constdata) for .constdata
    gd32c10x_can.o(i.dev_can_fd_baudrate_set) refers to gd32c10x_rcu.o(i.rcu_clock_freq_get) for rcu_clock_freq_get
    gd32c10x_can.o(i.dev_can_fd_baudrate_set) refers to gd32c10x_can.o(.constdata) for .constdata
[...]
    printfa.o(i._fp_digits) refers to uldiv.o(.text) for __aeabi_uldivmod
    printfa.o(i._printf_core) refers (Special) to iusefp.o(.text) for __I$use$fp
    printfa.o(i._printf_core) refers to printfa.o(i._printf_pre_padding) for _printf_pre_padding
    printfa.o(i._printf_core) refers to uldiv.o(.text) for __aeabi_uldivmod
    printfa.o(i._printf_core) refers to printfa.o(i._printf_post_padding) for _printf_post_padding
    printfa.o(i._printf_core) refers to printfa.o(i._fp_digits) for _fp_digits
    printfa.o(i._printf_core) refers to uidiv.o(.text) for __aeabi_uidivmod
    printfa.o(i._printf_post_padding) refers (Special) to iusefp.o(.text) for __I$use$fp
    printfa.o(i._printf_pre_padding) refers (Special) to iusefp.o(.text) for __I$use$fp
    printfa.o(i._snputc) refers (Special) to iusefp.o(.text) for __I$use$fp
    printfa.o(i._sputc) refers (Special) to iusefp.o(.text) for __I$use$fp
    entry2.o(.ARM.Collect$$$$00000001) refers to entry2.o(.ARM.Collect$$$$00002712) for __lit__00000000
    entry2.o(.ARM.Collect$$$$00002712) refers to startup_gd32c10x.o(STACK) for __initial_sp
    entry2.o(__vectab_stack_and_reset_area) refers to startup_gd32c10x.o(STACK) for __initial_sp
    entry2.o(__vectab_stack_and_reset_area) refers to entry.o(.ARM.Collect$$$$00000000) for __main
    entry5.o(.ARM.Collect$$$$00000004) refers to init.o(.text) for __scatterload
    entry9a.o(.ARM.Collect$$$$0000000B) refers to main.o(i.main) for main
    entry9b.o(.ARM.Collect$$$$0000000C) refers to main.o(i.main) for main
    uldiv.o(.text) refers to llushr.o(.text) for __aeabi_llsr
    uldiv.o(.text) refers to llshl.o(.text) for __aeabi_llsl
    dadd.o(.text) refers to llshl.o(.text) for __aeabi_llsl
    dadd.o(.text) refers to llsshr.o(.text) for __aeabi_lasr
    dadd.o(.text) refers to depilogue.o(.text) for _double_epilogue
    dmul.o(.text) refers to depilogue.o(.text) for _double_epilogue
    ddiv.o(.text) refers to depilogue.o(.text) for _double_round
    dfixul.o(.text) refers to llushr.o(.text) for __aeabi_llsr
    dfixul.o(.text) refers to llshl.o(.text) for __aeabi_llsl
    init.o(.text) refers to entry5.o(.ARM.Collect$$$$00000004) for __main_after_scatterload
    depilogue.o(.text) refers to llshl.o(.text) for __aeabi_llsl
    depilogue.o(.text) refers to llushr.o(.text) for __aeabi_llsr


==============================================================================

Removing Unused input sections from the image.

    Removing main.o(.rev16_text), (4 bytes).
    Removing main.o(.revsh_text), (4 bytes).
    Removing systick.o(.rev16_text), (4 bytes).
    Removing systick.o(.revsh_text), (4 bytes).
    Removing gd32c10x_it.o(.rev16_text), (4 bytes).
    Removing gd32c10x_it.o(.revsh_text), (4 bytes).
    Removing system_gd32c10x.o(.rev16_text), (4 bytes).
    Removing system_gd32c10x.o(.revsh_text), (4 bytes).
    Removing system_gd32c10x.o(i.SystemCoreClockUpdate), (412 bytes).
    Removing gd32c10x_adc.o(.rev16_text), (4 bytes).
    Removing gd32c10x_adc.o(.revsh_text), (4 bytes).
    Removing gd32c10x_adc.o(i.adc_calibration_enable), (42 bytes).
    Removing gd32c10x_adc.o(i.adc_channel_length_config), (70 bytes).
    Removing gd32c10x_adc.o(i.adc_data_alignment_config), (22 bytes).
    Removing gd32c10x_adc.o(i.adc_deinit), (64 bytes).
    Removing gd32c10x_adc.o(i.adc_disable), (10 bytes).
    Removing gd32c10x_adc.o(i.adc_discontinuous_mode_config), (76 bytes).
    Removing gd32c10x_adc.o(i.adc_dma_mode_disable), (10 bytes).
    Removing gd32c10x_adc.o(i.adc_dma_mode_enable), (10 bytes).
    Removing gd32c10x_adc.o(i.adc_enable), (18 bytes).
    Removing gd32c10x_adc.o(i.adc_external_trigger_config), (62 bytes).
    Removing gd32c10x_adc.o(i.adc_external_trigger_source_config), (48 bytes).
    Removing gd32c10x_adc.o(i.adc_flag_clear), (8 bytes).
    Removing gd32c10x_adc.o(i.adc_flag_get), (14 bytes).
    Removing gd32c10x_adc.o(i.adc_inserted_channel_config), (116 bytes).
    Removing gd32c10x_adc.o(i.adc_inserted_channel_offset_config), (36 bytes).
    Removing gd32c10x_adc.o(i.adc_inserted_data_read), (46 bytes).
    Removing gd32c10x_adc.o(i.adc_inserted_software_startconv_flag_get), (16 bytes).
    Removing gd32c10x_adc.o(i.adc_interrupt_disable), (44 bytes).
    Removing gd32c10x_adc.o(i.adc_interrupt_enable), (44 bytes).
    Removing gd32c10x_adc.o(i.adc_interrupt_flag_clear), (8 bytes).
    Removing gd32c10x_adc.o(i.adc_interrupt_flag_get), (88 bytes).
    Removing gd32c10x_adc.o(i.adc_mode_config), (28 bytes).
    Removing gd32c10x_adc.o(i.adc_oversample_mode_config), (58 bytes).
    Removing gd32c10x_adc.o(i.adc_oversample_mode_disable), (14 bytes).
    Removing gd32c10x_adc.o(i.adc_oversample_mode_enable), (14 bytes).
    Removing gd32c10x_adc.o(i.adc_regular_channel_config), (172 bytes).
    Removing gd32c10x_adc.o(i.adc_regular_data_read), (8 bytes).
    Removing gd32c10x_adc.o(i.adc_regular_software_startconv_flag_get), (16 bytes).
    Removing gd32c10x_adc.o(i.adc_resolution_config), (20 bytes).
    Removing gd32c10x_adc.o(i.adc_software_trigger_enable), (30 bytes).
    Removing gd32c10x_adc.o(i.adc_special_function_config), (90 bytes).
    Removing gd32c10x_adc.o(i.adc_sync_mode_convert_value_read), (12 bytes).
    Removing gd32c10x_adc.o(i.adc_tempsensor_vrefint_disable), (20 bytes).
    Removing gd32c10x_adc.o(i.adc_tempsensor_vrefint_enable), (20 bytes).
    Removing gd32c10x_adc.o(i.adc_watchdog_disable), (16 bytes).
    Removing gd32c10x_adc.o(i.adc_watchdog_group_channel_enable), (64 bytes).
    Removing gd32c10x_adc.o(i.adc_watchdog_single_channel_enable), (32 bytes).
    Removing gd32c10x_adc.o(i.adc_watchdog_threshold_config), (14 bytes).
    Removing gd32c10x_bkp.o(.rev16_text), (4 bytes).
    Removing gd32c10x_bkp.o(.revsh_text), (4 bytes).
    Removing gd32c10x_bkp.o(i.bkp_data_read), (56 bytes).
    Removing gd32c10x_bkp.o(i.bkp_data_write), (52 bytes).
    Removing gd32c10x_bkp.o(i.bkp_deinit), (12 bytes).
    Removing gd32c10x_bkp.o(i.bkp_flag_clear), (20 bytes).
    Removing gd32c10x_bkp.o(i.bkp_flag_get), (24 bytes).
    Removing gd32c10x_bkp.o(i.bkp_interrupt_disable), (20 bytes).
    Removing gd32c10x_bkp.o(i.bkp_interrupt_enable), (20 bytes).
    Removing gd32c10x_bkp.o(i.bkp_interrupt_flag_clear), (20 bytes).
    Removing gd32c10x_bkp.o(i.bkp_interrupt_flag_get), (24 bytes).
    Removing gd32c10x_bkp.o(i.bkp_rtc_calibration_output_disable), (20 bytes).
    Removing gd32c10x_bkp.o(i.bkp_rtc_calibration_output_enable), (20 bytes).
    Removing gd32c10x_bkp.o(i.bkp_rtc_calibration_value_set), (28 bytes).
    Removing gd32c10x_bkp.o(i.bkp_rtc_clock_calibration_direction_select), (24 bytes).
    Removing gd32c10x_bkp.o(i.bkp_rtc_clock_output_select), (28 bytes).
    Removing gd32c10x_bkp.o(i.bkp_rtc_output_select), (28 bytes).
    Removing gd32c10x_bkp.o(i.bkp_rtc_signal_output_disable), (20 bytes).
    Removing gd32c10x_bkp.o(i.bkp_rtc_signal_output_enable), (20 bytes).
    Removing gd32c10x_bkp.o(i.bkp_tamper_active_level_set), (28 bytes).
    Removing gd32c10x_bkp.o(i.bkp_tamper_detection_disable), (20 bytes).
    Removing gd32c10x_bkp.o(i.bkp_tamper_detection_enable), (20 bytes).
    Removing gd32c10x_can.o(.rev16_text), (4 bytes).
    Removing gd32c10x_can.o(.revsh_text), (4 bytes).
    Removing gd32c10x_can.o(i.can1_filter_start_bank), (56 bytes).
    Removing gd32c10x_can.o(i.can_debug_freeze_disable), (40 bytes).
    Removing gd32c10x_can.o(i.can_debug_freeze_enable), (40 bytes).
    Removing gd32c10x_can.o(i.can_deinit), (52 bytes).
    Removing gd32c10x_can.o(i.can_error_get), (12 bytes).
    Removing gd32c10x_can.o(i.can_fd_frequency_set), (50 bytes).
    Removing gd32c10x_can.o(i.can_fd_function_disable), (10 bytes).
    Removing gd32c10x_can.o(i.can_fd_function_enable), (10 bytes).
    Removing gd32c10x_can.o(i.can_fd_init), (244 bytes).
    Removing gd32c10x_can.o(i.can_fifo_release), (32 bytes).
    Removing gd32c10x_can.o(i.can_filter_init), (272 bytes).
    Removing gd32c10x_can.o(i.can_filter_mask_mode_init), (264 bytes).
    Removing gd32c10x_can.o(i.can_flag_clear), (26 bytes).
    Removing gd32c10x_can.o(i.can_flag_get), (30 bytes).
    Removing gd32c10x_can.o(i.can_frequency_set), (116 bytes).
    Removing gd32c10x_can.o(i.can_init), (420 bytes).
    Removing gd32c10x_can.o(i.can_interrupt_disable), (8 bytes).
    Removing gd32c10x_can.o(i.can_interrupt_enable), (8 bytes).
    Removing gd32c10x_can.o(i.can_interrupt_flag_clear), (26 bytes).
    Removing gd32c10x_can.o(i.can_interrupt_flag_get), (116 bytes).
    Removing gd32c10x_can.o(i.can_message_receive), (452 bytes).
    Removing gd32c10x_can.o(i.can_message_transmit), (628 bytes).
    Removing gd32c10x_can.o(i.can_monitor_mode_set), (130 bytes).
    Removing gd32c10x_can.o(i.can_receive_error_number_get), (8 bytes).
    Removing gd32c10x_can.o(i.can_receive_message_length_get), (26 bytes).
    Removing gd32c10x_can.o(i.can_struct_para_init), (226 bytes).
    Removing gd32c10x_can.o(i.can_time_trigger_mode_disable), (48 bytes).
    Removing gd32c10x_can.o(i.can_time_trigger_mode_enable), (48 bytes).
    Removing gd32c10x_can.o(i.can_transmission_stop), (80 bytes).
    Removing gd32c10x_can.o(i.can_transmit_error_number_get), (10 bytes).
    Removing gd32c10x_can.o(i.can_transmit_states), (124 bytes).
    Removing gd32c10x_can.o(i.can_wakeup), (48 bytes).
    Removing gd32c10x_can.o(i.can_working_mode_set), (168 bytes).
    Removing gd32c10x_can.o(i.dev_can_baudrate_set), (172 bytes).
    Removing gd32c10x_can.o(i.dev_can_fd_baudrate_set), (224 bytes).
    Removing gd32c10x_can.o(.constdata), (216 bytes).
    Removing gd32c10x_crc.o(.rev16_text), (4 bytes).
    Removing gd32c10x_crc.o(.revsh_text), (4 bytes).
    Removing gd32c10x_crc.o(i.crc_block_data_calculate), (36 bytes).
    Removing gd32c10x_crc.o(i.crc_data_register_read), (12 bytes).
    Removing gd32c10x_crc.o(i.crc_data_register_reset), (20 bytes).
    Removing gd32c10x_crc.o(i.crc_deinit), (24 bytes).
    Removing gd32c10x_crc.o(i.crc_free_data_register_read), (12 bytes).
    Removing gd32c10x_crc.o(i.crc_free_data_register_write), (12 bytes).
    Removing gd32c10x_crc.o(i.crc_single_data_calculate), (16 bytes).
    Removing gd32c10x_ctc.o(.rev16_text), (4 bytes).
    Removing gd32c10x_ctc.o(.revsh_text), (4 bytes).
    Removing gd32c10x_ctc.o(i.ctc_clock_limit_value_config), (28 bytes).
    Removing gd32c10x_ctc.o(i.ctc_counter_capture_value_read), (16 bytes).
    Removing gd32c10x_ctc.o(i.ctc_counter_direction_read), (24 bytes).
    Removing gd32c10x_ctc.o(i.ctc_counter_disable), (20 bytes).
    Removing gd32c10x_ctc.o(i.ctc_counter_enable), (20 bytes).
    Removing gd32c10x_ctc.o(i.ctc_counter_reload_value_config), (28 bytes).
    Removing gd32c10x_ctc.o(i.ctc_counter_reload_value_read), (16 bytes).
    Removing gd32c10x_ctc.o(i.ctc_deinit), (20 bytes).
    Removing gd32c10x_ctc.o(i.ctc_flag_clear), (36 bytes).
    Removing gd32c10x_ctc.o(i.ctc_flag_get), (24 bytes).
    Removing gd32c10x_ctc.o(i.ctc_hardware_trim_mode_config), (28 bytes).
    Removing gd32c10x_ctc.o(i.ctc_interrupt_disable), (16 bytes).
    Removing gd32c10x_ctc.o(i.ctc_interrupt_enable), (16 bytes).
    Removing gd32c10x_ctc.o(i.ctc_interrupt_flag_clear), (36 bytes).
    Removing gd32c10x_ctc.o(i.ctc_interrupt_flag_get), (56 bytes).
    Removing gd32c10x_ctc.o(i.ctc_irc48m_trim_value_config), (28 bytes).
    Removing gd32c10x_ctc.o(i.ctc_irc48m_trim_value_read), (16 bytes).
    Removing gd32c10x_ctc.o(i.ctc_refsource_polarity_config), (28 bytes).
    Removing gd32c10x_ctc.o(i.ctc_refsource_prescaler_config), (28 bytes).
    Removing gd32c10x_ctc.o(i.ctc_refsource_signal_select), (28 bytes).
    Removing gd32c10x_ctc.o(i.ctc_software_refsource_pulse_generate), (20 bytes).
    Removing gd32c10x_dac.o(.rev16_text), (4 bytes).
    Removing gd32c10x_dac.o(.revsh_text), (4 bytes).
    Removing gd32c10x_dac.o(i.dac_concurrent_data_set), (64 bytes).
    Removing gd32c10x_dac.o(i.dac_concurrent_disable), (24 bytes).
    Removing gd32c10x_dac.o(i.dac_concurrent_enable), (24 bytes).
    Removing gd32c10x_dac.o(i.dac_concurrent_output_buffer_disable), (24 bytes).
    Removing gd32c10x_dac.o(i.dac_concurrent_output_buffer_enable), (24 bytes).
    Removing gd32c10x_dac.o(i.dac_concurrent_software_trigger_disable), (20 bytes).
    Removing gd32c10x_dac.o(i.dac_concurrent_software_trigger_enable), (20 bytes).
    Removing gd32c10x_dac.o(i.dac_data_set), (88 bytes).
    Removing gd32c10x_dac.o(i.dac_deinit), (20 bytes).
    Removing gd32c10x_dac.o(i.dac_disable), (36 bytes).
    Removing gd32c10x_dac.o(i.dac_dma_disable), (36 bytes).
    Removing gd32c10x_dac.o(i.dac_dma_enable), (36 bytes).
    Removing gd32c10x_dac.o(i.dac_enable), (36 bytes).
    Removing gd32c10x_dac.o(i.dac_lfsr_noise_config), (52 bytes).
    Removing gd32c10x_dac.o(i.dac_output_buffer_disable), (36 bytes).
    Removing gd32c10x_dac.o(i.dac_output_buffer_enable), (36 bytes).
    Removing gd32c10x_dac.o(i.dac_output_value_get), (28 bytes).
    Removing gd32c10x_dac.o(i.dac_software_trigger_disable), (36 bytes).
    Removing gd32c10x_dac.o(i.dac_software_trigger_enable), (36 bytes).
    Removing gd32c10x_dac.o(i.dac_triangle_noise_config), (52 bytes).
    Removing gd32c10x_dac.o(i.dac_trigger_disable), (36 bytes).
    Removing gd32c10x_dac.o(i.dac_trigger_enable), (36 bytes).
    Removing gd32c10x_dac.o(i.dac_trigger_source_config), (52 bytes).
    Removing gd32c10x_dac.o(i.dac_wave_bit_width_config), (52 bytes).
    Removing gd32c10x_dac.o(i.dac_wave_mode_config), (52 bytes).
    Removing gd32c10x_dbg.o(.rev16_text), (4 bytes).
    Removing gd32c10x_dbg.o(.revsh_text), (4 bytes).
    Removing gd32c10x_dbg.o(i.dbg_id_get), (12 bytes).
    Removing gd32c10x_dbg.o(i.dbg_low_power_disable), (16 bytes).
    Removing gd32c10x_dbg.o(i.dbg_low_power_enable), (16 bytes).
    Removing gd32c10x_dbg.o(i.dbg_periph_disable), (16 bytes).
    Removing gd32c10x_dbg.o(i.dbg_periph_enable), (16 bytes).
    Removing gd32c10x_dbg.o(i.dbg_trace_pin_disable), (20 bytes).
    Removing gd32c10x_dbg.o(i.dbg_trace_pin_enable), (20 bytes).
    Removing gd32c10x_dbg.o(i.dbg_trace_pin_mode_set), (28 bytes).
    Removing gd32c10x_dma.o(.rev16_text), (4 bytes).
    Removing gd32c10x_dma.o(.revsh_text), (4 bytes).
    Removing gd32c10x_dma.o(i.dma_channel_disable), (50 bytes).
    Removing gd32c10x_dma.o(i.dma_channel_enable), (50 bytes).
    Removing gd32c10x_dma.o(i.dma_circulation_disable), (50 bytes).
    Removing gd32c10x_dma.o(i.dma_circulation_enable), (50 bytes).
    Removing gd32c10x_dma.o(i.dma_deinit), (112 bytes).
    Removing gd32c10x_dma.o(i.dma_flag_clear), (16 bytes).
    Removing gd32c10x_dma.o(i.dma_flag_get), (24 bytes).
    Removing gd32c10x_dma.o(i.dma_init), (302 bytes).
    Removing gd32c10x_dma.o(i.dma_interrupt_disable), (50 bytes).
    Removing gd32c10x_dma.o(i.dma_interrupt_enable), (50 bytes).
    Removing gd32c10x_dma.o(i.dma_interrupt_flag_clear), (16 bytes).
    Removing gd32c10x_dma.o(i.dma_interrupt_flag_get), (130 bytes).
    Removing gd32c10x_dma.o(i.dma_memory_address_config), (36 bytes).
    Removing gd32c10x_dma.o(i.dma_memory_increase_disable), (50 bytes).
    Removing gd32c10x_dma.o(i.dma_memory_increase_enable), (50 bytes).
    Removing gd32c10x_dma.o(i.dma_memory_to_memory_disable), (50 bytes).
    Removing gd32c10x_dma.o(i.dma_memory_to_memory_enable), (50 bytes).
    Removing gd32c10x_dma.o(i.dma_memory_width_config), (58 bytes).
    Removing gd32c10x_dma.o(i.dma_periph_address_config), (36 bytes).
    Removing gd32c10x_dma.o(i.dma_periph_and_channel_check), (24 bytes).
    Removing gd32c10x_dma.o(i.dma_periph_increase_disable), (50 bytes).
    Removing gd32c10x_dma.o(i.dma_periph_increase_enable), (50 bytes).
    Removing gd32c10x_dma.o(i.dma_periph_width_config), (58 bytes).
    Removing gd32c10x_dma.o(i.dma_priority_config), (58 bytes).
    Removing gd32c10x_dma.o(i.dma_struct_para_init), (28 bytes).
    Removing gd32c10x_dma.o(i.dma_transfer_direction_config), (84 bytes).
    Removing gd32c10x_dma.o(i.dma_transfer_number_config), (38 bytes).
    Removing gd32c10x_dma.o(i.dma_transfer_number_get), (34 bytes).
    Removing gd32c10x_exmc.o(.rev16_text), (4 bytes).
    Removing gd32c10x_exmc.o(.revsh_text), (4 bytes).
    Removing gd32c10x_exmc.o(i.exmc_norsram_deinit), (28 bytes).
    Removing gd32c10x_exmc.o(i.exmc_norsram_disable), (18 bytes).
    Removing gd32c10x_exmc.o(i.exmc_norsram_enable), (18 bytes).
    Removing gd32c10x_exmc.o(i.exmc_norsram_init), (264 bytes).
    Removing gd32c10x_exmc.o(i.exmc_norsram_page_size_config), (26 bytes).
    Removing gd32c10x_exmc.o(i.exmc_norsram_struct_para_init), (106 bytes).
    Removing gd32c10x_exti.o(.rev16_text), (4 bytes).
    Removing gd32c10x_exti.o(.revsh_text), (4 bytes).
    Removing gd32c10x_exti.o(i.exti_deinit), (28 bytes).
    Removing gd32c10x_exti.o(i.exti_event_disable), (16 bytes).
    Removing gd32c10x_exti.o(i.exti_event_enable), (16 bytes).
    Removing gd32c10x_exti.o(i.exti_flag_clear), (12 bytes).
    Removing gd32c10x_exti.o(i.exti_flag_get), (24 bytes).
    Removing gd32c10x_exti.o(i.exti_interrupt_disable), (16 bytes).
    Removing gd32c10x_exti.o(i.exti_interrupt_enable), (16 bytes).
    Removing gd32c10x_exti.o(i.exti_interrupt_flag_get), (36 bytes).
    Removing gd32c10x_exti.o(i.exti_software_interrupt_disable), (16 bytes).
    Removing gd32c10x_exti.o(i.exti_software_interrupt_enable), (16 bytes).
    Removing gd32c10x_fmc.o(.rev16_text), (4 bytes).
    Removing gd32c10x_fmc.o(.revsh_text), (4 bytes).
    Removing gd32c10x_fmc.o(i.fmc_dbus_disable), (20 bytes).
    Removing gd32c10x_fmc.o(i.fmc_dbus_enable), (20 bytes).
    Removing gd32c10x_fmc.o(i.fmc_dbus_reset), (20 bytes).
    Removing gd32c10x_fmc.o(i.fmc_doubleword_program), (100 bytes).
    Removing gd32c10x_fmc.o(i.fmc_flag_clear), (12 bytes).
    Removing gd32c10x_fmc.o(i.fmc_flag_get), (20 bytes).
    Removing gd32c10x_fmc.o(i.fmc_ibus_disable), (20 bytes).
    Removing gd32c10x_fmc.o(i.fmc_ibus_enable), (20 bytes).
    Removing gd32c10x_fmc.o(i.fmc_ibus_reset), (20 bytes).
    Removing gd32c10x_fmc.o(i.fmc_interrupt_disable), (16 bytes).
    Removing gd32c10x_fmc.o(i.fmc_interrupt_enable), (16 bytes).
    Removing gd32c10x_fmc.o(i.fmc_interrupt_flag_clear), (12 bytes).
    Removing gd32c10x_fmc.o(i.fmc_interrupt_flag_get), (20 bytes).
    Removing gd32c10x_fmc.o(i.fmc_lock), (20 bytes).
    Removing gd32c10x_fmc.o(i.fmc_mass_erase), (68 bytes).
    Removing gd32c10x_fmc.o(i.fmc_page_erase), (72 bytes).
    Removing gd32c10x_fmc.o(i.fmc_prefetch_disable), (20 bytes).
    Removing gd32c10x_fmc.o(i.fmc_prefetch_enable), (20 bytes).
    Removing gd32c10x_fmc.o(i.fmc_program_width_set), (24 bytes).
    Removing gd32c10x_fmc.o(i.fmc_ready_wait), (34 bytes).
    Removing gd32c10x_fmc.o(i.fmc_state_get), (64 bytes).
    Removing gd32c10x_fmc.o(i.fmc_unlock), (36 bytes).
    Removing gd32c10x_fmc.o(i.fmc_word_program), (64 bytes).
    Removing gd32c10x_fmc.o(i.fmc_wscnt_set), (24 bytes).
    Removing gd32c10x_fmc.o(i.ob_data_get), (16 bytes).
    Removing gd32c10x_fmc.o(i.ob_data_program), (196 bytes).
    Removing gd32c10x_fmc.o(i.ob_erase), (144 bytes).
    Removing gd32c10x_fmc.o(i.ob_lock), (20 bytes).
    Removing gd32c10x_fmc.o(i.ob_security_protection_config), (192 bytes).
    Removing gd32c10x_fmc.o(i.ob_security_protection_flag_get), (24 bytes).
    Removing gd32c10x_fmc.o(i.ob_unlock), (36 bytes).
    Removing gd32c10x_fmc.o(i.ob_user_get), (16 bytes).
    Removing gd32c10x_fmc.o(i.ob_user_write), (212 bytes).
    Removing gd32c10x_fmc.o(i.ob_write_protection_enable), (208 bytes).
    Removing gd32c10x_fmc.o(i.ob_write_protection_get), (12 bytes).
    Removing gd32c10x_fwdgt.o(.rev16_text), (4 bytes).
    Removing gd32c10x_fwdgt.o(.revsh_text), (4 bytes).
    Removing gd32c10x_fwdgt.o(i.fwdgt_config), (104 bytes).
    Removing gd32c10x_fwdgt.o(i.fwdgt_counter_reload), (16 bytes).
    Removing gd32c10x_fwdgt.o(i.fwdgt_enable), (16 bytes).
    Removing gd32c10x_fwdgt.o(i.fwdgt_flag_get), (24 bytes).
    Removing gd32c10x_fwdgt.o(i.fwdgt_write_disable), (12 bytes).
    Removing gd32c10x_fwdgt.o(i.fwdgt_write_enable), (16 bytes).
    Removing gd32c10x_gpio.o(.rev16_text), (4 bytes).
    Removing gd32c10x_gpio.o(.revsh_text), (4 bytes).
    Removing gd32c10x_gpio.o(i.gpio_afio_deinit), (20 bytes).
    Removing gd32c10x_gpio.o(i.gpio_bit_reset), (4 bytes).
    Removing gd32c10x_gpio.o(i.gpio_bit_set), (4 bytes).
    Removing gd32c10x_gpio.o(i.gpio_compensation_config), (24 bytes).
    Removing gd32c10x_gpio.o(i.gpio_compensation_flag_get), (24 bytes).
    Removing gd32c10x_gpio.o(i.gpio_deinit), (148 bytes).
    Removing gd32c10x_gpio.o(i.gpio_event_output_config), (28 bytes).
    Removing gd32c10x_gpio.o(i.gpio_event_output_disable), (20 bytes).
    Removing gd32c10x_gpio.o(i.gpio_event_output_enable), (20 bytes).
    Removing gd32c10x_gpio.o(i.gpio_input_port_get), (8 bytes).
    Removing gd32c10x_gpio.o(i.gpio_output_bit_get), (16 bytes).
    Removing gd32c10x_gpio.o(i.gpio_output_port_get), (8 bytes).
    Removing gd32c10x_gpio.o(i.gpio_pin_lock), (18 bytes).
    Removing gd32c10x_gpio.o(i.gpio_pin_remap_config), (144 bytes).
    Removing gd32c10x_gpio.o(i.gpio_port_write), (4 bytes).
    Removing gd32c10x_i2c.o(.rev16_text), (4 bytes).
    Removing gd32c10x_i2c.o(.revsh_text), (4 bytes).
    Removing gd32c10x_i2c.o(i.i2c_ack_config), (24 bytes).
    Removing gd32c10x_i2c.o(i.i2c_ackpos_config), (22 bytes).
    Removing gd32c10x_i2c.o(i.i2c_clock_config), (320 bytes).
    Removing gd32c10x_i2c.o(i.i2c_data_receive), (8 bytes).
    Removing gd32c10x_i2c.o(i.i2c_data_transmit), (6 bytes).
    Removing gd32c10x_i2c.o(i.i2c_deinit), (64 bytes).
    Removing gd32c10x_i2c.o(i.i2c_disable), (10 bytes).
    Removing gd32c10x_i2c.o(i.i2c_dma_enable), (16 bytes).
    Removing gd32c10x_i2c.o(i.i2c_dma_last_transfer_config), (16 bytes).
    Removing gd32c10x_i2c.o(i.i2c_dualaddr_disable), (10 bytes).
    Removing gd32c10x_i2c.o(i.i2c_dualaddr_enable), (12 bytes).
    Removing gd32c10x_i2c.o(i.i2c_enable), (10 bytes).
    Removing gd32c10x_i2c.o(i.i2c_flag_clear), (40 bytes).
    Removing gd32c10x_i2c.o(i.i2c_flag_get), (30 bytes).
    Removing gd32c10x_i2c.o(i.i2c_interrupt_disable), (26 bytes).
    Removing gd32c10x_i2c.o(i.i2c_interrupt_enable), (26 bytes).
    Removing gd32c10x_i2c.o(i.i2c_interrupt_flag_clear), (44 bytes).
    Removing gd32c10x_i2c.o(i.i2c_interrupt_flag_get), (92 bytes).
    Removing gd32c10x_i2c.o(i.i2c_master_addressing), (20 bytes).
    Removing gd32c10x_i2c.o(i.i2c_mode_addr_config), (28 bytes).
    Removing gd32c10x_i2c.o(i.i2c_pec_enable), (16 bytes).
    Removing gd32c10x_i2c.o(i.i2c_pec_transfer_enable), (16 bytes).
    Removing gd32c10x_i2c.o(i.i2c_pec_value_get), (10 bytes).
    Removing gd32c10x_i2c.o(i.i2c_sam_disable), (14 bytes).
    Removing gd32c10x_i2c.o(i.i2c_sam_enable), (14 bytes).
    Removing gd32c10x_i2c.o(i.i2c_sam_timeout_disable), (14 bytes).
    Removing gd32c10x_i2c.o(i.i2c_sam_timeout_enable), (14 bytes).
    Removing gd32c10x_i2c.o(i.i2c_slave_response_to_gcall_config), (16 bytes).
    Removing gd32c10x_i2c.o(i.i2c_smbus_arp_enable), (16 bytes).
    Removing gd32c10x_i2c.o(i.i2c_smbus_issue_alert), (16 bytes).
    Removing gd32c10x_i2c.o(i.i2c_smbus_type_config), (24 bytes).
    Removing gd32c10x_i2c.o(i.i2c_software_reset_config), (16 bytes).
    Removing gd32c10x_i2c.o(i.i2c_start_on_bus), (10 bytes).
    Removing gd32c10x_i2c.o(i.i2c_stop_on_bus), (10 bytes).
    Removing gd32c10x_i2c.o(i.i2c_stretch_scl_low_config), (16 bytes).
    Removing gd32c10x_misc.o(.rev16_text), (4 bytes).
    Removing gd32c10x_misc.o(.revsh_text), (4 bytes).
    Removing gd32c10x_misc.o(i.nvic_irq_disable), (24 bytes).
    Removing gd32c10x_misc.o(i.system_lowpower_reset), (16 bytes).
    Removing gd32c10x_misc.o(i.system_lowpower_set), (16 bytes).
    Removing gd32c10x_misc.o(i.systick_clksource_set), (40 bytes).
    Removing gd32c10x_pmu.o(.rev16_text), (4 bytes).
    Removing gd32c10x_pmu.o(.revsh_text), (4 bytes).
    Removing gd32c10x_pmu.o(i.pmu_backup_write_disable), (20 bytes).
    Removing gd32c10x_pmu.o(i.pmu_backup_write_enable), (20 bytes).
    Removing gd32c10x_pmu.o(i.pmu_deinit), (20 bytes).
    Removing gd32c10x_pmu.o(i.pmu_flag_clear), (48 bytes).
    Removing gd32c10x_pmu.o(i.pmu_flag_get), (24 bytes).
    Removing gd32c10x_pmu.o(i.pmu_ldo_output_select), (28 bytes).
    Removing gd32c10x_pmu.o(i.pmu_lvd_disable), (20 bytes).
    Removing gd32c10x_pmu.o(i.pmu_lvd_select), (48 bytes).
    Removing gd32c10x_pmu.o(i.pmu_to_deepsleepmode), (196 bytes).
    Removing gd32c10x_pmu.o(i.pmu_to_sleepmode), (32 bytes).
    Removing gd32c10x_pmu.o(i.pmu_to_standbymode), (56 bytes).
    Removing gd32c10x_pmu.o(i.pmu_wakeup_pin_disable), (20 bytes).
    Removing gd32c10x_pmu.o(i.pmu_wakeup_pin_enable), (20 bytes).
    Removing gd32c10x_pmu.o(.bss), (16 bytes).
    Removing gd32c10x_rcu.o(.rev16_text), (4 bytes).
    Removing gd32c10x_rcu.o(.revsh_text), (4 bytes).
    Removing gd32c10x_rcu.o(i.rcu_adc_clock_config), (108 bytes).
    Removing gd32c10x_rcu.o(i.rcu_ahb_clock_config), (24 bytes).
    Removing gd32c10x_rcu.o(i.rcu_all_reset_flag_clear), (20 bytes).
    Removing gd32c10x_rcu.o(i.rcu_apb1_clock_config), (24 bytes).
    Removing gd32c10x_rcu.o(i.rcu_apb2_clock_config), (24 bytes).
    Removing gd32c10x_rcu.o(i.rcu_bkp_reset_disable), (20 bytes).
    Removing gd32c10x_rcu.o(i.rcu_bkp_reset_enable), (20 bytes).
    Removing gd32c10x_rcu.o(i.rcu_ck48m_clock_config), (28 bytes).
    Removing gd32c10x_rcu.o(i.rcu_ckout0_config), (24 bytes).
    Removing gd32c10x_rcu.o(i.rcu_deepsleep_voltage_set), (16 bytes).
    Removing gd32c10x_rcu.o(i.rcu_deinit), (128 bytes).
    Removing gd32c10x_rcu.o(i.rcu_flag_get), (36 bytes).
    Removing gd32c10x_rcu.o(i.rcu_hxtal_clock_monitor_disable), (20 bytes).
    Removing gd32c10x_rcu.o(i.rcu_hxtal_clock_monitor_enable), (20 bytes).
    Removing gd32c10x_rcu.o(i.rcu_i2s1_clock_config), (24 bytes).
    Removing gd32c10x_rcu.o(i.rcu_i2s2_clock_config), (24 bytes).
    Removing gd32c10x_rcu.o(i.rcu_interrupt_disable), (32 bytes).
    Removing gd32c10x_rcu.o(i.rcu_interrupt_enable), (32 bytes).
    Removing gd32c10x_rcu.o(i.rcu_interrupt_flag_clear), (32 bytes).
    Removing gd32c10x_rcu.o(i.rcu_interrupt_flag_get), (36 bytes).
    Removing gd32c10x_rcu.o(i.rcu_irc8m_adjust_value_set), (28 bytes).
    Removing gd32c10x_rcu.o(i.rcu_lxtal_drive_capability_config), (24 bytes).
    Removing gd32c10x_rcu.o(i.rcu_osci_bypass_mode_disable), (112 bytes).
    Removing gd32c10x_rcu.o(i.rcu_osci_bypass_mode_enable), (112 bytes).
    Removing gd32c10x_rcu.o(i.rcu_osci_off), (32 bytes).
    Removing gd32c10x_rcu.o(i.rcu_osci_on), (32 bytes).
    Removing gd32c10x_rcu.o(i.rcu_osci_stab_wait), (348 bytes).
    Removing gd32c10x_rcu.o(i.rcu_periph_clock_disable), (32 bytes).
    Removing gd32c10x_rcu.o(i.rcu_periph_clock_sleep_disable), (32 bytes).
    Removing gd32c10x_rcu.o(i.rcu_periph_clock_sleep_enable), (32 bytes).
    Removing gd32c10x_rcu.o(i.rcu_pll1_config), (28 bytes).
    Removing gd32c10x_rcu.o(i.rcu_pll2_config), (28 bytes).
    Removing gd32c10x_rcu.o(i.rcu_pll_config), (32 bytes).
    Removing gd32c10x_rcu.o(i.rcu_pllpresel_config), (24 bytes).
    Removing gd32c10x_rcu.o(i.rcu_predv0_config), (32 bytes).
    Removing gd32c10x_rcu.o(i.rcu_predv1_config), (24 bytes).
    Removing gd32c10x_rcu.o(i.rcu_rtc_clock_config), (24 bytes).
    Removing gd32c10x_rcu.o(i.rcu_system_clock_source_config), (24 bytes).
    Removing gd32c10x_rcu.o(i.rcu_system_clock_source_get), (16 bytes).
    Removing gd32c10x_rcu.o(i.rcu_usb_clock_config), (24 bytes).
    Removing gd32c10x_rtc.o(.rev16_text), (4 bytes).
    Removing gd32c10x_rtc.o(.revsh_text), (4 bytes).
    Removing gd32c10x_rtc.o(i.rtc_alarm_config), (32 bytes).
    Removing gd32c10x_rtc.o(i.rtc_configuration_mode_enter), (20 bytes).
    Removing gd32c10x_rtc.o(i.rtc_configuration_mode_exit), (20 bytes).
    Removing gd32c10x_rtc.o(i.rtc_counter_get), (20 bytes).
    Removing gd32c10x_rtc.o(i.rtc_counter_set), (32 bytes).
    Removing gd32c10x_rtc.o(i.rtc_divider_get), (24 bytes).
    Removing gd32c10x_rtc.o(i.rtc_flag_clear), (16 bytes).
    Removing gd32c10x_rtc.o(i.rtc_flag_get), (24 bytes).
    Removing gd32c10x_rtc.o(i.rtc_interrupt_disable), (16 bytes).
    Removing gd32c10x_rtc.o(i.rtc_interrupt_enable), (16 bytes).
    Removing gd32c10x_rtc.o(i.rtc_interrupt_flag_clear), (16 bytes).
    Removing gd32c10x_rtc.o(i.rtc_interrupt_flag_get), (24 bytes).
    Removing gd32c10x_rtc.o(i.rtc_lwoff_wait), (20 bytes).
    Removing gd32c10x_rtc.o(i.rtc_prescaler_set), (32 bytes).
    Removing gd32c10x_rtc.o(i.rtc_register_sync_wait), (32 bytes).
    Removing gd32c10x_spi.o(.rev16_text), (4 bytes).
    Removing gd32c10x_spi.o(.revsh_text), (4 bytes).
    Removing gd32c10x_spi.o(i.i2s_disable), (10 bytes).
    Removing gd32c10x_spi.o(i.i2s_enable), (10 bytes).
    Removing gd32c10x_spi.o(i.i2s_init), (28 bytes).
    Removing gd32c10x_spi.o(i.i2s_psc_config), (280 bytes).
    Removing gd32c10x_spi.o(i.qspi_disable), (14 bytes).
    Removing gd32c10x_spi.o(i.qspi_enable), (14 bytes).
    Removing gd32c10x_spi.o(i.qspi_io23_output_disable), (14 bytes).
    Removing gd32c10x_spi.o(i.qspi_io23_output_enable), (14 bytes).
    Removing gd32c10x_spi.o(i.qspi_read_enable), (14 bytes).
    Removing gd32c10x_spi.o(i.qspi_write_enable), (14 bytes).
    Removing gd32c10x_spi.o(i.spi_bidirectional_transfer_config), (26 bytes).
    Removing gd32c10x_spi.o(i.spi_crc_error_clear), (10 bytes).
    Removing gd32c10x_spi.o(i.spi_crc_get), (16 bytes).
    Removing gd32c10x_spi.o(i.spi_crc_next), (10 bytes).
    Removing gd32c10x_spi.o(i.spi_crc_off), (10 bytes).
    Removing gd32c10x_spi.o(i.spi_crc_on), (10 bytes).
    Removing gd32c10x_spi.o(i.spi_crc_polynomial_get), (8 bytes).
    Removing gd32c10x_spi.o(i.spi_crc_polynomial_set), (4 bytes).
    Removing gd32c10x_spi.o(i.spi_disable), (10 bytes).
    Removing gd32c10x_spi.o(i.spi_dma_disable), (22 bytes).
    Removing gd32c10x_spi.o(i.spi_dma_enable), (22 bytes).
    Removing gd32c10x_spi.o(i.spi_enable), (10 bytes).
    Removing gd32c10x_spi.o(i.spi_i2s_data_frame_format_config), (16 bytes).
    Removing gd32c10x_spi.o(i.spi_i2s_data_receive), (8 bytes).
    Removing gd32c10x_spi.o(i.spi_i2s_data_transmit), (4 bytes).
    Removing gd32c10x_spi.o(i.spi_i2s_deinit), (88 bytes).
    Removing gd32c10x_spi.o(i.spi_i2s_flag_get), (16 bytes).
    Removing gd32c10x_spi.o(i.spi_i2s_interrupt_disable), (48 bytes).
    Removing gd32c10x_spi.o(i.spi_i2s_interrupt_enable), (48 bytes).
    Removing gd32c10x_spi.o(i.spi_i2s_interrupt_flag_get), (112 bytes).
    Removing gd32c10x_spi.o(i.spi_init), (50 bytes).
    Removing gd32c10x_spi.o(i.spi_nss_internal_high), (10 bytes).
    Removing gd32c10x_spi.o(i.spi_nss_internal_low), (10 bytes).
    Removing gd32c10x_spi.o(i.spi_nss_output_disable), (10 bytes).
    Removing gd32c10x_spi.o(i.spi_nss_output_enable), (10 bytes).
    Removing gd32c10x_spi.o(i.spi_nssp_mode_disable), (10 bytes).
    Removing gd32c10x_spi.o(i.spi_nssp_mode_enable), (10 bytes).
    Removing gd32c10x_spi.o(i.spi_struct_para_init), (16 bytes).
    Removing gd32c10x_spi.o(i.spi_ti_mode_disable), (10 bytes).
    Removing gd32c10x_spi.o(i.spi_ti_mode_enable), (10 bytes).
    Removing gd32c10x_timer.o(.rev16_text), (4 bytes).
    Removing gd32c10x_timer.o(.revsh_text), (4 bytes).
    Removing gd32c10x_timer.o(i.timer_auto_reload_shadow_disable), (10 bytes).
    Removing gd32c10x_timer.o(i.timer_auto_reload_shadow_enable), (10 bytes).
    Removing gd32c10x_timer.o(i.timer_automatic_output_disable), (10 bytes).
    Removing gd32c10x_timer.o(i.timer_automatic_output_enable), (10 bytes).
    Removing gd32c10x_timer.o(i.timer_autoreload_value_config), (4 bytes).
    Removing gd32c10x_timer.o(i.timer_break_config), (30 bytes).
    Removing gd32c10x_timer.o(i.timer_break_disable), (10 bytes).
    Removing gd32c10x_timer.o(i.timer_break_enable), (10 bytes).
    Removing gd32c10x_timer.o(i.timer_break_struct_para_init), (18 bytes).
    Removing gd32c10x_timer.o(i.timer_channel_capture_value_register_read), (42 bytes).
    Removing gd32c10x_timer.o(i.timer_channel_complementary_output_polarity_config), (70 bytes).
    Removing gd32c10x_timer.o(i.timer_channel_complementary_output_state_config), (70 bytes).
    Removing gd32c10x_timer.o(i.timer_channel_control_shadow_config), (24 bytes).
    Removing gd32c10x_timer.o(i.timer_channel_control_shadow_update_config), (26 bytes).
    Removing gd32c10x_timer.o(i.timer_channel_dma_request_source_select), (26 bytes).
    Removing gd32c10x_timer.o(i.timer_channel_input_capture_prescaler_config), (90 bytes).
    Removing gd32c10x_timer.o(i.timer_channel_input_struct_para_init), (16 bytes).
    Removing gd32c10x_timer.o(i.timer_channel_output_clear_config), (90 bytes).
    Removing gd32c10x_timer.o(i.timer_channel_output_config), (492 bytes).
    Removing gd32c10x_timer.o(i.timer_channel_output_fast_config), (90 bytes).
    Removing gd32c10x_timer.o(i.timer_channel_output_mode_config), (90 bytes).
    Removing gd32c10x_timer.o(i.timer_channel_output_polarity_config), (92 bytes).
    Removing gd32c10x_timer.o(i.timer_channel_output_pulse_value_config), (38 bytes).
    Removing gd32c10x_timer.o(i.timer_channel_output_shadow_config), (90 bytes).
    Removing gd32c10x_timer.o(i.timer_channel_output_state_config), (92 bytes).
    Removing gd32c10x_timer.o(i.timer_channel_output_struct_para_init), (16 bytes).
    Removing gd32c10x_timer.o(i.timer_counter_alignment), (16 bytes).
    Removing gd32c10x_timer.o(i.timer_counter_down_direction), (10 bytes).
    Removing gd32c10x_timer.o(i.timer_counter_read), (8 bytes).
    Removing gd32c10x_timer.o(i.timer_counter_up_direction), (10 bytes).
    Removing gd32c10x_timer.o(i.timer_counter_value_config), (4 bytes).
    Removing gd32c10x_timer.o(i.timer_deinit), (388 bytes).
    Removing gd32c10x_timer.o(i.timer_disable), (10 bytes).
    Removing gd32c10x_timer.o(i.timer_dma_disable), (8 bytes).
    Removing gd32c10x_timer.o(i.timer_dma_enable), (8 bytes).
    Removing gd32c10x_timer.o(i.timer_dma_transfer_config), (24 bytes).
    Removing gd32c10x_timer.o(i.timer_enable), (10 bytes).
    Removing gd32c10x_timer.o(i.timer_event_software_generate), (8 bytes).
    Removing gd32c10x_timer.o(i.timer_external_clock_mode0_config), (40 bytes).
    Removing gd32c10x_timer.o(i.timer_external_clock_mode1_config), (32 bytes).
    Removing gd32c10x_timer.o(i.timer_external_clock_mode1_disable), (10 bytes).
    Removing gd32c10x_timer.o(i.timer_external_trigger_as_external_clock_config), (166 bytes).
    Removing gd32c10x_timer.o(i.timer_external_trigger_config), (30 bytes).
    Removing gd32c10x_timer.o(i.timer_flag_clear), (6 bytes).
    Removing gd32c10x_timer.o(i.timer_flag_get), (16 bytes).
    Removing gd32c10x_timer.o(i.timer_hall_mode_config), (26 bytes).
    Removing gd32c10x_timer.o(i.timer_init), (164 bytes).
    Removing gd32c10x_timer.o(i.timer_input_capture_config), (326 bytes).
    Removing gd32c10x_timer.o(i.timer_input_pwm_capture_config), (356 bytes).
    Removing gd32c10x_timer.o(i.timer_input_trigger_source_select), (16 bytes).
    Removing gd32c10x_timer.o(i.timer_internal_clock_config), (10 bytes).
    Removing gd32c10x_timer.o(i.timer_internal_trigger_as_external_clock_config), (32 bytes).
    Removing gd32c10x_timer.o(i.timer_interrupt_disable), (8 bytes).
    Removing gd32c10x_timer.o(i.timer_interrupt_enable), (8 bytes).
    Removing gd32c10x_timer.o(i.timer_interrupt_flag_clear), (6 bytes).
    Removing gd32c10x_timer.o(i.timer_interrupt_flag_get), (24 bytes).
    Removing gd32c10x_timer.o(i.timer_master_output_trigger_source_select), (16 bytes).
    Removing gd32c10x_timer.o(i.timer_master_slave_mode_config), (26 bytes).
    Removing gd32c10x_timer.o(i.timer_output_value_selection_config), (34 bytes).
    Removing gd32c10x_timer.o(i.timer_prescaler_config), (16 bytes).
    Removing gd32c10x_timer.o(i.timer_prescaler_read), (10 bytes).
    Removing gd32c10x_timer.o(i.timer_primary_output_config), (24 bytes).
    Removing gd32c10x_timer.o(i.timer_quadrature_decoder_mode_config), (64 bytes).
    Removing gd32c10x_timer.o(i.timer_repetition_value_config), (4 bytes).
    Removing gd32c10x_timer.o(i.timer_single_pulse_mode_config), (26 bytes).
    Removing gd32c10x_timer.o(i.timer_slave_mode_select), (16 bytes).
    Removing gd32c10x_timer.o(i.timer_struct_para_init), (22 bytes).
    Removing gd32c10x_timer.o(i.timer_update_event_disable), (10 bytes).
    Removing gd32c10x_timer.o(i.timer_update_event_enable), (10 bytes).
    Removing gd32c10x_timer.o(i.timer_update_source_config), (26 bytes).
    Removing gd32c10x_timer.o(i.timer_write_chxval_register_config), (34 bytes).
    Removing gd32c10x_usart.o(.rev16_text), (4 bytes).
    Removing gd32c10x_usart.o(.revsh_text), (4 bytes).
    Removing gd32c10x_usart.o(i.usart_address_config), (20 bytes).
    Removing gd32c10x_usart.o(i.usart_block_length_config), (28 bytes).
    Removing gd32c10x_usart.o(i.usart_data_first_config), (20 bytes).
    Removing gd32c10x_usart.o(i.usart_data_receive), (10 bytes).
    Removing gd32c10x_usart.o(i.usart_disable), (10 bytes).
    Removing gd32c10x_usart.o(i.usart_dma_receive_config), (16 bytes).
    Removing gd32c10x_usart.o(i.usart_dma_transmit_config), (16 bytes).
    Removing gd32c10x_usart.o(i.usart_flag_clear), (26 bytes).
    Removing gd32c10x_usart.o(i.usart_guard_time_config), (24 bytes).
    Removing gd32c10x_usart.o(i.usart_halfduplex_disable), (10 bytes).
    Removing gd32c10x_usart.o(i.usart_halfduplex_enable), (10 bytes).
    Removing gd32c10x_usart.o(i.usart_hardware_flow_coherence_config), (24 bytes).
    Removing gd32c10x_usart.o(i.usart_hardware_flow_cts_config), (16 bytes).
    Removing gd32c10x_usart.o(i.usart_hardware_flow_rts_config), (16 bytes).
    Removing gd32c10x_usart.o(i.usart_interrupt_disable), (26 bytes).
    Removing gd32c10x_usart.o(i.usart_interrupt_enable), (26 bytes).
    Removing gd32c10x_usart.o(i.usart_interrupt_flag_clear), (26 bytes).
    Removing gd32c10x_usart.o(i.usart_interrupt_flag_get), (56 bytes).
    Removing gd32c10x_usart.o(i.usart_invert_config), (104 bytes).
    Removing gd32c10x_usart.o(i.usart_irda_lowpower_config), (20 bytes).
    Removing gd32c10x_usart.o(i.usart_irda_mode_disable), (10 bytes).
    Removing gd32c10x_usart.o(i.usart_irda_mode_enable), (10 bytes).
    Removing gd32c10x_usart.o(i.usart_lin_break_detection_length_config), (20 bytes).
    Removing gd32c10x_usart.o(i.usart_lin_mode_disable), (10 bytes).
    Removing gd32c10x_usart.o(i.usart_lin_mode_enable), (10 bytes).
    Removing gd32c10x_usart.o(i.usart_mute_mode_disable), (10 bytes).
    Removing gd32c10x_usart.o(i.usart_mute_mode_enable), (10 bytes).
    Removing gd32c10x_usart.o(i.usart_mute_mode_wakeup_config), (16 bytes).
    Removing gd32c10x_usart.o(i.usart_parity_config), (16 bytes).
    Removing gd32c10x_usart.o(i.usart_prescaler_config), (16 bytes).
    Removing gd32c10x_usart.o(i.usart_receiver_timeout_disable), (14 bytes).
    Removing gd32c10x_usart.o(i.usart_receiver_timeout_enable), (14 bytes).
    Removing gd32c10x_usart.o(i.usart_receiver_timeout_threshold_config), (20 bytes).
    Removing gd32c10x_usart.o(i.usart_send_break), (10 bytes).
    Removing gd32c10x_usart.o(i.usart_smartcard_autoretry_config), (26 bytes).
    Removing gd32c10x_usart.o(i.usart_smartcard_mode_disable), (10 bytes).
    Removing gd32c10x_usart.o(i.usart_smartcard_mode_enable), (10 bytes).
    Removing gd32c10x_usart.o(i.usart_smartcard_mode_nack_disable), (10 bytes).
    Removing gd32c10x_usart.o(i.usart_smartcard_mode_nack_enable), (10 bytes).
    Removing gd32c10x_usart.o(i.usart_stop_bit_set), (16 bytes).
    Removing gd32c10x_usart.o(i.usart_synchronous_clock_config), (34 bytes).
    Removing gd32c10x_usart.o(i.usart_synchronous_clock_disable), (10 bytes).
    Removing gd32c10x_usart.o(i.usart_synchronous_clock_enable), (10 bytes).
    Removing gd32c10x_usart.o(i.usart_word_length_set), (16 bytes).
    Removing gd32c10x_wwdgt.o(.rev16_text), (4 bytes).
    Removing gd32c10x_wwdgt.o(.revsh_text), (4 bytes).
    Removing gd32c10x_wwdgt.o(i.wwdgt_config), (28 bytes).
    Removing gd32c10x_wwdgt.o(i.wwdgt_counter_update), (16 bytes).
    Removing gd32c10x_wwdgt.o(i.wwdgt_deinit), (20 bytes).
    Removing gd32c10x_wwdgt.o(i.wwdgt_enable), (20 bytes).
    Removing gd32c10x_wwdgt.o(i.wwdgt_flag_clear), (12 bytes).
    Removing gd32c10x_wwdgt.o(i.wwdgt_flag_get), (24 bytes).
    Removing gd32c10x_wwdgt.o(i.wwdgt_interrupt_enable), (20 bytes).
    Removing startup_gd32c10x.o(HEAP), (1024 bytes).
    Removing gd32c10x_eval.o(.rev16_text), (4 bytes).
    Removing gd32c10x_eval.o(.revsh_text), (4 bytes).
    Removing gd32c10x_lcd_eval.o(.rev16_text), (4 bytes).
    Removing gd32c10x_lcd_eval.o(.revsh_text), (4 bytes).
    Removing gd32c10x_lcd_eval.o(i.exmc_lcd_init), (180 bytes).
    Removing gd32c10x_lcd_eval.o(i.gd_eval_lcd_init), (28 bytes).
    Removing gd32c10x_lcd_eval.o(i.lcd_char_display), (360 bytes).
    Removing gd32c10x_lcd_eval.o(i.lcd_clear), (38 bytes).
    Removing gd32c10x_lcd_eval.o(i.lcd_command_write), (8 bytes).
    Removing gd32c10x_lcd_eval.o(i.lcd_cursor_set), (24 bytes).
    Removing gd32c10x_lcd_eval.o(i.lcd_gram_read), (22 bytes).
    Removing gd32c10x_lcd_eval.o(i.lcd_gram_write), (8 bytes).
    Removing gd32c10x_lcd_eval.o(i.lcd_gram_write_prepare), (10 bytes).
    Removing gd32c10x_lcd_eval.o(i.lcd_hline_draw), (60 bytes).
    Removing gd32c10x_lcd_eval.o(i.lcd_init), (390 bytes).
    Removing gd32c10x_lcd_eval.o(i.lcd_picture_draw), (84 bytes).
    Removing gd32c10x_lcd_eval.o(i.lcd_point_get), (38 bytes).
    Removing gd32c10x_lcd_eval.o(i.lcd_point_set), (42 bytes).
    Removing gd32c10x_lcd_eval.o(i.lcd_rectangle_draw), (112 bytes).
    Removing gd32c10x_lcd_eval.o(i.lcd_rectangle_fill), (58 bytes).
    Removing gd32c10x_lcd_eval.o(i.lcd_register_read), (16 bytes).
    Removing gd32c10x_lcd_eval.o(i.lcd_register_write), (14 bytes).
    Removing gd32c10x_lcd_eval.o(i.lcd_windows_set), (52 bytes).
    Removing gd32c10x_lcd_eval.o(.data), (2 bytes).
    Removing lcd_font.o(.constdata), (6096 bytes).
    Removing dadd.o(.text), (334 bytes).
    Removing dmul.o(.text), (228 bytes).
    Removing ddiv.o(.text), (222 bytes).
    Removing dfixul.o(.text), (48 bytes).
    Removing cdrcmple.o(.text), (48 bytes).
    Removing depilogue.o(.text), (186 bytes).

610 unused section(s) (total 32890 bytes) removed from the image.

==============================================================================

Image Symbol Table

    Local Symbols

    Symbol Name                              Value     Ov Type        Size  Object(Section)

    ../clib/microlib/division.c              0x00000000   Number         0  uldiv.o ABSOLUTE
    ../clib/microlib/division.c              0x00000000   Number         0  uidiv.o ABSOLUTE
    ../clib/microlib/init/entry.s            0x00000000   Number         0  entry5.o ABSOLUTE
    ../clib/microlib/init/entry.s            0x00000000   Number         0  entry2.o ABSOLUTE
    ../clib/microlib/init/entry.s            0x00000000   Number         0  entry10a.o ABSOLUTE
    ../clib/microlib/init/entry.s            0x00000000   Number         0  entry11b.o ABSOLUTE
    ../clib/microlib/init/entry.s            0x00000000   Number         0  entry11a.o ABSOLUTE
    ../clib/microlib/init/entry.s            0x00000000   Number         0  entry10b.o ABSOLUTE
    ../clib/microlib/init/entry.s            0x00000000   Number         0  entry9b.o ABSOLUTE
    ../clib/microlib/init/entry.s            0x00000000   Number         0  entry9a.o ABSOLUTE
    ../clib/microlib/init/entry.s            0x00000000   Number         0  entry8b.o ABSOLUTE
    ../clib/microlib/init/entry.s            0x00000000   Number         0  entry.o ABSOLUTE
    ../clib/microlib/init/entry.s            0x00000000   Number         0  entry8a.o ABSOLUTE
    ../clib/microlib/init/entry.s            0x00000000   Number         0  entry7b.o ABSOLUTE
    ../clib/microlib/init/entry.s            0x00000000   Number         0  entry7a.o ABSOLUTE
    ../clib/microlib/longlong.c              0x00000000   Number         0  llsshr.o ABSOLUTE
    ../clib/microlib/longlong.c              0x00000000   Number         0  llushr.o ABSOLUTE
    ../clib/microlib/longlong.c              0x00000000   Number         0  llshl.o ABSOLUTE
    ../clib/microlib/printf/printf.c         0x00000000   Number         0  printf0.o ABSOLUTE
    ../clib/microlib/printf/printf.c         0x00000000   Number         0  printf1.o ABSOLUTE
    ../clib/microlib/printf/printf.c         0x00000000   Number         0  printf2.o ABSOLUTE
    ../clib/microlib/printf/printf.c         0x00000000   Number         0  printfb.o ABSOLUTE
    ../clib/microlib/printf/printf.c         0x00000000   Number         0  printf3.o ABSOLUTE
    ../clib/microlib/printf/printf.c         0x00000000   Number         0  printf5.o ABSOLUTE
    ../clib/microlib/printf/printf.c         0x00000000   Number         0  printf4.o ABSOLUTE
    ../clib/microlib/printf/printf.c         0x00000000   Number         0  printf8.o ABSOLUTE
    ../clib/microlib/printf/printf.c         0x00000000   Number         0  printfa.o ABSOLUTE
    ../clib/microlib/printf/printf.c         0x00000000   Number         0  printf6.o ABSOLUTE
    ../clib/microlib/printf/printf.c         0x00000000   Number         0  printf7.o ABSOLUTE
    ../clib/microlib/printf/stubs.s          0x00000000   Number         0  stubs.o ABSOLUTE
    ../clib/microlib/stdio/streams.c         0x00000000   Number         0  stdout.o ABSOLUTE
    ../clib/microlib/stubs.s                 0x00000000   Number         0  iusefp.o ABSOLUTE
    ../fplib/microlib/fpadd.c                0x00000000   Number         0  dadd.o ABSOLUTE
    ../fplib/microlib/fpdiv.c                0x00000000   Number         0  ddiv.o ABSOLUTE
    ../fplib/microlib/fpepilogue.c           0x00000000   Number         0  depilogue.o ABSOLUTE
    ../fplib/microlib/fpfix.c                0x00000000   Number         0  dfixul.o ABSOLUTE
    ../fplib/microlib/fpmul.c                0x00000000   Number         0  dmul.o ABSOLUTE
    ..\..\Firmware\CMSIS\GD\GD32C10x\Source\ARM\startup_gd32c10x.s 0x00000000   Number         0  startup_gd32c10x.o ABSOLUTE
    ..\..\Firmware\CMSIS\GD\GD32C10x\Source\system_gd32c10x.c 0x00000000   Number         0  system_gd32c10x.o ABSOLUTE
    ..\..\Firmware\GD32C10x_standard_peripheral\Source\gd32c10x_adc.c 0x00000000   Number         0  gd32c10x_adc.o ABSOLUTE
    ..\..\Firmware\GD32C10x_standard_peripheral\Source\gd32c10x_bkp.c 0x00000000   Number         0  gd32c10x_bkp.o ABSOLUTE
    ..\..\Firmware\GD32C10x_standard_peripheral\Source\gd32c10x_can.c 0x00000000   Number         0  gd32c10x_can.o ABSOLUTE
    ..\..\Firmware\GD32C10x_standard_peripheral\Source\gd32c10x_crc.c 0x00000000   Number         0  gd32c10x_crc.o ABSOLUTE
    ..\..\Firmware\GD32C10x_standard_peripheral\Source\gd32c10x_ctc.c 0x00000000   Number         0  gd32c10x_ctc.o ABSOLUTE
    ..\..\Firmware\GD32C10x_standard_peripheral\Source\gd32c10x_dac.c 0x00000000   Number         0  gd32c10x_dac.o ABSOLUTE
    ..\..\Firmware\GD32C10x_standard_peripheral\Source\gd32c10x_dbg.c 0x00000000   Number         0  gd32c10x_dbg.o ABSOLUTE
    ..\..\Firmware\GD32C10x_standard_peripheral\Source\gd32c10x_dma.c 0x00000000   Number         0  gd32c10x_dma.o ABSOLUTE
    ..\..\Firmware\GD32C10x_standard_peripheral\Source\gd32c10x_exmc.c 0x00000000   Number         0  gd32c10x_exmc.o ABSOLUTE
    ..\..\Firmware\GD32C10x_standard_peripheral\Source\gd32c10x_exti.c 0x00000000   Number         0  gd32c10x_exti.o ABSOLUTE
    ..\..\Firmware\GD32C10x_standard_peripheral\Source\gd32c10x_fmc.c 0x00000000   Number         0  gd32c10x_fmc.o ABSOLUTE
    ..\..\Firmware\GD32C10x_standard_peripheral\Source\gd32c10x_fwdgt.c 0x00000000   Number         0  gd32c10x_fwdgt.o ABSOLUTE
    ..\..\Firmware\GD32C10x_standard_peripheral\Source\gd32c10x_gpio.c 0x00000000   Number         0  gd32c10x_gpio.o ABSOLUTE
    ..\..\Firmware\GD32C10x_standard_peripheral\Source\gd32c10x_i2c.c 0x00000000   Number         0  gd32c10x_i2c.o ABSOLUTE
    ..\..\Firmware\GD32C10x_standard_peripheral\Source\gd32c10x_misc.c 0x00000000   Number         0  gd32c10x_misc.o ABSOLUTE
    ..\..\Firmware\GD32C10x_standard_peripheral\Source\gd32c10x_pmu.c 0x00000000   Number         0  gd32c10x_pmu.o ABSOLUTE
    ..\..\Firmware\GD32C10x_standard_peripheral\Source\gd32c10x_rcu.c 0x00000000   Number         0  gd32c10x_rcu.o ABSOLUTE
    ..\..\Firmware\GD32C10x_standard_peripheral\Source\gd32c10x_rtc.c 0x00000000   Number         0  gd32c10x_rtc.o ABSOLUTE
    ..\..\Firmware\GD32C10x_standard_peripheral\Source\gd32c10x_spi.c 0x00000000   Number         0  gd32c10x_spi.o ABSOLUTE
    ..\..\Firmware\GD32C10x_standard_peripheral\Source\gd32c10x_timer.c 0x00000000   Number         0  gd32c10x_timer.o ABSOLUTE
    ..\..\Firmware\GD32C10x_standard_peripheral\Source\gd32c10x_usart.c 0x00000000   Number         0  gd32c10x_usart.o ABSOLUTE
    ..\..\Firmware\GD32C10x_standard_peripheral\Source\gd32c10x_wwdgt.c 0x00000000   Number         0  gd32c10x_wwdgt.o ABSOLUTE
    ..\..\Utilities\LCD_Commom\lcd_font.c    0x00000000   Number         0  lcd_font.o ABSOLUTE
    ..\..\Utilities\gd32c10x_eval.c          0x00000000   Number         0  gd32c10x_eval.o ABSOLUTE
    ..\..\Utilities\gd32c10x_lcd_eval.c      0x00000000   Number         0  gd32c10x_lcd_eval.o ABSOLUTE
    ..\\..\\Firmware\\CMSIS\\GD\\GD32C10x\\Source\\system_gd32c10x.c 0x00000000   Number         0  system_gd32c10x.o ABSOLUTE
    ..\\..\\Firmware\\GD32C10x_standard_peripheral\\Source\\gd32c10x_adc.c 0x00000000   Number         0  gd32c10x_adc.o ABSOLUTE
    ..\\..\\Firmware\\GD32C10x_standard_peripheral\\Source\\gd32c10x_bkp.c 0x00000000   Number         0  gd32c10x_bkp.o ABSOLUTE
    ..\\..\\Firmware\\GD32C10x_standard_peripheral\\Source\\gd32c10x_can.c 0x00000000   Number         0  gd32c10x_can.o ABSOLUTE
    ..\\..\\Firmware\\GD32C10x_standard_peripheral\\Source\\gd32c10x_crc.c 0x00000000   Number         0  gd32c10x_crc.o ABSOLUTE
    ..\\..\\Firmware\\GD32C10x_standard_peripheral\\Source\\gd32c10x_ctc.c 0x00000000   Number         0  gd32c10x_ctc.o ABSOLUTE
    ..\\..\\Firmware\\GD32C10x_standard_peripheral\\Source\\gd32c10x_dac.c 0x00000000   Number         0  gd32c10x_dac.o ABSOLUTE
    ..\\..\\Firmware\\GD32C10x_standard_peripheral\\Source\\gd32c10x_dbg.c 0x00000000   Number         0  gd32c10x_dbg.o ABSOLUTE
    ..\\..\\Firmware\\GD32C10x_standard_peripheral\\Source\\gd32c10x_dma.c 0x00000000   Number         0  gd32c10x_dma.o ABSOLUTE
    ..\\..\\Firmware\\GD32C10x_standard_peripheral\\Source\\gd32c10x_exmc.c 0x00000000   Number         0  gd32c10x_exmc.o ABSOLUTE
    ..\\..\\Firmware\\GD32C10x_standard_peripheral\\Source\\gd32c10x_exti.c 0x00000000   Number         0  gd32c10x_exti.o ABSOLUTE
    ..\\..\\Firmware\\GD32C10x_standard_peripheral\\Source\\gd32c10x_fmc.c 0x00000000   Number         0  gd32c10x_fmc.o ABSOLUTE
    ..\\..\\Firmware\\GD32C10x_standard_peripheral\\Source\\gd32c10x_fwdgt.c 0x00000000   Number         0  gd32c10x_fwdgt.o ABSOLUTE
    ..\\..\\Firmware\\GD32C10x_standard_peripheral\\Source\\gd32c10x_gpio.c 0x00000000   Number         0  gd32c10x_gpio.o ABSOLUTE
    ..\\..\\Firmware\\GD32C10x_standard_peripheral\\Source\\gd32c10x_i2c.c 0x00000000   Number         0  gd32c10x_i2c.o ABSOLUTE
    ..\\..\\Firmware\\GD32C10x_standard_peripheral\\Source\\gd32c10x_misc.c 0x00000000   Number         0  gd32c10x_misc.o ABSOLUTE
    ..\\..\\Firmware\\GD32C10x_standard_peripheral\\Source\\gd32c10x_pmu.c 0x00000000   Number         0  gd32c10x_pmu.o ABSOLUTE
    ..\\..\\Firmware\\GD32C10x_standard_peripheral\\Source\\gd32c10x_rcu.c 0x00000000   Number         0  gd32c10x_rcu.o ABSOLUTE
    ..\\..\\Firmware\\GD32C10x_standard_peripheral\\Source\\gd32c10x_rtc.c 0x00000000   Number         0  gd32c10x_rtc.o ABSOLUTE
    ..\\..\\Firmware\\GD32C10x_standard_peripheral\\Source\\gd32c10x_spi.c 0x00000000   Number         0  gd32c10x_spi.o ABSOLUTE
    ..\\..\\Firmware\\GD32C10x_standard_peripheral\\Source\\gd32c10x_timer.c 0x00000000   Number         0  gd32c10x_timer.o ABSOLUTE
    ..\\..\\Firmware\\GD32C10x_standard_peripheral\\Source\\gd32c10x_usart.c 0x00000000   Number         0  gd32c10x_usart.o ABSOLUTE
    ..\\..\\Firmware\\GD32C10x_standard_peripheral\\Source\\gd32c10x_wwdgt.c 0x00000000   Number         0  gd32c10x_wwdgt.o ABSOLUTE
    ..\\..\\Utilities\\gd32c10x_eval.c       0x00000000   Number         0  gd32c10x_eval.o ABSOLUTE
    ..\\..\\Utilities\\gd32c10x_lcd_eval.c   0x00000000   Number         0  gd32c10x_lcd_eval.o ABSOLUTE
    ..\\gd32c10x_it.c                        0x00000000   Number         0  gd32c10x_it.o ABSOLUTE
    ..\\main.c                               0x00000000   Number         0  main.o ABSOLUTE
    ..\\systick.c                            0x00000000   Number         0  systick.o ABSOLUTE
    ..\gd32c10x_it.c                         0x00000000   Number         0  gd32c10x_it.o ABSOLUTE
    ..\main.c                                0x00000000   Number         0  main.o ABSOLUTE
    ..\systick.c                             0x00000000   Number         0  systick.o ABSOLUTE
    cdrcmple.s                               0x00000000   Number         0  cdrcmple.o ABSOLUTE
    dc.s                                     0x00000000   Number         0  dc.o ABSOLUTE
    handlers.s                               0x00000000   Number         0  handlers.o ABSOLUTE
    init.s                                   0x00000000   Number         0  init.o ABSOLUTE
    RESET                                    0x08000000   Section      336  startup_gd32c10x.o(RESET)
    .ARM.Collect$$$$00000000                 0x08000150   Section        0  entry.o(.ARM.Collect$$$$00000000)
    .ARM.Collect$$$$00000001                 0x08000150   Section        4  entry2.o(.ARM.Collect$$$$00000001)
    .ARM.Collect$$$$00000004                 0x08000154   Section        4  entry5.o(.ARM.Collect$$$$00000004)
    .ARM.Collect$$$$00000008                 0x08000158   Section        0  entry7b.o(.ARM.Collect$$$$00000008)
    .ARM.Collect$$$$0000000A                 0x08000158   Section        0  entry8b.o(.ARM.Collect$$$$0000000A)
    .ARM.Collect$$$$0000000B                 0x08000158   Section        8  entry9a.o(.ARM.Collect$$$$0000000B)
    .ARM.Collect$$$$0000000D                 0x08000160   Section        0  entry10a.o(.ARM.Collect$$$$0000000D)
    .ARM.Collect$$$$0000000F                 0x08000160   Section        0  entry11a.o(.ARM.Collect$$$$0000000F)
    .ARM.Collect$$$$00002712                 0x08000160   Section        4  entry2.o(.ARM.Collect$$$$00002712)
    __lit__00000000                          0x08000160   Data           4  entry2.o(.ARM.Collect$$$$00002712)
    .text                                    0x08000164   Section       36  startup_gd32c10x.o(.text)
    $v0                                      0x08000164   Number         0  startup_gd32c10x.o(.text)
    .text                                    0x08000188   Section        0  uidiv.o(.text)
    .text                                    0x080001b4   Section       36  init.o(.text)
    i.BusFault_Handler                       0x080001d8   Section        0  gd32c10x_it.o(i.BusFault_Handler)
    i.DebugMon_Handler                       0x080001dc   Section        0  gd32c10x_it.o(i.DebugMon_Handler)
    i.HardFault_Handler                      0x080001de   Section        0  gd32c10x_it.o(i.HardFault_Handler)
    i.MemManage_Handler                      0x080001e2   Section        0  gd32c10x_it.o(i.MemManage_Handler)
    i.NMI_Handler                            0x080001e6   Section        0  gd32c10x_it.o(i.NMI_Handler)
    i.NVIC_SetPriority                       0x080001e8   Section        0  systick.o(i.NVIC_SetPriority)
    NVIC_SetPriority                         0x080001e9   Thumb Code    32  systick.o(i.NVIC_SetPriority)
    i.PendSV_Handler                         0x08000210   Section        0  gd32c10x_it.o(i.PendSV_Handler)
    i.SVC_Handler                            0x08000212   Section        0  gd32c10x_it.o(i.SVC_Handler)
    i.SysTick_Handler                        0x08000214   Section        0  gd32c10x_it.o(i.SysTick_Handler)
    i.SystemInit                             0x08000220   Section        0  system_gd32c10x.o(i.SystemInit)
    i.UsageFault_Handler                     0x080002c4   Section        0  gd32c10x_it.o(i.UsageFault_Handler)
    i.__0printf$1                            0x080002c8   Section        0  printf1.o(i.__0printf$1)
    i.__scatterload_copy                     0x080002e8   Section       14  handlers.o(i.__scatterload_copy)
    i.__scatterload_null                     0x080002f6   Section        2  handlers.o(i.__scatterload_null)
    i.__scatterload_zeroinit                 0x080002f8   Section       14  handlers.o(i.__scatterload_zeroinit)
    i._printf_core                           0x08000308   Section        0  printf1.o(i._printf_core)
    _printf_core                             0x08000309   Thumb Code   336  printf1.o(i._printf_core)
    i.delay_1ms                              0x0800045c   Section        0  systick.o(i.delay_1ms)
    i.delay_decrement                        0x08000470   Section        0  systick.o(i.delay_decrement)
    i.exti_init                              0x08000488   Section        0  gd32c10x_exti.o(i.exti_init)
    i.exti_interrupt_flag_clear              0x08000540   Section        0  gd32c10x_exti.o(i.exti_interrupt_flag_clear)
    i.fputc                                  0x0800054c   Section        0  main.o(i.fputc)
    i.gd_eval_com_init                       0x08000570   Section        0  gd32c10x_eval.o(i.gd_eval_com_init)
    i.gd_eval_key_init                       0x0800060c   Section        0  gd32c10x_eval.o(i.gd_eval_key_init)
    i.gd_eval_key_state_get                  0x0800068c   Section        0  gd32c10x_eval.o(i.gd_eval_key_state_get)
    i.gd_eval_led_init                       0x080006ac   Section        0  gd32c10x_eval.o(i.gd_eval_led_init)
    i.gd_eval_led_off                        0x080006ec   Section        0  gd32c10x_eval.o(i.gd_eval_led_off)
    i.gd_eval_led_on                         0x08000704   Section        0  gd32c10x_eval.o(i.gd_eval_led_on)
    i.gd_eval_led_toggle                     0x0800071c   Section        0  gd32c10x_eval.o(i.gd_eval_led_toggle)
    i.gpio_bit_write                         0x08000754   Section        0  gd32c10x_gpio.o(i.gpio_bit_write)
    i.gpio_exti_source_select                0x08000760   Section        0  gd32c10x_gpio.o(i.gpio_exti_source_select)
    i.gpio_init                              0x080007f8   Section        0  gd32c10x_gpio.o(i.gpio_init)
    i.gpio_input_bit_get                     0x080008b4   Section        0  gd32c10x_gpio.o(i.gpio_input_bit_get)
    i.led_spark                              0x080008c4   Section        0  main.o(i.led_spark)
    i.main                                   0x08000900   Section        0  main.o(i.main)
    i.nvic_irq_enable                        0x080009d0   Section        0  gd32c10x_misc.o(i.nvic_irq_enable)
    i.nvic_priority_group_set                0x08000a7c   Section        0  gd32c10x_misc.o(i.nvic_priority_group_set)
    i.nvic_vector_table_set                  0x08000a90   Section        0  gd32c10x_misc.o(i.nvic_vector_table_set)
    i.rcu_clock_freq_get                     0x08000aa8   Section        0  gd32c10x_rcu.o(i.rcu_clock_freq_get)
    i.rcu_periph_clock_enable                0x08000c28   Section        0  gd32c10x_rcu.o(i.rcu_periph_clock_enable)
    i.rcu_periph_reset_disable               0x08000c48   Section        0  gd32c10x_rcu.o(i.rcu_periph_reset_disable)
    i.rcu_periph_reset_enable                0x08000c68   Section        0  gd32c10x_rcu.o(i.rcu_periph_reset_enable)
    i.system_clock_120m_hxtal                0x08000c88   Section        0  system_gd32c10x.o(i.system_clock_120m_hxtal)
    system_clock_120m_hxtal                  0x08000c89   Thumb Code   226  system_gd32c10x.o(i.system_clock_120m_hxtal)
    i.system_clock_config                    0x08000d84   Section        0  system_gd32c10x.o(i.system_clock_config)
    system_clock_config                      0x08000d85   Thumb Code     8  system_gd32c10x.o(i.system_clock_config)
    i.systick_config                         0x08000d8c   Section        0  systick.o(i.systick_config)
    i.usart_baudrate_set                     0x08000ddc   Section        0  gd32c10x_usart.o(i.usart_baudrate_set)
    i.usart_data_transmit                    0x08000e6c   Section        0  gd32c10x_usart.o(i.usart_data_transmit)
    i.usart_deinit                           0x08000e74   Section        0  gd32c10x_usart.o(i.usart_deinit)
    i.usart_enable                           0x08000f04   Section        0  gd32c10x_usart.o(i.usart_enable)
    i.usart_flag_get                         0x08000f0e   Section        0  gd32c10x_usart.o(i.usart_flag_get)
    i.usart_receive_config                   0x08000f2c   Section        0  gd32c10x_usart.o(i.usart_receive_config)
    i.usart_transmit_config                  0x08000f3c   Section        0  gd32c10x_usart.o(i.usart_transmit_config)
    .data                                    0x20000000   Section        4  main.o(.data)
    timingdelaylocal                         0x20000000   Data           4  main.o(.data)
    .data                                    0x20000004   Section        4  systick.o(.data)
    delay                                    0x20000004   Data           4  systick.o(.data)
    .data                                    0x20000008   Section        4  system_gd32c10x.o(.data)
    .data                                    0x2000000c   Section      125  gd32c10x_eval.o(.data)
    GPIO_PORT                                0x2000000c   Data          16  gd32c10x_eval.o(.data)
    GPIO_PIN                                 0x2000001c   Data          16  gd32c10x_eval.o(.data)
    COM_CLK                                  0x2000002c   Data           4  gd32c10x_eval.o(.data)
    COM_TX_PIN                               0x20000030   Data           8  gd32c10x_eval.o(.data)
    COM_RX_PIN                               0x20000038   Data           8  gd32c10x_eval.o(.data)
    COM_GPIO_PORT                            0x20000040   Data           8  gd32c10x_eval.o(.data)
    COM_GPIO_CLK                             0x20000048   Data           4  gd32c10x_eval.o(.data)
    GPIO_CLK                                 0x2000004c   Data           8  gd32c10x_eval.o(.data)
    KEY_PORT                                 0x20000054   Data          12  gd32c10x_eval.o(.data)
    KEY_PIN                                  0x20000060   Data          12  gd32c10x_eval.o(.data)
    KEY_CLK                                  0x2000006c   Data           6  gd32c10x_eval.o(.data)
    KEY_EXTI_LINE                            0x20000074   Data          12  gd32c10x_eval.o(.data)
    KEY_PORT_SOURCE                          0x20000080   Data           3  gd32c10x_eval.o(.data)
    KEY_PIN_SOURCE                           0x20000083   Data           3  gd32c10x_eval.o(.data)
    KEY_IRQn                                 0x20000086   Data           3  gd32c10x_eval.o(.data)
    .data                                    0x2000008c   Section        4  stdout.o(.data)
    STACK                                    0x20000090   Section     1024  startup_gd32c10x.o(STACK)

    Global Symbols

    Symbol Name                              Value     Ov Type        Size  Object(Section)

    BuildAttributes$$THM_ISAv4$E$P$D$K$B$S$7EM$VFPi3$EXTD16$VFPS$VFMA$PE$A:L22UL41UL21$X:L11$S22US41US21$IEEE1$IW$USESV6$~STKCKD$USESV7$~SHL$OSPACE$ROPI$EBA8$MICROLIB$REQ8$PRES8$EABIv2 0x00000000   Number         0  anon$$obj.o ABSOLUTE
    __ARM_use_no_argv                        0x00000000   Number         0  main.o ABSOLUTE
    _printf_a                                0x00000000   Number         0  stubs.o ABSOLUTE
    _printf_c                                0x00000000   Number         0  stubs.o ABSOLUTE
    _printf_charcount                        0x00000000   Number         0  stubs.o ABSOLUTE
    _printf_d                                0x00000000   Number         0  stubs.o ABSOLUTE
    _printf_e                                0x00000000   Number         0  stubs.o ABSOLUTE
    _printf_f                                0x00000000   Number         0  stubs.o ABSOLUTE
    _printf_flags                            0x00000000   Number         0  stubs.o ABSOLUTE
    _printf_fp_dec                           0x00000000   Number         0  stubs.o ABSOLUTE
    _printf_fp_hex                           0x00000000   Number         0  stubs.o ABSOLUTE
    _printf_g                                0x00000000   Number         0  stubs.o ABSOLUTE
    _printf_i                                0x00000000   Number         0  stubs.o ABSOLUTE
    _printf_int_dec                          0x00000000   Number         0  stubs.o ABSOLUTE
    _printf_l                                0x00000000   Number         0  stubs.o ABSOLUTE
    _printf_lc                               0x00000000   Number         0  stubs.o ABSOLUTE
    _printf_ll                               0x00000000   Number         0  stubs.o ABSOLUTE
    _printf_lld                              0x00000000   Number         0  stubs.o ABSOLUTE
    _printf_lli                              0x00000000   Number         0  stubs.o ABSOLUTE
    _printf_llo                              0x00000000   Number         0  stubs.o ABSOLUTE
    _printf_llu                              0x00000000   Number         0  stubs.o ABSOLUTE
    _printf_llx                              0x00000000   Number         0  stubs.o ABSOLUTE
    _printf_longlong_dec                     0x00000000   Number         0  stubs.o ABSOLUTE
    _printf_longlong_hex                     0x00000000   Number         0  stubs.o ABSOLUTE
    _printf_longlong_oct                     0x00000000   Number         0  stubs.o ABSOLUTE
    _printf_ls                               0x00000000   Number         0  stubs.o ABSOLUTE
    _printf_mbtowc                           0x00000000   Number         0  stubs.o ABSOLUTE
    _printf_n                                0x00000000   Number         0  stubs.o ABSOLUTE
    _printf_o                                0x00000000   Number         0  stubs.o ABSOLUTE
    _printf_p                                0x00000000   Number         0  stubs.o ABSOLUTE
    _printf_percent                          0x00000000   Number         0  stubs.o ABSOLUTE
    _printf_pre_padding                      0x00000000   Number         0  stubs.o ABSOLUTE
    _printf_return_value                     0x00000000   Number         0  stubs.o ABSOLUTE
    _printf_s                                0x00000000   Number         0  stubs.o ABSOLUTE
    _printf_sizespec                         0x00000000   Number         0  stubs.o ABSOLUTE
    _printf_str                              0x00000000   Number         0  stubs.o ABSOLUTE
    _printf_truncate_signed                  0x00000000   Number         0  stubs.o ABSOLUTE
    _printf_truncate_unsigned                0x00000000   Number         0  stubs.o ABSOLUTE
    _printf_u                                0x00000000   Number         0  stubs.o ABSOLUTE
    _printf_wc                               0x00000000   Number         0  stubs.o ABSOLUTE
    _printf_wctomb                           0x00000000   Number         0  stubs.o ABSOLUTE
    _printf_widthprec                        0x00000000   Number         0  stubs.o ABSOLUTE
    _printf_x                                0x00000000   Number         0  stubs.o ABSOLUTE
    __cpp_initialize__aeabi_                  - Undefined Weak Reference
    __cxa_finalize                            - Undefined Weak Reference
    __decompress                              - Undefined Weak Reference
    _clock_init                               - Undefined Weak Reference
    _microlib_exit                            - Undefined Weak Reference
    __Vectors_Size                           0x00000150   Number         0  startup_gd32c10x.o ABSOLUTE
    __Vectors                                0x08000000   Data           4  startup_gd32c10x.o(RESET)
    __Vectors_End                            0x08000150   Data           0  startup_gd32c10x.o(RESET)
    __main                                   0x08000151   Thumb Code     0  entry.o(.ARM.Collect$$$$00000000)
    _main_stk                                0x08000151   Thumb Code     0  entry2.o(.ARM.Collect$$$$00000001)
    _main_scatterload                        0x08000155   Thumb Code     0  entry5.o(.ARM.Collect$$$$00000004)
    __main_after_scatterload                 0x08000159   Thumb Code     0  entry5.o(.ARM.Collect$$$$00000004)
    _main_clock                              0x08000159   Thumb Code     0  entry7b.o(.ARM.Collect$$$$00000008)
    _main_cpp_init                           0x08000159   Thumb Code     0  entry8b.o(.ARM.Collect$$$$0000000A)
    _main_init                               0x08000159   Thumb Code     0  entry9a.o(.ARM.Collect$$$$0000000B)
    __rt_final_cpp                           0x08000161   Thumb Code     0  entry10a.o(.ARM.Collect$$$$0000000D)
    __rt_final_exit                          0x08000161   Thumb Code     0  entry11a.o(.ARM.Collect$$$$0000000F)
    Reset_Handler                            0x08000165   Thumb Code     8  startup_gd32c10x.o(.text)
    ADC0_1_IRQHandler                        0x0800017f   Thumb Code     0  startup_gd32c10x.o(.text)
    CAN0_EWMC_IRQHandler                     0x0800017f   Thumb Code     0  startup_gd32c10x.o(.text)
    CAN0_RX0_IRQHandler                      0x0800017f   Thumb Code     0  startup_gd32c10x.o(.text)
    CAN0_RX1_IRQHandler                      0x0800017f   Thumb Code     0  startup_gd32c10x.o(.text)
    CAN0_TX_IRQHandler                       0x0800017f   Thumb Code     0  startup_gd32c10x.o(.text)
    CAN1_EWMC_IRQHandler                     0x0800017f   Thumb Code     0  startup_gd32c10x.o(.text)
    CAN1_RX0_IRQHandler                      0x0800017f   Thumb Code     0  startup_gd32c10x.o(.text)
    CAN1_RX1_IRQHandler                      0x0800017f   Thumb Code     0  startup_gd32c10x.o(.text)
    CAN1_TX_IRQHandler                       0x0800017f   Thumb Code     0  startup_gd32c10x.o(.text)
    DMA0_Channel0_IRQHandler                 0x0800017f   Thumb Code     0  startup_gd32c10x.o(.text)
    DMA0_Channel1_IRQHandler                 0x0800017f   Thumb Code     0  startup_gd32c10x.o(.text)
    DMA0_Channel2_IRQHandler                 0x0800017f   Thumb Code     0  startup_gd32c10x.o(.text)
    DMA0_Channel3_IRQHandler                 0x0800017f   Thumb Code     0  startup_gd32c10x.o(.text)
    DMA0_Channel4_IRQHandler                 0x0800017f   Thumb Code     0  startup_gd32c10x.o(.text)
    DMA0_Channel5_IRQHandler                 0x0800017f   Thumb Code     0  startup_gd32c10x.o(.text)
    DMA0_Channel6_IRQHandler                 0x0800017f   Thumb Code     0  startup_gd32c10x.o(.text)
    DMA1_Channel0_IRQHandler                 0x0800017f   Thumb Code     0  startup_gd32c10x.o(.text)
    DMA1_Channel1_IRQHandler                 0x0800017f   Thumb Code     0  startup_gd32c10x.o(.text)
    DMA1_Channel2_IRQHandler                 0x0800017f   Thumb Code     0  startup_gd32c10x.o(.text)
    DMA1_Channel3_IRQHandler                 0x0800017f   Thumb Code     0  startup_gd32c10x.o(.text)
    DMA1_Channel4_IRQHandler                 0x0800017f   Thumb Code     0  startup_gd32c10x.o(.text)
    EXMC_IRQHandler                          0x0800017f   Thumb Code     0  startup_gd32c10x.o(.text)
    EXTI0_IRQHandler                         0x0800017f   Thumb Code     0  startup_gd32c10x.o(.text)
    EXTI10_15_IRQHandler                     0x0800017f   Thumb Code     0  startup_gd32c10x.o(.text)
    EXTI1_IRQHandler                         0x0800017f   Thumb Code     0  startup_gd32c10x.o(.text)
    EXTI2_IRQHandler                         0x0800017f   Thumb Code     0  startup_gd32c10x.o(.text)
    EXTI3_IRQHandler                         0x0800017f   Thumb Code     0  startup_gd32c10x.o(.text)
    EXTI4_IRQHandler                         0x0800017f   Thumb Code     0  startup_gd32c10x.o(.text)
    EXTI5_9_IRQHandler                       0x0800017f   Thumb Code     0  startup_gd32c10x.o(.text)
    FMC_IRQHandler                           0x0800017f   Thumb Code     0  startup_gd32c10x.o(.text)
    I2C0_ER_IRQHandler                       0x0800017f   Thumb Code     0  startup_gd32c10x.o(.text)
    I2C0_EV_IRQHandler                       0x0800017f   Thumb Code     0  startup_gd32c10x.o(.text)
    I2C1_ER_IRQHandler                       0x0800017f   Thumb Code     0  startup_gd32c10x.o(.text)
    I2C1_EV_IRQHandler                       0x0800017f   Thumb Code     0  startup_gd32c10x.o(.text)
    LVD_IRQHandler                           0x0800017f   Thumb Code     0  startup_gd32c10x.o(.text)
    RCU_CTC_IRQHandler                       0x0800017f   Thumb Code     0  startup_gd32c10x.o(.text)
    RTC_Alarm_IRQHandler                     0x0800017f   Thumb Code     0  startup_gd32c10x.o(.text)
    RTC_IRQHandler                           0x0800017f   Thumb Code     0  startup_gd32c10x.o(.text)
    SPI0_IRQHandler                          0x0800017f   Thumb Code     0  startup_gd32c10x.o(.text)
    SPI1_IRQHandler                          0x0800017f   Thumb Code     0  startup_gd32c10x.o(.text)
    SPI2_IRQHandler                          0x0800017f   Thumb Code     0  startup_gd32c10x.o(.text)
    TAMPER_IRQHandler                        0x0800017f   Thumb Code     0  startup_gd32c10x.o(.text)
    TIMER0_BRK_TIMER8_IRQHandler             0x0800017f   Thumb Code     0  startup_gd32c10x.o(.text)
    TIMER0_Channel_IRQHandler                0x0800017f   Thumb Code     0  startup_gd32c10x.o(.text)
    TIMER0_TRG_CMT_TIMER10_IRQHandler        0x0800017f   Thumb Code     0  startup_gd32c10x.o(.text)
    TIMER0_UP_TIMER9_IRQHandler              0x0800017f   Thumb Code     0  startup_gd32c10x.o(.text)
    TIMER1_IRQHandler                        0x0800017f   Thumb Code     0  startup_gd32c10x.o(.text)
    TIMER2_IRQHandler                        0x0800017f   Thumb Code     0  startup_gd32c10x.o(.text)
    TIMER3_IRQHandler                        0x0800017f   Thumb Code     0  startup_gd32c10x.o(.text)
    TIMER4_IRQHandler                        0x0800017f   Thumb Code     0  startup_gd32c10x.o(.text)
    TIMER5_IRQHandler                        0x0800017f   Thumb Code     0  startup_gd32c10x.o(.text)
    TIMER6_IRQHandler                        0x0800017f   Thumb Code     0  startup_gd32c10x.o(.text)
    TIMER7_BRK_TIMER11_IRQHandler            0x0800017f   Thumb Code     0  startup_gd32c10x.o(.text)
    TIMER7_Channel_IRQHandler                0x0800017f   Thumb Code     0  startup_gd32c10x.o(.text)
    TIMER7_TRG_CMT_TIMER13_IRQHandler        0x0800017f   Thumb Code     0  startup_gd32c10x.o(.text)
    TIMER7_UP_TIMER12_IRQHandler             0x0800017f   Thumb Code     0  startup_gd32c10x.o(.text)
    UART3_IRQHandler                         0x0800017f   Thumb Code     0  startup_gd32c10x.o(.text)
    UART4_IRQHandler                         0x0800017f   Thumb Code     0  startup_gd32c10x.o(.text)
    USART0_IRQHandler                        0x0800017f   Thumb Code     0  startup_gd32c10x.o(.text)
    USART1_IRQHandler                        0x0800017f   Thumb Code     0  startup_gd32c10x.o(.text)
    USART2_IRQHandler                        0x0800017f   Thumb Code     0  startup_gd32c10x.o(.text)
    USBFS_IRQHandler                         0x0800017f   Thumb Code     0  startup_gd32c10x.o(.text)
    USBFS_WKUP_IRQHandler                    0x0800017f   Thumb Code     0  startup_gd32c10x.o(.text)
    WWDGT_IRQHandler                         0x0800017f   Thumb Code     0  startup_gd32c10x.o(.text)
    __aeabi_uidiv                            0x08000189   Thumb Code     0  uidiv.o(.text)
    __aeabi_uidivmod                         0x08000189   Thumb Code    44  uidiv.o(.text)
    __scatterload                            0x080001b5   Thumb Code    28  init.o(.text)
    __scatterload_rt2                        0x080001b5   Thumb Code     0  init.o(.text)
    BusFault_Handler                         0x080001d9   Thumb Code     4  gd32c10x_it.o(i.BusFault_Handler)
    DebugMon_Handler                         0x080001dd   Thumb Code     2  gd32c10x_it.o(i.DebugMon_Handler)
    HardFault_Handler                        0x080001df   Thumb Code     4  gd32c10x_it.o(i.HardFault_Handler)
    MemManage_Handler                        0x080001e3   Thumb Code     4  gd32c10x_it.o(i.MemManage_Handler)
    NMI_Handler                              0x080001e7   Thumb Code     2  gd32c10x_it.o(i.NMI_Handler)
    PendSV_Handler                           0x08000211   Thumb Code     2  gd32c10x_it.o(i.PendSV_Handler)
    SVC_Handler                              0x08000213   Thumb Code     2  gd32c10x_it.o(i.SVC_Handler)
    SysTick_Handler                          0x08000215   Thumb Code    12  gd32c10x_it.o(i.SysTick_Handler)
    SystemInit                               0x08000221   Thumb Code   150  system_gd32c10x.o(i.SystemInit)
    UsageFault_Handler                       0x080002c5   Thumb Code     4  gd32c10x_it.o(i.UsageFault_Handler)
    __0printf$1                              0x080002c9   Thumb Code    22  printf1.o(i.__0printf$1)
    __1printf$1                              0x080002c9   Thumb Code     0  printf1.o(i.__0printf$1)
    __2printf                                0x080002c9   Thumb Code     0  printf1.o(i.__0printf$1)
    __scatterload_copy                       0x080002e9   Thumb Code    14  handlers.o(i.__scatterload_copy)
    __scatterload_null                       0x080002f7   Thumb Code     2  handlers.o(i.__scatterload_null)
    __scatterload_zeroinit                   0x080002f9   Thumb Code    14  handlers.o(i.__scatterload_zeroinit)
    delay_1ms                                0x0800045d   Thumb Code    16  systick.o(i.delay_1ms)
    delay_decrement                          0x08000471   Thumb Code    18  systick.o(i.delay_decrement)
    exti_init                                0x08000489   Thumb Code   178  gd32c10x_exti.o(i.exti_init)
    exti_interrupt_flag_clear                0x08000541   Thumb Code     6  gd32c10x_exti.o(i.exti_interrupt_flag_clear)
    fputc                                    0x0800054d   Thumb Code    32  main.o(i.fputc)
    gd_eval_com_init                         0x08000571   Thumb Code   126  gd32c10x_eval.o(i.gd_eval_com_init)
    gd_eval_key_init                         0x0800060d   Thumb Code    98  gd32c10x_eval.o(i.gd_eval_key_init)
    gd_eval_key_state_get                    0x0800068d   Thumb Code    22  gd32c10x_eval.o(i.gd_eval_key_state_get)
    gd_eval_led_init                         0x080006ad   Thumb Code    50  gd32c10x_eval.o(i.gd_eval_led_init)
    gd_eval_led_off                          0x080006ed   Thumb Code    16  gd32c10x_eval.o(i.gd_eval_led_off)
    gd_eval_led_on                           0x08000705   Thumb Code    16  gd32c10x_eval.o(i.gd_eval_led_on)
    gd_eval_led_toggle                       0x0800071d   Thumb Code    46  gd32c10x_eval.o(i.gd_eval_led_toggle)
    gpio_bit_write                           0x08000755   Thumb Code    10  gd32c10x_gpio.o(i.gpio_bit_write)
    gpio_exti_source_select                  0x08000761   Thumb Code   146  gd32c10x_gpio.o(i.gpio_exti_source_select)
    gpio_init                                0x080007f9   Thumb Code   188  gd32c10x_gpio.o(i.gpio_init)
    gpio_input_bit_get                       0x080008b5   Thumb Code    16  gd32c10x_gpio.o(i.gpio_input_bit_get)
    led_spark                                0x080008c5   Thumb Code    54  main.o(i.led_spark)
    main                                     0x08000901   Thumb Code   138  main.o(i.main)
    nvic_irq_enable                          0x080009d1   Thumb Code   162  gd32c10x_misc.o(i.nvic_irq_enable)
    nvic_priority_group_set                  0x08000a7d   Thumb Code    10  gd32c10x_misc.o(i.nvic_priority_group_set)
    nvic_vector_table_set                    0x08000a91   Thumb Code    16  gd32c10x_misc.o(i.nvic_vector_table_set)
    rcu_clock_freq_get                       0x08000aa9   Thumb Code   352  gd32c10x_rcu.o(i.rcu_clock_freq_get)
    rcu_periph_clock_enable                  0x08000c29   Thumb Code    28  gd32c10x_rcu.o(i.rcu_periph_clock_enable)
    rcu_periph_reset_disable                 0x08000c49   Thumb Code    28  gd32c10x_rcu.o(i.rcu_periph_reset_disable)
    rcu_periph_reset_enable                  0x08000c69   Thumb Code    28  gd32c10x_rcu.o(i.rcu_periph_reset_enable)
    systick_config                           0x08000d8d   Thumb Code    74  systick.o(i.systick_config)
    usart_baudrate_set                       0x08000ddd   Thumb Code   136  gd32c10x_usart.o(i.usart_baudrate_set)
    usart_data_transmit                      0x08000e6d   Thumb Code     8  gd32c10x_usart.o(i.usart_data_transmit)
    usart_deinit                             0x08000e75   Thumb Code   136  gd32c10x_usart.o(i.usart_deinit)
    usart_enable                             0x08000f05   Thumb Code    10  gd32c10x_usart.o(i.usart_enable)
    usart_flag_get                           0x08000f0f   Thumb Code    30  gd32c10x_usart.o(i.usart_flag_get)
    usart_receive_config                     0x08000f2d   Thumb Code    16  gd32c10x_usart.o(i.usart_receive_config)
    usart_transmit_config                    0x08000f3d   Thumb Code    16  gd32c10x_usart.o(i.usart_transmit_config)
    Region$$Table$$Base                      0x08000f4c   Number         0  anon$$obj.o(Region$$Table)
    Region$$Table$$Limit                     0x08000f6c   Number         0  anon$$obj.o(Region$$Table)
    SystemCoreClock                          0x20000008   Data           4  system_gd32c10x.o(.data)
    __stdout                                 0x2000008c   Data           4  stdout.o(.data)
    __initial_sp                             0x20000490   Data           0  startup_gd32c10x.o(STACK)



==============================================================================

Memory Map of the image

  Image Entry point : 0x08000151

  Load Region LR_IROM1 (Base: 0x08000000, Size: 0x00000ffc, Max: 0x00020000, ABSOLUTE)

    Execution Region ER_IROM1 (Exec base: 0x08000000, Load base: 0x08000000, Size: 0x00000f6c, Max: 0x00020000, ABSOLUTE)

    Exec Addr    Load Addr    Size         Type   Attr      Idx    E Section Name        Object

    0x08000000   0x08000000   0x00000150   Data   RO         3989    RESET               startup_gd32c10x.o
    0x08000150   0x08000150   0x00000000   Code   RO         4205  * .ARM.Collect$$$$00000000  mc_w.l(entry.o)
    0x08000150   0x08000150   0x00000004   Code   RO         4469    .ARM.Collect$$$$00000001  mc_w.l(entry2.o)
    0x08000154   0x08000154   0x00000004   Code   RO         4472    .ARM.Collect$$$$00000004  mc_w.l(entry5.o)
    0x08000158   0x08000158   0x00000000   Code   RO         4474    .ARM.Collect$$$$00000008  mc_w.l(entry7b.o)
    0x08000158   0x08000158   0x00000000   Code   RO         4476    .ARM.Collect$$$$0000000A  mc_w.l(entry8b.o)
    0x08000158   0x08000158   0x00000008   Code   RO         4477    .ARM.Collect$$$$0000000B  mc_w.l(entry9a.o)
    0x08000160   0x08000160   0x00000000   Code   RO         4479    .ARM.Collect$$$$0000000D  mc_w.l(entry10a.o)
    0x08000160   0x08000160   0x00000000   Code   RO         4481    .ARM.Collect$$$$0000000F  mc_w.l(entry11a.o)
    0x08000160   0x08000160   0x00000004   Code   RO         4470    .ARM.Collect$$$$00002712  mc_w.l(entry2.o)
    0x08000164   0x08000164   0x00000024   Code   RO         3990    .text               startup_gd32c10x.o
    0x08000188   0x08000188   0x0000002c   Code   RO         4484    .text               mc_w.l(uidiv.o)
    0x080001b4   0x080001b4   0x00000024   Code   RO         4499    .text               mc_w.l(init.o)
    0x080001d8   0x080001d8   0x00000004   Code   RO          199    i.BusFault_Handler  gd32c10x_it.o
    0x080001dc   0x080001dc   0x00000002   Code   RO          200    i.DebugMon_Handler  gd32c10x_it.o
    0x080001de   0x080001de   0x00000004   Code   RO          201    i.HardFault_Handler  gd32c10x_it.o
    0x080001e2   0x080001e2   0x00000004   Code   RO          202    i.MemManage_Handler  gd32c10x_it.o
    0x080001e6   0x080001e6   0x00000002   Code   RO          203    i.NMI_Handler       gd32c10x_it.o
    0x080001e8   0x080001e8   0x00000028   Code   RO          144    i.NVIC_SetPriority  systick.o
    0x08000210   0x08000210   0x00000002   Code   RO          204    i.PendSV_Handler    gd32c10x_it.o
    0x08000212   0x08000212   0x00000002   Code   RO          205    i.SVC_Handler       gd32c10x_it.o
    0x08000214   0x08000214   0x0000000c   Code   RO          206    i.SysTick_Handler   gd32c10x_it.o
    0x08000220   0x08000220   0x000000a4   Code   RO          271    i.SystemInit        system_gd32c10x.o
    0x080002c4   0x080002c4   0x00000004   Code   RO          207    i.UsageFault_Handler  gd32c10x_it.o
    0x080002c8   0x080002c8   0x00000020   Code   RO         4253    i.__0printf$1       mc_w.l(printf1.o)
    0x080002e8   0x080002e8   0x0000000e   Code   RO         4511    i.__scatterload_copy  mc_w.l(handlers.o)
    0x080002f6   0x080002f6   0x00000002   Code   RO         4512    i.__scatterload_null  mc_w.l(handlers.o)
    0x080002f8   0x080002f8   0x0000000e   Code   RO         4513    i.__scatterload_zeroinit  mc_w.l(handlers.o)
    0x08000306   0x08000306   0x00000002   PAD
    0x08000308   0x08000308   0x00000154   Code   RO         4260    i._printf_core      mc_w.l(printf1.o)
    0x0800045c   0x0800045c   0x00000014   Code   RO          145    i.delay_1ms         systick.o
    0x08000470   0x08000470   0x00000018   Code   RO          146    i.delay_decrement   systick.o
    0x08000488   0x08000488   0x000000b8   Code   RO         1659    i.exti_init         gd32c10x_exti.o
    0x08000540   0x08000540   0x0000000c   Code   RO         1662    i.exti_interrupt_flag_clear  gd32c10x_exti.o
    0x0800054c   0x0800054c   0x00000024   Code   RO            3    i.fputc             main.o
    0x08000570   0x08000570   0x0000009c   Code   RO         3996    i.gd_eval_com_init  gd32c10x_eval.o
    0x0800060c   0x0800060c   0x00000080   Code   RO         3997    i.gd_eval_key_init  gd32c10x_eval.o
    0x0800068c   0x0800068c   0x00000020   Code   RO         3998    i.gd_eval_key_state_get  gd32c10x_eval.o
    0x080006ac   0x080006ac   0x00000040   Code   RO         3999    i.gd_eval_led_init  gd32c10x_eval.o
    0x080006ec   0x080006ec   0x00000018   Code   RO         4000    i.gd_eval_led_off   gd32c10x_eval.o
    0x08000704   0x08000704   0x00000018   Code   RO         4001    i.gd_eval_led_on    gd32c10x_eval.o
    0x0800071c   0x0800071c   0x00000038   Code   RO         4002    i.gd_eval_led_toggle  gd32c10x_eval.o
    0x08000754   0x08000754   0x0000000a   Code   RO         2021    i.gpio_bit_write    gd32c10x_gpio.o
    0x0800075e   0x0800075e   0x00000002   PAD
    0x08000760   0x08000760   0x00000098   Code   RO         2028    i.gpio_exti_source_select  gd32c10x_gpio.o
    0x080007f8   0x080007f8   0x000000bc   Code   RO         2029    i.gpio_init         gd32c10x_gpio.o
    0x080008b4   0x080008b4   0x00000010   Code   RO         2030    i.gpio_input_bit_get  gd32c10x_gpio.o
    0x080008c4   0x080008c4   0x0000003c   Code   RO            4    i.led_spark         main.o
    0x08000900   0x08000900   0x000000d0   Code   RO            5    i.main              main.o
    0x080009d0   0x080009d0   0x000000ac   Code   RO         2377    i.nvic_irq_enable   gd32c10x_misc.o
    0x08000a7c   0x08000a7c   0x00000014   Code   RO         2378    i.nvic_priority_group_set  gd32c10x_misc.o
    0x08000a90   0x08000a90   0x00000018   Code   RO         2379    i.nvic_vector_table_set  gd32c10x_misc.o
    0x08000aa8   0x08000aa8   0x00000180   Code   RO         2534    i.rcu_clock_freq_get  gd32c10x_rcu.o
    0x08000c28   0x08000c28   0x00000020   Code   RO         2554    i.rcu_periph_clock_enable  gd32c10x_rcu.o
    0x08000c48   0x08000c48   0x00000020   Code   RO         2557    i.rcu_periph_reset_disable  gd32c10x_rcu.o
    0x08000c68   0x08000c68   0x00000020   Code   RO         2558    i.rcu_periph_reset_enable  gd32c10x_rcu.o
    0x08000c88   0x08000c88   0x000000fc   Code   RO          272    i.system_clock_120m_hxtal  system_gd32c10x.o
    0x08000d84   0x08000d84   0x00000008   Code   RO          273    i.system_clock_config  system_gd32c10x.o
    0x08000d8c   0x08000d8c   0x00000050   Code   RO          147    i.systick_config    systick.o
    0x08000ddc   0x08000ddc   0x00000090   Code   RO         3611    i.usart_baudrate_set  gd32c10x_usart.o
    0x08000e6c   0x08000e6c   0x00000008   Code   RO         3615    i.usart_data_transmit  gd32c10x_usart.o
    0x08000e74   0x08000e74   0x00000090   Code   RO         3616    i.usart_deinit      gd32c10x_usart.o
    0x08000f04   0x08000f04   0x0000000a   Code   RO         3620    i.usart_enable      gd32c10x_usart.o
    0x08000f0e   0x08000f0e   0x0000001e   Code   RO         3622    i.usart_flag_get    gd32c10x_usart.o
    0x08000f2c   0x08000f2c   0x00000010   Code   RO         3645    i.usart_receive_config  gd32c10x_usart.o
    0x08000f3c   0x08000f3c   0x00000010   Code   RO         3659    i.usart_transmit_config  gd32c10x_usart.o
    0x08000f4c   0x08000f4c   0x00000020   Data   RO         4509    Region$$Table       anon$$obj.o


    Execution Region RW_IRAM1 (Exec base: 0x20000000, Load base: 0x08000f6c, Size: 0x00000490, Max: 0x00008000, ABSOLUTE)

    Exec Addr    Load Addr    Size         Type   Attr      Idx    E Section Name        Object

    0x20000000   0x08000f6c   0x00000004   Data   RW            6    .data               main.o
    0x20000004   0x08000f70   0x00000004   Data   RW          148    .data               systick.o
    0x20000008   0x08000f74   0x00000004   Data   RW          274    .data               system_gd32c10x.o
    0x2000000c   0x08000f78   0x0000007d   Data   RW         4003    .data               gd32c10x_eval.o
    0x20000089   0x08000ff5   0x00000003   PAD
    0x2000008c   0x08000ff8   0x00000004   Data   RW         4483    .data               mc_w.l(stdout.o)
    0x20000090        -       0x00000400   Zero   RW         3987    STACK               startup_gd32c10x.o


==============================================================================

Image component sizes


      Code (inc. data)   RO Data    RW Data    ZI Data      Debug   Object Name

       484        110          0        125          0       7409   gd32c10x_eval.o
       196         12          0          0          0       5572   gd32c10x_exti.o
       366          6          0          0          0      15040   gd32c10x_gpio.o
        36          0          0          0          0       4454   gd32c10x_it.o
       216         28          0          0          0       2280   gd32c10x_misc.o
       480         44          0          0          0      19844   gd32c10x_rcu.o
       368         16          0          0          0      11853   gd32c10x_usart.o
       304         80          0          4          0      28279   main.o
        36          8        336          0       1024        932   startup_gd32c10x.o
       424         40          0          4          0       3083   system_gd32c10x.o
       164         24          0          4          0      31862   systick.o

    ----------------------------------------------------------------------
      3076        368        368        140       1024     130608   Object Totals
         0          0         32          0          0          0   (incl. Generated)
         2          0          0          3          0          0   (incl. Padding)

    ----------------------------------------------------------------------

      Code (inc. data)   RO Data    RW Data    ZI Data      Debug   Library Member Name

         0          0          0          0          0          0   entry.o
         0          0          0          0          0          0   entry10a.o
         0          0          0          0          0          0   entry11a.o
         8          4          0          0          0          0   entry2.o
         4          0          0          0          0          0   entry5.o
         0          0          0          0          0          0   entry7b.o
         0          0          0          0          0          0   entry8b.o
         8          4          0          0          0          0   entry9a.o
        30          0          0          0          0          0   handlers.o
        36          8          0          0          0         68   init.o
       372         14          0          0          0        184   printf1.o
         0          0          0          4          0          0   stdout.o
        44          0          0          0          0         80   uidiv.o

    ----------------------------------------------------------------------
       504         30          0          4          0        332   Library Totals
         2          0          0          0          0          0   (incl. Padding)

    ----------------------------------------------------------------------

      Code (inc. data)   RO Data    RW Data    ZI Data      Debug   Library Name

       502         30          0          4          0        332   mc_w.l

    ----------------------------------------------------------------------
       504         30          0          4          0        332   Library Totals

    ----------------------------------------------------------------------

==============================================================================


      Code (inc. data)   RO Data    RW Data    ZI Data      Debug   

      3580        398        368        144       1024     126992   Grand Totals
      3580        398        368        144       1024     126992   ELF Image Totals
      3580        398        368        144          0          0   ROM Totals

==============================================================================

    Total RO  Size (Code + RO Data)                 3948 (   3.86kB)
    Total RW  Size (RW Data + ZI Data)              1168 (   1.14kB)
    Total ROM Size (Code + RO Data + RW Data)       4092 (   4.00kB)

==============================================================================

