Component: ARM Compiler 5.06 update 6 (build 750) Tool: armlink [4d35ed]

==============================================================================

Section Cross References

    system_gd32c10x.o(i.SystemCoreClockUpdate) refers to system_gd32c10x.o(.data) for SystemCoreClock
    system_gd32c10x.o(i.SystemInit) refers to system_gd32c10x.o(i.system_clock_config) for system_clock_config
    system_gd32c10x.o(i.SystemInit) refers to gd32c10x_misc.o(i.nvic_vector_table_set) for nvic_vector_table_set
    system_gd32c10x.o(i.system_clock_config) refers to system_gd32c10x.o(i.system_clock_120m_hxtal) for system_clock_120m_hxtal
    startup_gd32c10x.o(RESET) refers to startup_gd32c10x.o(STACK) for __initial_sp
    startup_gd32c10x.o(RESET) refers to startup_gd32c10x.o(.text) for Reset_Handler
    startup_gd32c10x.o(RESET) refers to gd32c10x_it.o(i.NMI_Handler) for NMI_Handler
    startup_gd32c10x.o(RESET) refers to gd32c10x_it.o(i.HardFault_Handler) for HardFault_Handler
    startup_gd32c10x.o(RESET) refers to gd32c10x_it.o(i.MemManage_Handler) for MemManage_Handler
    startup_gd32c10x.o(RESET) refers to gd32c10x_it.o(i.BusFault_Handler) for BusFault_Handler
    startup_gd32c10x.o(RESET) refers to gd32c10x_it.o(i.UsageFault_Handler) for UsageFault_Handler
    startup_gd32c10x.o(RESET) refers to gd32c10x_it.o(i.SVC_Handler) for SVC_Handler
    startup_gd32c10x.o(RESET) refers to gd32c10x_it.o(i.DebugMon_Handler) for DebugMon_Handler
    startup_gd32c10x.o(RESET) refers to gd32c10x_it.o(i.PendSV_Handler) for PendSV_Handler
    startup_gd32c10x.o(RESET) refers to gd32c10x_it.o(i.SysTick_Handler) for SysTick_Handler
    startup_gd32c10x.o(RESET) refers to gd32c10x_it.o(i.CAN0_RX0_IRQHandler) for CAN0_RX0_IRQHandler
    startup_gd32c10x.o(RESET) refers to gd32c10x_it.o(i.CAN1_RX0_IRQHandler) for CAN1_RX0_IRQHandler
    startup_gd32c10x.o(.text) refers to system_gd32c10x.o(i.SystemInit) for SystemInit
    startup_gd32c10x.o(.text) refers to entry.o(.ARM.Collect$$$$00000000) for __main
    main.o(i.I2C_SendData) refers to gd32c10x_can.o(i.can_message_transmit) for can_message_transmit
    main.o(i.I2C_SendData) refers to main.o(.bss) for g_transmit_message
    main.o(i.can0SaveData) refers to main.o(i.long2char) for long2char
    main.o(i.can0SaveData) refers to main.o(.data) for index_can_get0
    main.o(i.can0SaveData) refers to main.o(.bss) for g_receive_message0
    main.o(i.can1SaveData) refers to main.o(i.long2char) for long2char
    main.o(i.can1SaveData) refers to main.o(.data) for index_can_get1
    main.o(i.can1SaveData) refers to main.o(.bss) for g_receive_message1
    main.o(i.canInit) refers to main.o(i.long2char) for long2char
    main.o(i.canInit) refers to main.o(i.can_config0) for can_config0
    main.o(i.canInit) refers to main.o(i.can_config1) for can_config1
    main.o(i.canInit) refers to main.o(.bss) for can0config
    main.o(i.can_config0) refers to main.o(i.char2long) for char2long
    main.o(i.can_config0) refers to gd32c10x_can.o(i.can_struct_para_init) for can_struct_para_init
    main.o(i.can_config0) refers to gd32c10x_can.o(i.can_deinit) for can_deinit
    main.o(i.can_config0) refers to gd32c10x_can.o(i.can_init) for can_init
    main.o(i.can_config0) refers to gd32c10x_can.o(i.can_frequency_set) for can_frequency_set
    main.o(i.can_config0) refers to gd32c10x_can.o(i.can_fd_init) for can_fd_init
    main.o(i.can_config0) refers to gd32c10x_can.o(i.can_fd_frequency_set) for can_fd_frequency_set
    main.o(i.can_config0) refers to gd32c10x_can.o(i.can1_filter_start_bank) for can1_filter_start_bank
    main.o(i.can_config0) refers to gd32c10x_can.o(i.can_filter_mask_mode_init) for can_filter_mask_mode_init
    main.o(i.can_config0) refers to gd32c10x_misc.o(i.nvic_irq_enable) for nvic_irq_enable
    main.o(i.can_config0) refers to gd32c10x_can.o(i.can_interrupt_enable) for can_interrupt_enable
    main.o(i.can_config1) refers to main.o(i.char2long) for char2long
    main.o(i.can_config1) refers to gd32c10x_can.o(i.can_struct_para_init) for can_struct_para_init
    main.o(i.can_config1) refers to gd32c10x_can.o(i.can_deinit) for can_deinit
    main.o(i.can_config1) refers to gd32c10x_can.o(i.can_init) for can_init
    main.o(i.can_config1) refers to gd32c10x_can.o(i.can_frequency_set) for can_frequency_set
    main.o(i.can_config1) refers to gd32c10x_can.o(i.can_fd_init) for can_fd_init
    main.o(i.can_config1) refers to gd32c10x_can.o(i.can_fd_frequency_set) for can_fd_frequency_set
    main.o(i.can_config1) refers to gd32c10x_can.o(i.can1_filter_start_bank) for can1_filter_start_bank
    main.o(i.can_config1) refers to gd32c10x_can.o(i.can_filter_mask_mode_init) for can_filter_mask_mode_init
    main.o(i.can_config1) refers to gd32c10x_misc.o(i.nvic_irq_enable) for nvic_irq_enable
    main.o(i.can_config1) refers to gd32c10x_can.o(i.can_interrupt_enable) for can_interrupt_enable
[...]
    Removing gd32c10x_adc.o(i.adc_watchdog_threshold_config), (14 bytes).
    Removing gd32c10x_bkp.o(.rev16_text), (4 bytes).
    Removing gd32c10x_bkp.o(.revsh_text), (4 bytes).
    Removing gd32c10x_bkp.o(i.bkp_data_read), (56 bytes).
    Removing gd32c10x_bkp.o(i.bkp_data_write), (52 bytes).
    Removing gd32c10x_bkp.o(i.bkp_deinit), (12 bytes).
    Removing gd32c10x_bkp.o(i.bkp_flag_clear), (20 bytes).
    Removing gd32c10x_bkp.o(i.bkp_flag_get), (24 bytes).
    Removing gd32c10x_bkp.o(i.bkp_interrupt_disable), (20 bytes).
    Removing gd32c10x_bkp.o(i.bkp_interrupt_enable), (20 bytes).
    Removing gd32c10x_bkp.o(i.bkp_interrupt_flag_clear), (20 bytes).
    Removing gd32c10x_bkp.o(i.bkp_interrupt_flag_get), (24 bytes).
    Removing gd32c10x_bkp.o(i.bkp_rtc_calibration_output_disable), (20 bytes).
    Removing gd32c10x_bkp.o(i.bkp_rtc_calibration_output_enable), (20 bytes).
    Removing gd32c10x_bkp.o(i.bkp_rtc_calibration_value_set), (28 bytes).
    Removing gd32c10x_bkp.o(i.bkp_rtc_clock_calibration_direction_select), (24 bytes).
    Removing gd32c10x_bkp.o(i.bkp_rtc_clock_output_select), (28 bytes).
    Removing gd32c10x_bkp.o(i.bkp_rtc_output_select), (28 bytes).
    Removing gd32c10x_bkp.o(i.bkp_rtc_signal_output_disable), (20 bytes).
    Removing gd32c10x_bkp.o(i.bkp_rtc_signal_output_enable), (20 bytes).
    Removing gd32c10x_bkp.o(i.bkp_tamper_active_level_set), (28 bytes).
    Removing gd32c10x_bkp.o(i.bkp_tamper_detection_disable), (20 bytes).
    Removing gd32c10x_bkp.o(i.bkp_tamper_detection_enable), (20 bytes).
    Removing gd32c10x_can.o(.rev16_text), (4 bytes).
    Removing gd32c10x_can.o(.revsh_text), (4 bytes).
    Removing gd32c10x_can.o(i.can_debug_freeze_disable), (40 bytes).
    Removing gd32c10x_can.o(i.can_debug_freeze_enable), (40 bytes).
    Removing gd32c10x_can.o(i.can_error_get), (12 bytes).
    Removing gd32c10x_can.o(i.can_fd_function_disable), (10 bytes).
    Removing gd32c10x_can.o(i.can_fd_function_enable), (10 bytes).
    Removing gd32c10x_can.o(i.can_fifo_release), (32 bytes).
    Removing gd32c10x_can.o(i.can_flag_clear), (26 bytes).
    Removing gd32c10x_can.o(i.can_flag_get), (30 bytes).
    Removing gd32c10x_can.o(i.can_interrupt_disable), (8 bytes).
    Removing gd32c10x_can.o(i.can_interrupt_flag_clear), (26 bytes).
    Removing gd32c10x_can.o(i.can_interrupt_flag_get), (116 bytes).
    Removing gd32c10x_can.o(i.can_monitor_mode_set), (130 bytes).
    Removing gd32c10x_can.o(i.can_receive_error_number_get), (8 bytes).
    Removing gd32c10x_can.o(i.can_receive_message_length_get), (26 bytes).
    Removing gd32c10x_can.o(i.can_time_trigger_mode_disable), (48 bytes).
    Removing gd32c10x_can.o(i.can_time_trigger_mode_enable), (48 bytes).
    Removing gd32c10x_can.o(i.can_transmission_stop), (80 bytes).
    Removing gd32c10x_can.o(i.can_transmit_error_number_get), (10 bytes).
    Removing gd32c10x_can.o(i.can_transmit_states), (124 bytes).
    Removing gd32c10x_can.o(i.can_wakeup), (48 bytes).
    Removing gd32c10x_crc.o(.rev16_text), (4 bytes).
    Removing gd32c10x_crc.o(.revsh_text), (4 bytes).
    Removing gd32c10x_crc.o(i.crc_block_data_calculate), (36 bytes).
    Removing gd32c10x_crc.o(i.crc_data_register_read), (12 bytes).
    Removing gd32c10x_crc.o(i.crc_data_register_reset), (20 bytes).
    Removing gd32c10x_crc.o(i.crc_deinit), (24 bytes).
    Removing gd32c10x_crc.o(i.crc_free_data_register_read), (12 bytes).
    Removing gd32c10x_crc.o(i.crc_free_data_register_write), (12 bytes).
    Removing gd32c10x_crc.o(i.crc_single_data_calculate), (16 bytes).
    Removing gd32c10x_ctc.o(.rev16_text), (4 bytes).
    Removing gd32c10x_ctc.o(.revsh_text), (4 bytes).
    Removing gd32c10x_ctc.o(i.ctc_clock_limit_value_config), (28 bytes).
    Removing gd32c10x_ctc.o(i.ctc_counter_capture_value_read), (16 bytes).
    Removing gd32c10x_ctc.o(i.ctc_counter_direction_read), (24 bytes).
    Removing gd32c10x_ctc.o(i.ctc_counter_disable), (20 bytes).
    Removing gd32c10x_ctc.o(i.ctc_counter_enable), (20 bytes).
    Removing gd32c10x_ctc.o(i.ctc_counter_reload_value_config), (28 bytes).
    Removing gd32c10x_ctc.o(i.ctc_counter_reload_value_read), (16 bytes).
    Removing gd32c10x_ctc.o(i.ctc_deinit), (20 bytes).
    Removing gd32c10x_ctc.o(i.ctc_flag_clear), (36 bytes).
    Removing gd32c10x_ctc.o(i.ctc_flag_get), (24 bytes).
    Removing gd32c10x_ctc.o(i.ctc_hardware_trim_mode_config), (28 bytes).
    Removing gd32c10x_ctc.o(i.ctc_interrupt_disable), (16 bytes).
    Removing gd32c10x_ctc.o(i.ctc_interrupt_enable), (16 bytes).
    Removing gd32c10x_ctc.o(i.ctc_interrupt_flag_clear), (36 bytes).
    Removing gd32c10x_ctc.o(i.ctc_interrupt_flag_get), (56 bytes).
    Removing gd32c10x_ctc.o(i.ctc_irc48m_trim_value_config), (28 bytes).
    Removing gd32c10x_ctc.o(i.ctc_irc48m_trim_value_read), (16 bytes).
    Removing gd32c10x_ctc.o(i.ctc_refsource_polarity_config), (28 bytes).
    Removing gd32c10x_ctc.o(i.ctc_refsource_prescaler_config), (28 bytes).
    Removing gd32c10x_ctc.o(i.ctc_refsource_signal_select), (28 bytes).
    Removing gd32c10x_ctc.o(i.ctc_software_refsource_pulse_generate), (20 bytes).
    Removing gd32c10x_dac.o(.rev16_text), (4 bytes).
    Removing gd32c10x_dac.o(.revsh_text), (4 bytes).
    Removing gd32c10x_dac.o(i.dac_concurrent_data_set), (64 bytes).
    Removing gd32c10x_dac.o(i.dac_concurrent_disable), (24 bytes).
    Removing gd32c10x_dac.o(i.dac_concurrent_enable), (24 bytes).
    Removing gd32c10x_dac.o(i.dac_concurrent_output_buffer_disable), (24 bytes).
    Removing gd32c10x_dac.o(i.dac_concurrent_output_buffer_enable), (24 bytes).
    Removing gd32c10x_dac.o(i.dac_concurrent_software_trigger_disable), (20 bytes).
    Removing gd32c10x_dac.o(i.dac_concurrent_software_trigger_enable), (20 bytes).
    Removing gd32c10x_dac.o(i.dac_data_set), (88 bytes).
    Removing gd32c10x_dac.o(i.dac_deinit), (20 bytes).
    Removing gd32c10x_dac.o(i.dac_disable), (36 bytes).
    Removing gd32c10x_dac.o(i.dac_dma_disable), (36 bytes).
    Removing gd32c10x_dac.o(i.dac_dma_enable), (36 bytes).
    Removing gd32c10x_dac.o(i.dac_enable), (36 bytes).
    Removing gd32c10x_dac.o(i.dac_lfsr_noise_config), (52 bytes).
    Removing gd32c10x_dac.o(i.dac_output_buffer_disable), (36 bytes).
    Removing gd32c10x_dac.o(i.dac_output_buffer_enable), (36 bytes).
    Removing gd32c10x_dac.o(i.dac_output_value_get), (28 bytes).
    Removing gd32c10x_dac.o(i.dac_software_trigger_disable), (36 bytes).
    Removing gd32c10x_dac.o(i.dac_software_trigger_enable), (36 bytes).
    Removing gd32c10x_dac.o(i.dac_triangle_noise_config), (52 bytes).
    Removing gd32c10x_dac.o(i.dac_trigger_disable), (36 bytes).
    Removing gd32c10x_dac.o(i.dac_trigger_enable), (36 bytes).
    Removing gd32c10x_dac.o(i.dac_trigger_source_config), (52 bytes).
    Removing gd32c10x_dac.o(i.dac_wave_bit_width_config), (52 bytes).
    Removing gd32c10x_dac.o(i.dac_wave_mode_config), (52 bytes).
    Removing gd32c10x_dbg.o(.rev16_text), (4 bytes).
    Removing gd32c10x_dbg.o(.revsh_text), (4 bytes).
    Removing gd32c10x_dbg.o(i.dbg_id_get), (12 bytes).
    Removing gd32c10x_dbg.o(i.dbg_low_power_disable), (16 bytes).
    Removing gd32c10x_dbg.o(i.dbg_low_power_enable), (16 bytes).
    Removing gd32c10x_dbg.o(i.dbg_periph_disable), (16 bytes).
    Removing gd32c10x_dbg.o(i.dbg_periph_enable), (16 bytes).
    Removing gd32c10x_dbg.o(i.dbg_trace_pin_disable), (20 bytes).
    Removing gd32c10x_dbg.o(i.dbg_trace_pin_enable), (20 bytes).
    Removing gd32c10x_dbg.o(i.dbg_trace_pin_mode_set), (28 bytes).
    Removing gd32c10x_dma.o(.rev16_text), (4 bytes).
    Removing gd32c10x_dma.o(.revsh_text), (4 bytes).
    Removing gd32c10x_dma.o(i.dma_channel_disable), (50 bytes).
    Removing gd32c10x_dma.o(i.dma_channel_enable), (50 bytes).
    Removing gd32c10x_dma.o(i.dma_circulation_disable), (50 bytes).
    Removing gd32c10x_dma.o(i.dma_circulation_enable), (50 bytes).
    Removing gd32c10x_dma.o(i.dma_deinit), (112 bytes).
    Removing gd32c10x_dma.o(i.dma_flag_clear), (16 bytes).
    Removing gd32c10x_dma.o(i.dma_flag_get), (24 bytes).
    Removing gd32c10x_dma.o(i.dma_init), (302 bytes).
    Removing gd32c10x_dma.o(i.dma_interrupt_disable), (50 bytes).
    Removing gd32c10x_dma.o(i.dma_interrupt_enable), (50 bytes).
    Removing gd32c10x_dma.o(i.dma_interrupt_flag_clear), (16 bytes).
    Removing gd32c10x_dma.o(i.dma_interrupt_flag_get), (130 bytes).
    Removing gd32c10x_dma.o(i.dma_memory_address_config), (36 bytes).
    Removing gd32c10x_dma.o(i.dma_memory_increase_disable), (50 bytes).
    Removing gd32c10x_dma.o(i.dma_memory_increase_enable), (50 bytes).
    Removing gd32c10x_dma.o(i.dma_memory_to_memory_disable), (50 bytes).
    Removing gd32c10x_dma.o(i.dma_memory_to_memory_enable), (50 bytes).
    Removing gd32c10x_dma.o(i.dma_memory_width_config), (58 bytes).
    Removing gd32c10x_dma.o(i.dma_periph_address_config), (36 bytes).
    Removing gd32c10x_dma.o(i.dma_periph_and_channel_check), (24 bytes).
    Removing gd32c10x_dma.o(i.dma_periph_increase_disable), (50 bytes).
    Removing gd32c10x_dma.o(i.dma_periph_increase_enable), (50 bytes).
    Removing gd32c10x_dma.o(i.dma_periph_width_config), (58 bytes).
    Removing gd32c10x_dma.o(i.dma_priority_config), (58 bytes).
    Removing gd32c10x_dma.o(i.dma_struct_para_init), (28 bytes).
    Removing gd32c10x_dma.o(i.dma_transfer_direction_config), (84 bytes).
    Removing gd32c10x_dma.o(i.dma_transfer_number_config), (38 bytes).
    Removing gd32c10x_dma.o(i.dma_transfer_number_get), (34 bytes).
    Removing gd32c10x_exmc.o(.rev16_text), (4 bytes).
    Removing gd32c10x_exmc.o(.revsh_text), (4 bytes).
    Removing gd32c10x_exmc.o(i.exmc_norsram_deinit), (28 bytes).
    Removing gd32c10x_exmc.o(i.exmc_norsram_disable), (18 bytes).
    Removing gd32c10x_exmc.o(i.exmc_norsram_enable), (18 bytes).
    Removing gd32c10x_exmc.o(i.exmc_norsram_init), (264 bytes).
    Removing gd32c10x_exmc.o(i.exmc_norsram_page_size_config), (26 bytes).
    Removing gd32c10x_exmc.o(i.exmc_norsram_struct_para_init), (106 bytes).
    Removing gd32c10x_exti.o(.rev16_text), (4 bytes).
    Removing gd32c10x_exti.o(.revsh_text), (4 bytes).
    Removing gd32c10x_exti.o(i.exti_deinit), (28 bytes).
    Removing gd32c10x_exti.o(i.exti_event_disable), (16 bytes).
    Removing gd32c10x_exti.o(i.exti_event_enable), (16 bytes).
    Removing gd32c10x_exti.o(i.exti_flag_clear), (12 bytes).
    Removing gd32c10x_exti.o(i.exti_flag_get), (24 bytes).
    Removing gd32c10x_exti.o(i.exti_init), (184 bytes).
    Removing gd32c10x_exti.o(i.exti_interrupt_disable), (16 bytes).
    Removing gd32c10x_exti.o(i.exti_interrupt_enable), (16 bytes).
    Removing gd32c10x_exti.o(i.exti_interrupt_flag_clear), (12 bytes).
    Removing gd32c10x_exti.o(i.exti_interrupt_flag_get), (36 bytes).
    Removing gd32c10x_exti.o(i.exti_software_interrupt_disable), (16 bytes).
    Removing gd32c10x_exti.o(i.exti_software_interrupt_enable), (16 bytes).
    Removing gd32c10x_fmc.o(.rev16_text), (4 bytes).
    Removing gd32c10x_fmc.o(.revsh_text), (4 bytes).
    Removing gd32c10x_fmc.o(i.fmc_dbus_disable), (20 bytes).
    Removing gd32c10x_fmc.o(i.fmc_dbus_enable), (20 bytes).
    Removing gd32c10x_fmc.o(i.fmc_dbus_reset), (20 bytes).
    Removing gd32c10x_fmc.o(i.fmc_doubleword_program), (100 bytes).
    Removing gd32c10x_fmc.o(i.fmc_flag_clear), (12 bytes).
    Removing gd32c10x_fmc.o(i.fmc_flag_get), (20 bytes).
    Removing gd32c10x_fmc.o(i.fmc_ibus_disable), (20 bytes).
    Removing gd32c10x_fmc.o(i.fmc_ibus_enable), (20 bytes).
    Removing gd32c10x_fmc.o(i.fmc_ibus_reset), (20 bytes).
    Removing gd32c10x_fmc.o(i.fmc_interrupt_disable), (16 bytes).
    Removing gd32c10x_fmc.o(i.fmc_interrupt_enable), (16 bytes).
    Removing gd32c10x_fmc.o(i.fmc_interrupt_flag_clear), (12 bytes).
    Removing gd32c10x_fmc.o(i.fmc_interrupt_flag_get), (20 bytes).
    Removing gd32c10x_fmc.o(i.fmc_lock), (20 bytes).
    Removing gd32c10x_fmc.o(i.fmc_mass_erase), (68 bytes).
    Removing gd32c10x_fmc.o(i.fmc_page_erase), (72 bytes).
    Removing gd32c10x_fmc.o(i.fmc_prefetch_disable), (20 bytes).
    Removing gd32c10x_fmc.o(i.fmc_prefetch_enable), (20 bytes).
    Removing gd32c10x_fmc.o(i.fmc_program_width_set), (24 bytes).
    Removing gd32c10x_fmc.o(i.fmc_ready_wait), (34 bytes).
    Removing gd32c10x_fmc.o(i.fmc_state_get), (64 bytes).
    Removing gd32c10x_fmc.o(i.fmc_unlock), (36 bytes).
    Removing gd32c10x_fmc.o(i.fmc_word_program), (64 bytes).
    Removing gd32c10x_fmc.o(i.fmc_wscnt_set), (24 bytes).
    Removing gd32c10x_fmc.o(i.ob_data_get), (16 bytes).
    Removing gd32c10x_fmc.o(i.ob_data_program), (196 bytes).
    Removing gd32c10x_fmc.o(i.ob_erase), (144 bytes).
    Removing gd32c10x_fmc.o(i.ob_lock), (20 bytes).
    Removing gd32c10x_fmc.o(i.ob_security_protection_config), (192 bytes).
    Removing gd32c10x_fmc.o(i.ob_security_protection_flag_get), (24 bytes).
    Removing gd32c10x_fmc.o(i.ob_unlock), (36 bytes).
    Removing gd32c10x_fmc.o(i.ob_user_get), (16 bytes).
    Removing gd32c10x_fmc.o(i.ob_user_write), (212 bytes).
    Removing gd32c10x_fmc.o(i.ob_write_protection_enable), (208 bytes).
    Removing gd32c10x_fmc.o(i.ob_write_protection_get), (12 bytes).
    Removing gd32c10x_fwdgt.o(.rev16_text), (4 bytes).
    Removing gd32c10x_fwdgt.o(.revsh_text), (4 bytes).
    Removing gd32c10x_fwdgt.o(i.fwdgt_config), (104 bytes).
    Removing gd32c10x_fwdgt.o(i.fwdgt_counter_reload), (16 bytes).
    Removing gd32c10x_fwdgt.o(i.fwdgt_enable), (16 bytes).
    Removing gd32c10x_fwdgt.o(i.fwdgt_flag_get), (24 bytes).
    Removing gd32c10x_fwdgt.o(i.fwdgt_write_disable), (12 bytes).
    Removing gd32c10x_fwdgt.o(i.fwdgt_write_enable), (16 bytes).
    Removing gd32c10x_gpio.o(.rev16_text), (4 bytes).
    Removing gd32c10x_gpio.o(.revsh_text), (4 bytes).
    Removing gd32c10x_gpio.o(i.gpio_afio_deinit), (20 bytes).
    Removing gd32c10x_gpio.o(i.gpio_bit_reset), (4 bytes).
    Removing gd32c10x_gpio.o(i.gpio_bit_set), (4 bytes).
    Removing gd32c10x_gpio.o(i.gpio_bit_write), (10 bytes).
    Removing gd32c10x_gpio.o(i.gpio_compensation_config), (24 bytes).
    Removing gd32c10x_gpio.o(i.gpio_compensation_flag_get), (24 bytes).
    Removing gd32c10x_gpio.o(i.gpio_deinit), (148 bytes).
    Removing gd32c10x_gpio.o(i.gpio_event_output_config), (28 bytes).
    Removing gd32c10x_gpio.o(i.gpio_event_output_disable), (20 bytes).
    Removing gd32c10x_gpio.o(i.gpio_event_output_enable), (20 bytes).
    Removing gd32c10x_gpio.o(i.gpio_exti_source_select), (152 bytes).
    Removing gd32c10x_gpio.o(i.gpio_input_bit_get), (16 bytes).
    Removing gd32c10x_gpio.o(i.gpio_input_port_get), (8 bytes).
    Removing gd32c10x_gpio.o(i.gpio_output_bit_get), (16 bytes).
    Removing gd32c10x_gpio.o(i.gpio_output_port_get), (8 bytes).
    Removing gd32c10x_gpio.o(i.gpio_pin_lock), (18 bytes).
    Removing gd32c10x_gpio.o(i.gpio_pin_remap_config), (144 bytes).
    Removing gd32c10x_gpio.o(i.gpio_port_write), (4 bytes).
    Removing gd32c10x_i2c.o(.rev16_text), (4 bytes).
    Removing gd32c10x_i2c.o(.revsh_text), (4 bytes).
    Removing gd32c10x_i2c.o(i.i2c_ackpos_config), (22 bytes).
    Removing gd32c10x_i2c.o(i.i2c_deinit), (64 bytes).
    Removing gd32c10x_i2c.o(i.i2c_disable), (10 bytes).
    Removing gd32c10x_i2c.o(i.i2c_dma_enable), (16 bytes).
    Removing gd32c10x_i2c.o(i.i2c_dma_last_transfer_config), (16 bytes).
    Removing gd32c10x_i2c.o(i.i2c_dualaddr_disable), (10 bytes).
    Removing gd32c10x_i2c.o(i.i2c_dualaddr_enable), (12 bytes).
    Removing gd32c10x_i2c.o(i.i2c_interrupt_disable), (26 bytes).
    Removing gd32c10x_i2c.o(i.i2c_interrupt_enable), (26 bytes).
    Removing gd32c10x_i2c.o(i.i2c_interrupt_flag_clear), (44 bytes).
    Removing gd32c10x_i2c.o(i.i2c_interrupt_flag_get), (92 bytes).
    Removing gd32c10x_i2c.o(i.i2c_master_addressing), (20 bytes).
    Removing gd32c10x_i2c.o(i.i2c_pec_enable), (16 bytes).
    Removing gd32c10x_i2c.o(i.i2c_pec_transfer_enable), (16 bytes).
    Removing gd32c10x_i2c.o(i.i2c_pec_value_get), (10 bytes).
    Removing gd32c10x_i2c.o(i.i2c_sam_disable), (14 bytes).
    Removing gd32c10x_i2c.o(i.i2c_sam_enable), (14 bytes).
    Removing gd32c10x_i2c.o(i.i2c_sam_timeout_disable), (14 bytes).
    Removing gd32c10x_i2c.o(i.i2c_sam_timeout_enable), (14 bytes).
    Removing gd32c10x_i2c.o(i.i2c_slave_response_to_gcall_config), (16 bytes).
    Removing gd32c10x_i2c.o(i.i2c_smbus_arp_enable), (16 bytes).
    Removing gd32c10x_i2c.o(i.i2c_smbus_issue_alert), (16 bytes).
    Removing gd32c10x_i2c.o(i.i2c_smbus_type_config), (24 bytes).
    Removing gd32c10x_i2c.o(i.i2c_software_reset_config), (16 bytes).
    Removing gd32c10x_i2c.o(i.i2c_start_on_bus), (10 bytes).
    Removing gd32c10x_i2c.o(i.i2c_stop_on_bus), (10 bytes).
    Removing gd32c10x_i2c.o(i.i2c_stretch_scl_low_config), (16 bytes).
    Removing gd32c10x_misc.o(.rev16_text), (4 bytes).
    Removing gd32c10x_misc.o(.revsh_text), (4 bytes).
    Removing gd32c10x_misc.o(i.nvic_irq_disable), (24 bytes).
    Removing gd32c10x_misc.o(i.system_lowpower_reset), (16 bytes).
    Removing gd32c10x_misc.o(i.system_lowpower_set), (16 bytes).
    Removing gd32c10x_misc.o(i.systick_clksource_set), (40 bytes).
    Removing gd32c10x_pmu.o(.rev16_text), (4 bytes).
    Removing gd32c10x_pmu.o(.revsh_text), (4 bytes).
    Removing gd32c10x_pmu.o(i.pmu_backup_write_disable), (20 bytes).
    Removing gd32c10x_pmu.o(i.pmu_backup_write_enable), (20 bytes).
    Removing gd32c10x_pmu.o(i.pmu_deinit), (20 bytes).
    Removing gd32c10x_pmu.o(i.pmu_flag_clear), (48 bytes).
    Removing gd32c10x_pmu.o(i.pmu_flag_get), (24 bytes).
    Removing gd32c10x_pmu.o(i.pmu_ldo_output_select), (28 bytes).
    Removing gd32c10x_pmu.o(i.pmu_lvd_disable), (20 bytes).
    Removing gd32c10x_pmu.o(i.pmu_lvd_select), (48 bytes).
    Removing gd32c10x_pmu.o(i.pmu_to_deepsleepmode), (196 bytes).
    Removing gd32c10x_pmu.o(i.pmu_to_sleepmode), (32 bytes).
    Removing gd32c10x_pmu.o(i.pmu_to_standbymode), (56 bytes).
    Removing gd32c10x_pmu.o(i.pmu_wakeup_pin_disable), (20 bytes).
    Removing gd32c10x_pmu.o(i.pmu_wakeup_pin_enable), (20 bytes).
    Removing gd32c10x_pmu.o(.bss), (16 bytes).
    Removing gd32c10x_rcu.o(.rev16_text), (4 bytes).
    Removing gd32c10x_rcu.o(.revsh_text), (4 bytes).
    Removing gd32c10x_rcu.o(i.rcu_adc_clock_config), (108 bytes).
    Removing gd32c10x_rcu.o(i.rcu_ahb_clock_config), (24 bytes).
    Removing gd32c10x_rcu.o(i.rcu_all_reset_flag_clear), (20 bytes).
    Removing gd32c10x_rcu.o(i.rcu_apb1_clock_config), (24 bytes).
    Removing gd32c10x_rcu.o(i.rcu_apb2_clock_config), (24 bytes).
    Removing gd32c10x_rcu.o(i.rcu_bkp_reset_disable), (20 bytes).
    Removing gd32c10x_rcu.o(i.rcu_bkp_reset_enable), (20 bytes).
    Removing gd32c10x_rcu.o(i.rcu_ck48m_clock_config), (28 bytes).
    Removing gd32c10x_rcu.o(i.rcu_ckout0_config), (24 bytes).
    Removing gd32c10x_rcu.o(i.rcu_deepsleep_voltage_set), (16 bytes).
    Removing gd32c10x_rcu.o(i.rcu_deinit), (128 bytes).
    Removing gd32c10x_rcu.o(i.rcu_flag_get), (36 bytes).
    Removing gd32c10x_rcu.o(i.rcu_hxtal_clock_monitor_disable), (20 bytes).
    Removing gd32c10x_rcu.o(i.rcu_hxtal_clock_monitor_enable), (20 bytes).
    Removing gd32c10x_rcu.o(i.rcu_i2s1_clock_config), (24 bytes).
    Removing gd32c10x_rcu.o(i.rcu_i2s2_clock_config), (24 bytes).
    Removing gd32c10x_rcu.o(i.rcu_interrupt_disable), (32 bytes).
    Removing gd32c10x_rcu.o(i.rcu_interrupt_enable), (32 bytes).
    Removing gd32c10x_rcu.o(i.rcu_interrupt_flag_clear), (32 bytes).
    Removing gd32c10x_rcu.o(i.rcu_interrupt_flag_get), (36 bytes).
    Removing gd32c10x_rcu.o(i.rcu_irc8m_adjust_value_set), (28 bytes).
    Removing gd32c10x_rcu.o(i.rcu_lxtal_drive_capability_config), (24 bytes).
    Removing gd32c10x_rcu.o(i.rcu_osci_bypass_mode_disable), (112 bytes).
    Removing gd32c10x_rcu.o(i.rcu_osci_bypass_mode_enable), (112 bytes).
    Removing gd32c10x_rcu.o(i.rcu_osci_off), (32 bytes).
    Removing gd32c10x_rcu.o(i.rcu_osci_on), (32 bytes).
    Removing gd32c10x_rcu.o(i.rcu_osci_stab_wait), (348 bytes).
    Removing gd32c10x_rcu.o(i.rcu_periph_clock_disable), (32 bytes).
    Removing gd32c10x_rcu.o(i.rcu_periph_clock_sleep_disable), (32 bytes).
    Removing gd32c10x_rcu.o(i.rcu_periph_clock_sleep_enable), (32 bytes).
    Removing gd32c10x_rcu.o(i.rcu_pll1_config), (28 bytes).
    Removing gd32c10x_rcu.o(i.rcu_pll2_config), (28 bytes).
    Removing gd32c10x_rcu.o(i.rcu_pll_config), (32 bytes).
    Removing gd32c10x_rcu.o(i.rcu_pllpresel_config), (24 bytes).
    Removing gd32c10x_rcu.o(i.rcu_predv0_config), (32 bytes).
    Removing gd32c10x_rcu.o(i.rcu_predv1_config), (24 bytes).
    Removing gd32c10x_rcu.o(i.rcu_rtc_clock_config), (24 bytes).
    Removing gd32c10x_rcu.o(i.rcu_system_clock_source_config), (24 bytes).
    Removing gd32c10x_rcu.o(i.rcu_system_clock_source_get), (16 bytes).
    Removing gd32c10x_rcu.o(i.rcu_usb_clock_config), (24 bytes).
    Removing gd32c10x_rtc.o(.rev16_text), (4 bytes).
    Removing gd32c10x_rtc.o(.revsh_text), (4 bytes).
    Removing gd32c10x_rtc.o(i.rtc_alarm_config), (32 bytes).
    Removing gd32c10x_rtc.o(i.rtc_configuration_mode_enter), (20 bytes).
    Removing gd32c10x_rtc.o(i.rtc_configuration_mode_exit), (20 bytes).
    Removing gd32c10x_rtc.o(i.rtc_counter_get), (20 bytes).
    Removing gd32c10x_rtc.o(i.rtc_counter_set), (32 bytes).
    Removing gd32c10x_rtc.o(i.rtc_divider_get), (24 bytes).
    Removing gd32c10x_rtc.o(i.rtc_flag_clear), (16 bytes).
    Removing gd32c10x_rtc.o(i.rtc_flag_get), (24 bytes).
    Removing gd32c10x_rtc.o(i.rtc_interrupt_disable), (16 bytes).
    Removing gd32c10x_rtc.o(i.rtc_interrupt_enable), (16 bytes).
    Removing gd32c10x_rtc.o(i.rtc_interrupt_flag_clear), (16 bytes).
    Removing gd32c10x_rtc.o(i.rtc_interrupt_flag_get), (24 bytes).
    Removing gd32c10x_rtc.o(i.rtc_lwoff_wait), (20 bytes).
    Removing gd32c10x_rtc.o(i.rtc_prescaler_set), (32 bytes).
    Removing gd32c10x_rtc.o(i.rtc_register_sync_wait), (32 bytes).
    Removing gd32c10x_spi.o(.rev16_text), (4 bytes).
    Removing gd32c10x_spi.o(.revsh_text), (4 bytes).
    Removing gd32c10x_spi.o(i.i2s_disable), (10 bytes).
    Removing gd32c10x_spi.o(i.i2s_enable), (10 bytes).
    Removing gd32c10x_spi.o(i.i2s_init), (28 bytes).
    Removing gd32c10x_spi.o(i.i2s_psc_config), (280 bytes).
    Removing gd32c10x_spi.o(i.qspi_disable), (14 bytes).
    Removing gd32c10x_spi.o(i.qspi_enable), (14 bytes).
    Removing gd32c10x_spi.o(i.qspi_io23_output_disable), (14 bytes).
    Removing gd32c10x_spi.o(i.qspi_io23_output_enable), (14 bytes).
    Removing gd32c10x_spi.o(i.qspi_read_enable), (14 bytes).
    Removing gd32c10x_spi.o(i.qspi_write_enable), (14 bytes).
    Removing gd32c10x_spi.o(i.spi_bidirectional_transfer_config), (26 bytes).
    Removing gd32c10x_spi.o(i.spi_crc_error_clear), (10 bytes).
    Removing gd32c10x_spi.o(i.spi_crc_get), (16 bytes).
    Removing gd32c10x_spi.o(i.spi_crc_next), (10 bytes).
    Removing gd32c10x_spi.o(i.spi_crc_off), (10 bytes).
    Removing gd32c10x_spi.o(i.spi_crc_on), (10 bytes).
    Removing gd32c10x_spi.o(i.spi_crc_polynomial_get), (8 bytes).
    Removing gd32c10x_spi.o(i.spi_crc_polynomial_set), (4 bytes).
    Removing gd32c10x_spi.o(i.spi_disable), (10 bytes).
    Removing gd32c10x_spi.o(i.spi_dma_disable), (22 bytes).
    Removing gd32c10x_spi.o(i.spi_dma_enable), (22 bytes).
    Removing gd32c10x_spi.o(i.spi_enable), (10 bytes).
    Removing gd32c10x_spi.o(i.spi_i2s_data_frame_format_config), (16 bytes).
    Removing gd32c10x_spi.o(i.spi_i2s_data_receive), (8 bytes).
    Removing gd32c10x_spi.o(i.spi_i2s_data_transmit), (4 bytes).
    Removing gd32c10x_spi.o(i.spi_i2s_deinit), (88 bytes).
    Removing gd32c10x_spi.o(i.spi_i2s_flag_get), (16 bytes).
    Removing gd32c10x_spi.o(i.spi_i2s_interrupt_disable), (48 bytes).
    Removing gd32c10x_spi.o(i.spi_i2s_interrupt_enable), (48 bytes).
    Removing gd32c10x_spi.o(i.spi_i2s_interrupt_flag_get), (112 bytes).
    Removing gd32c10x_spi.o(i.spi_init), (50 bytes).
    Removing gd32c10x_spi.o(i.spi_nss_internal_high), (10 bytes).
    Removing gd32c10x_spi.o(i.spi_nss_internal_low), (10 bytes).
    Removing gd32c10x_spi.o(i.spi_nss_output_disable), (10 bytes).
    Removing gd32c10x_spi.o(i.spi_nss_output_enable), (10 bytes).
    Removing gd32c10x_spi.o(i.spi_nssp_mode_disable), (10 bytes).
    Removing gd32c10x_spi.o(i.spi_nssp_mode_enable), (10 bytes).
    Removing gd32c10x_spi.o(i.spi_struct_para_init), (16 bytes).
    Removing gd32c10x_spi.o(i.spi_ti_mode_disable), (10 bytes).
    Removing gd32c10x_spi.o(i.spi_ti_mode_enable), (10 bytes).
    Removing gd32c10x_timer.o(.rev16_text), (4 bytes).
    Removing gd32c10x_timer.o(.revsh_text), (4 bytes).
    Removing gd32c10x_timer.o(i.timer_auto_reload_shadow_disable), (10 bytes).
    Removing gd32c10x_timer.o(i.timer_auto_reload_shadow_enable), (10 bytes).
    Removing gd32c10x_timer.o(i.timer_automatic_output_disable), (10 bytes).
    Removing gd32c10x_timer.o(i.timer_automatic_output_enable), (10 bytes).
    Removing gd32c10x_timer.o(i.timer_autoreload_value_config), (4 bytes).
    Removing gd32c10x_timer.o(i.timer_break_config), (30 bytes).
    Removing gd32c10x_timer.o(i.timer_break_disable), (10 bytes).
    Removing gd32c10x_timer.o(i.timer_break_enable), (10 bytes).
    Removing gd32c10x_timer.o(i.timer_break_struct_para_init), (18 bytes).
    Removing gd32c10x_timer.o(i.timer_channel_capture_value_register_read), (42 bytes).
    Removing gd32c10x_timer.o(i.timer_channel_complementary_output_polarity_config), (70 bytes).
    Removing gd32c10x_timer.o(i.timer_channel_complementary_output_state_config), (70 bytes).
    Removing gd32c10x_timer.o(i.timer_channel_control_shadow_config), (24 bytes).
    Removing gd32c10x_timer.o(i.timer_channel_control_shadow_update_config), (26 bytes).
    Removing gd32c10x_timer.o(i.timer_channel_dma_request_source_select), (26 bytes).
    Removing gd32c10x_timer.o(i.timer_channel_input_capture_prescaler_config), (90 bytes).
    Removing gd32c10x_timer.o(i.timer_channel_input_struct_para_init), (16 bytes).
    Removing gd32c10x_timer.o(i.timer_channel_output_clear_config), (90 bytes).
    Removing gd32c10x_timer.o(i.timer_channel_output_config), (492 bytes).
    Removing gd32c10x_timer.o(i.timer_channel_output_fast_config), (90 bytes).
    Removing gd32c10x_timer.o(i.timer_channel_output_mode_config), (90 bytes).
    Removing gd32c10x_timer.o(i.timer_channel_output_polarity_config), (92 bytes).
    Removing gd32c10x_timer.o(i.timer_channel_output_pulse_value_config), (38 bytes).
    Removing gd32c10x_timer.o(i.timer_channel_output_shadow_config), (90 bytes).
    Removing gd32c10x_timer.o(i.timer_channel_output_state_config), (92 bytes).
    Removing gd32c10x_timer.o(i.timer_channel_output_struct_para_init), (16 bytes).
    Removing gd32c10x_timer.o(i.timer_counter_alignment), (16 bytes).
    Removing gd32c10x_timer.o(i.timer_counter_down_direction), (10 bytes).
    Removing gd32c10x_timer.o(i.timer_counter_read), (8 bytes).
    Removing gd32c10x_timer.o(i.timer_counter_up_direction), (10 bytes).
    Removing gd32c10x_timer.o(i.timer_counter_value_config), (4 bytes).
    Removing gd32c10x_timer.o(i.timer_deinit), (388 bytes).
    Removing gd32c10x_timer.o(i.timer_disable), (10 bytes).
    Removing gd32c10x_timer.o(i.timer_dma_disable), (8 bytes).
    Removing gd32c10x_timer.o(i.timer_dma_enable), (8 bytes).
    Removing gd32c10x_timer.o(i.timer_dma_transfer_config), (24 bytes).
    Removing gd32c10x_timer.o(i.timer_enable), (10 bytes).
    Removing gd32c10x_timer.o(i.timer_event_software_generate), (8 bytes).
    Removing gd32c10x_timer.o(i.timer_external_clock_mode0_config), (40 bytes).
    Removing gd32c10x_timer.o(i.timer_external_clock_mode1_config), (32 bytes).
    Removing gd32c10x_timer.o(i.timer_external_clock_mode1_disable), (10 bytes).
    Removing gd32c10x_timer.o(i.timer_external_trigger_as_external_clock_config), (166 bytes).
    Removing gd32c10x_timer.o(i.timer_external_trigger_config), (30 bytes).
    Removing gd32c10x_timer.o(i.timer_flag_clear), (6 bytes).
    Removing gd32c10x_timer.o(i.timer_flag_get), (16 bytes).
    Removing gd32c10x_timer.o(i.timer_hall_mode_config), (26 bytes).
    Removing gd32c10x_timer.o(i.timer_init), (164 bytes).
    Removing gd32c10x_timer.o(i.timer_input_capture_config), (326 bytes).
    Removing gd32c10x_timer.o(i.timer_input_pwm_capture_config), (356 bytes).
    Removing gd32c10x_timer.o(i.timer_input_trigger_source_select), (16 bytes).
    Removing gd32c10x_timer.o(i.timer_internal_clock_config), (10 bytes).
    Removing gd32c10x_timer.o(i.timer_internal_trigger_as_external_clock_config), (32 bytes).
    Removing gd32c10x_timer.o(i.timer_interrupt_disable), (8 bytes).
    Removing gd32c10x_timer.o(i.timer_interrupt_enable), (8 bytes).
    Removing gd32c10x_timer.o(i.timer_interrupt_flag_clear), (6 bytes).
    Removing gd32c10x_timer.o(i.timer_interrupt_flag_get), (24 bytes).
    Removing gd32c10x_timer.o(i.timer_master_output_trigger_source_select), (16 bytes).
    Removing gd32c10x_timer.o(i.timer_master_slave_mode_config), (26 bytes).
    Removing gd32c10x_timer.o(i.timer_output_value_selection_config), (34 bytes).
    Removing gd32c10x_timer.o(i.timer_prescaler_config), (16 bytes).
    Removing gd32c10x_timer.o(i.timer_prescaler_read), (10 bytes).
    Removing gd32c10x_timer.o(i.timer_primary_output_config), (24 bytes).
    Removing gd32c10x_timer.o(i.timer_quadrature_decoder_mode_config), (64 bytes).
    Removing gd32c10x_timer.o(i.timer_repetition_value_config), (4 bytes).
    Removing gd32c10x_timer.o(i.timer_single_pulse_mode_config), (26 bytes).
    Removing gd32c10x_timer.o(i.timer_slave_mode_select), (16 bytes).
    Removing gd32c10x_timer.o(i.timer_struct_para_init), (22 bytes).
    Removing gd32c10x_timer.o(i.timer_update_event_disable), (10 bytes).
    Removing gd32c10x_timer.o(i.timer_update_event_enable), (10 bytes).
    Removing gd32c10x_timer.o(i.timer_update_source_config), (26 bytes).
    Removing gd32c10x_timer.o(i.timer_write_chxval_register_config), (34 bytes).
    Removing gd32c10x_usart.o(.rev16_text), (4 bytes).
    Removing gd32c10x_usart.o(.revsh_text), (4 bytes).
    Removing gd32c10x_usart.o(i.usart_address_config), (20 bytes).
    Removing gd32c10x_usart.o(i.usart_block_length_config), (28 bytes).
    Removing gd32c10x_usart.o(i.usart_data_first_config), (20 bytes).
    Removing gd32c10x_usart.o(i.usart_data_receive), (10 bytes).
    Removing gd32c10x_usart.o(i.usart_data_transmit), (8 bytes).
    Removing gd32c10x_usart.o(i.usart_disable), (10 bytes).
    Removing gd32c10x_usart.o(i.usart_dma_receive_config), (16 bytes).
    Removing gd32c10x_usart.o(i.usart_dma_transmit_config), (16 bytes).
    Removing gd32c10x_usart.o(i.usart_flag_clear), (26 bytes).
    Removing gd32c10x_usart.o(i.usart_flag_get), (30 bytes).
    Removing gd32c10x_usart.o(i.usart_guard_time_config), (24 bytes).
    Removing gd32c10x_usart.o(i.usart_halfduplex_disable), (10 bytes).
    Removing gd32c10x_usart.o(i.usart_halfduplex_enable), (10 bytes).
    Removing gd32c10x_usart.o(i.usart_hardware_flow_coherence_config), (24 bytes).
    Removing gd32c10x_usart.o(i.usart_hardware_flow_cts_config), (16 bytes).
    Removing gd32c10x_usart.o(i.usart_hardware_flow_rts_config), (16 bytes).
    Removing gd32c10x_usart.o(i.usart_interrupt_disable), (26 bytes).
    Removing gd32c10x_usart.o(i.usart_interrupt_flag_clear), (26 bytes).
    Removing gd32c10x_usart.o(i.usart_interrupt_flag_get), (56 bytes).
    Removing gd32c10x_usart.o(i.usart_invert_config), (104 bytes).
    Removing gd32c10x_usart.o(i.usart_irda_lowpower_config), (20 bytes).
    Removing gd32c10x_usart.o(i.usart_irda_mode_disable), (10 bytes).
    Removing gd32c10x_usart.o(i.usart_irda_mode_enable), (10 bytes).
    Removing gd32c10x_usart.o(i.usart_lin_break_detection_length_config), (20 bytes).
    Removing gd32c10x_usart.o(i.usart_lin_mode_disable), (10 bytes).
    Removing gd32c10x_usart.o(i.usart_lin_mode_enable), (10 bytes).
    Removing gd32c10x_usart.o(i.usart_mute_mode_disable), (10 bytes).
    Removing gd32c10x_usart.o(i.usart_mute_mode_enable), (10 bytes).
    Removing gd32c10x_usart.o(i.usart_mute_mode_wakeup_config), (16 bytes).
    Removing gd32c10x_usart.o(i.usart_parity_config), (16 bytes).
    Removing gd32c10x_usart.o(i.usart_prescaler_config), (16 bytes).
    Removing gd32c10x_usart.o(i.usart_receiver_timeout_disable), (14 bytes).
    Removing gd32c10x_usart.o(i.usart_receiver_timeout_enable), (14 bytes).
    Removing gd32c10x_usart.o(i.usart_receiver_timeout_threshold_config), (20 bytes).
    Removing gd32c10x_usart.o(i.usart_send_break), (10 bytes).
    Removing gd32c10x_usart.o(i.usart_smartcard_autoretry_config), (26 bytes).
    Removing gd32c10x_usart.o(i.usart_smartcard_mode_disable), (10 bytes).
    Removing gd32c10x_usart.o(i.usart_smartcard_mode_enable), (10 bytes).
    Removing gd32c10x_usart.o(i.usart_smartcard_mode_nack_disable), (10 bytes).
    Removing gd32c10x_usart.o(i.usart_smartcard_mode_nack_enable), (10 bytes).
    Removing gd32c10x_usart.o(i.usart_stop_bit_set), (16 bytes).
    Removing gd32c10x_usart.o(i.usart_synchronous_clock_config), (34 bytes).
    Removing gd32c10x_usart.o(i.usart_synchronous_clock_disable), (10 bytes).
    Removing gd32c10x_usart.o(i.usart_synchronous_clock_enable), (10 bytes).
    Removing gd32c10x_usart.o(i.usart_word_length_set), (16 bytes).
    Removing gd32c10x_wwdgt.o(.rev16_text), (4 bytes).
    Removing gd32c10x_wwdgt.o(.revsh_text), (4 bytes).
    Removing gd32c10x_wwdgt.o(i.wwdgt_config), (28 bytes).
    Removing gd32c10x_wwdgt.o(i.wwdgt_counter_update), (16 bytes).
    Removing gd32c10x_wwdgt.o(i.wwdgt_deinit), (20 bytes).
    Removing gd32c10x_wwdgt.o(i.wwdgt_enable), (20 bytes).
    Removing gd32c10x_wwdgt.o(i.wwdgt_flag_clear), (12 bytes).
    Removing gd32c10x_wwdgt.o(i.wwdgt_flag_get), (24 bytes).
    Removing gd32c10x_wwdgt.o(i.wwdgt_interrupt_enable), (20 bytes).
    Removing dadd.o(.text), (334 bytes).
    Removing dmul.o(.text), (228 bytes).
    Removing ddiv.o(.text), (222 bytes).
    Removing dfixul.o(.text), (48 bytes).
    Removing cdrcmple.o(.text), (48 bytes).
    Removing depilogue.o(.text), (186 bytes).

589 unused section(s) (total 22668 bytes) removed from the image.

==============================================================================

Image Symbol Table

    Local Symbols

    Symbol Name                              Value     Ov Type        Size  Object(Section)

    ../clib/microlib/division.c              0x00000000   Number         0  uldiv.o ABSOLUTE
    ../clib/microlib/division.c              0x00000000   Number         0  uidiv.o ABSOLUTE
    ../clib/microlib/init/entry.s            0x00000000   Number         0  entry11b.o ABSOLUTE
    ../clib/microlib/init/entry.s            0x00000000   Number         0  entry7b.o ABSOLUTE
    ../clib/microlib/init/entry.s            0x00000000   Number         0  entry5.o ABSOLUTE
    ../clib/microlib/init/entry.s            0x00000000   Number         0  entry8a.o ABSOLUTE
    ../clib/microlib/init/entry.s            0x00000000   Number         0  entry8b.o ABSOLUTE
    ../clib/microlib/init/entry.s            0x00000000   Number         0  entry2.o ABSOLUTE
    ../clib/microlib/init/entry.s            0x00000000   Number         0  entry9b.o ABSOLUTE
    ../clib/microlib/init/entry.s            0x00000000   Number         0  entry10a.o ABSOLUTE
    ../clib/microlib/init/entry.s            0x00000000   Number         0  entry11a.o ABSOLUTE
    ../clib/microlib/init/entry.s            0x00000000   Number         0  entry10b.o ABSOLUTE
    ../clib/microlib/init/entry.s            0x00000000   Number         0  entry7a.o ABSOLUTE
    ../clib/microlib/init/entry.s            0x00000000   Number         0  entry.o ABSOLUTE
    ../clib/microlib/init/entry.s            0x00000000   Number         0  entry9a.o ABSOLUTE
    ../clib/microlib/longlong.c              0x00000000   Number         0  llshl.o ABSOLUTE
    ../clib/microlib/longlong.c              0x00000000   Number         0  llushr.o ABSOLUTE
    ../clib/microlib/longlong.c              0x00000000   Number         0  llsshr.o ABSOLUTE
    ../clib/microlib/printf/printf.c         0x00000000   Number         0  printfa.o ABSOLUTE
    ../clib/microlib/printf/printf.c         0x00000000   Number         0  printf2.o ABSOLUTE
    ../clib/microlib/printf/printf.c         0x00000000   Number         0  printf3.o ABSOLUTE
    ../clib/microlib/printf/printf.c         0x00000000   Number         0  printf4.o ABSOLUTE
    ../clib/microlib/printf/printf.c         0x00000000   Number         0  printf5.o ABSOLUTE
    ../clib/microlib/printf/printf.c         0x00000000   Number         0  printf6.o ABSOLUTE
    ../clib/microlib/printf/printf.c         0x00000000   Number         0  printf7.o ABSOLUTE
    ../clib/microlib/printf/printf.c         0x00000000   Number         0  printf8.o ABSOLUTE
    ../clib/microlib/printf/printf.c         0x00000000   Number         0  printf1.o ABSOLUTE
    ../clib/microlib/printf/printf.c         0x00000000   Number         0  printf0.o ABSOLUTE
    ../clib/microlib/printf/printf.c         0x00000000   Number         0  printfb.o ABSOLUTE
    ../clib/microlib/printf/stubs.s          0x00000000   Number         0  stubs.o ABSOLUTE
    ../clib/microlib/stdio/streams.c         0x00000000   Number         0  stdout.o ABSOLUTE
    ../clib/microlib/string/memcpy.c         0x00000000   Number         0  memcpyb.o ABSOLUTE
    ../clib/microlib/string/memcpy.c         0x00000000   Number         0  memcpya.o ABSOLUTE
    ../clib/microlib/stubs.s                 0x00000000   Number         0  iusefp.o ABSOLUTE
    ../fplib/microlib/fpadd.c                0x00000000   Number         0  dadd.o ABSOLUTE
    ../fplib/microlib/fpdiv.c                0x00000000   Number         0  ddiv.o ABSOLUTE
    ../fplib/microlib/fpepilogue.c           0x00000000   Number         0  depilogue.o ABSOLUTE
    ../fplib/microlib/fpfix.c                0x00000000   Number         0  dfixul.o ABSOLUTE
    ../fplib/microlib/fpmul.c                0x00000000   Number         0  dmul.o ABSOLUTE
    ..\CMSIS\GD\GD32C10x\Source\system_gd32c10x.c 0x00000000   Number         0  system_gd32c10x.o ABSOLUTE
    ..\Library\Source\gd32c10x_adc.c         0x00000000   Number         0  gd32c10x_adc.o ABSOLUTE
    ..\Library\Source\gd32c10x_bkp.c         0x00000000   Number         0  gd32c10x_bkp.o ABSOLUTE
    ..\Library\Source\gd32c10x_can.c         0x00000000   Number         0  gd32c10x_can.o ABSOLUTE
    ..\Library\Source\gd32c10x_crc.c         0x00000000   Number         0  gd32c10x_crc.o ABSOLUTE
    ..\Library\Source\gd32c10x_ctc.c         0x00000000   Number         0  gd32c10x_ctc.o ABSOLUTE
    ..\Library\Source\gd32c10x_dac.c         0x00000000   Number         0  gd32c10x_dac.o ABSOLUTE
    ..\Library\Source\gd32c10x_dbg.c         0x00000000   Number         0  gd32c10x_dbg.o ABSOLUTE
    ..\Library\Source\gd32c10x_dma.c         0x00000000   Number         0  gd32c10x_dma.o ABSOLUTE
    ..\Library\Source\gd32c10x_exmc.c        0x00000000   Number         0  gd32c10x_exmc.o ABSOLUTE
    ..\Library\Source\gd32c10x_exti.c        0x00000000   Number         0  gd32c10x_exti.o ABSOLUTE
    ..\Library\Source\gd32c10x_fmc.c         0x00000000   Number         0  gd32c10x_fmc.o ABSOLUTE
    ..\Library\Source\gd32c10x_fwdgt.c       0x00000000   Number         0  gd32c10x_fwdgt.o ABSOLUTE
    ..\Library\Source\gd32c10x_gpio.c        0x00000000   Number         0  gd32c10x_gpio.o ABSOLUTE
    ..\Library\Source\gd32c10x_i2c.c         0x00000000   Number         0  gd32c10x_i2c.o ABSOLUTE
    ..\Library\Source\gd32c10x_misc.c        0x00000000   Number         0  gd32c10x_misc.o ABSOLUTE
    ..\Library\Source\gd32c10x_pmu.c         0x00000000   Number         0  gd32c10x_pmu.o ABSOLUTE
    ..\Library\Source\gd32c10x_rcu.c         0x00000000   Number         0  gd32c10x_rcu.o ABSOLUTE
    ..\Library\Source\gd32c10x_rtc.c         0x00000000   Number         0  gd32c10x_rtc.o ABSOLUTE
    ..\Library\Source\gd32c10x_spi.c         0x00000000   Number         0  gd32c10x_spi.o ABSOLUTE
    ..\Library\Source\gd32c10x_timer.c       0x00000000   Number         0  gd32c10x_timer.o ABSOLUTE
    ..\Library\Source\gd32c10x_usart.c       0x00000000   Number         0  gd32c10x_usart.o ABSOLUTE
    ..\Library\Source\gd32c10x_wwdgt.c       0x00000000   Number         0  gd32c10x_wwdgt.o ABSOLUTE
    ..\Startup\startup_gd32c10x.s            0x00000000   Number         0  startup_gd32c10x.o ABSOLUTE
    ..\User\gd32c10x_it.c                    0x00000000   Number         0  gd32c10x_it.o ABSOLUTE
    ..\User\lgi_basic.c                      0x00000000   Number         0  lgi_basic.o ABSOLUTE
    ..\User\main.c                           0x00000000   Number         0  main.o ABSOLUTE
    ..\User\systick.c                        0x00000000   Number         0  systick.o ABSOLUTE
    ..\Utilities\gd32c10x_eval.c             0x00000000   Number         0  gd32c10x_eval.o ABSOLUTE
    ..\\CMSIS\\GD\\GD32C10x\\Source\\system_gd32c10x.c 0x00000000   Number         0  system_gd32c10x.o ABSOLUTE
    ..\\Library\\Source\\gd32c10x_adc.c      0x00000000   Number         0  gd32c10x_adc.o ABSOLUTE
    ..\\Library\\Source\\gd32c10x_bkp.c      0x00000000   Number         0  gd32c10x_bkp.o ABSOLUTE
    ..\\Library\\Source\\gd32c10x_can.c      0x00000000   Number         0  gd32c10x_can.o ABSOLUTE
    ..\\Library\\Source\\gd32c10x_crc.c      0x00000000   Number         0  gd32c10x_crc.o ABSOLUTE
    ..\\Library\\Source\\gd32c10x_ctc.c      0x00000000   Number         0  gd32c10x_ctc.o ABSOLUTE
    ..\\Library\\Source\\gd32c10x_dac.c      0x00000000   Number         0  gd32c10x_dac.o ABSOLUTE
    ..\\Library\\Source\\gd32c10x_dbg.c      0x00000000   Number         0  gd32c10x_dbg.o ABSOLUTE
    ..\\Library\\Source\\gd32c10x_dma.c      0x00000000   Number         0  gd32c10x_dma.o ABSOLUTE
    ..\\Library\\Source\\gd32c10x_exmc.c     0x00000000   Number         0  gd32c10x_exmc.o ABSOLUTE
    ..\\Library\\Source\\gd32c10x_exti.c     0x00000000   Number         0  gd32c10x_exti.o ABSOLUTE
    ..\\Library\\Source\\gd32c10x_fmc.c      0x00000000   Number         0  gd32c10x_fmc.o ABSOLUTE
    ..\\Library\\Source\\gd32c10x_fwdgt.c    0x00000000   Number         0  gd32c10x_fwdgt.o ABSOLUTE
    ..\\Library\\Source\\gd32c10x_gpio.c     0x00000000   Number         0  gd32c10x_gpio.o ABSOLUTE
    ..\\Library\\Source\\gd32c10x_i2c.c      0x00000000   Number         0  gd32c10x_i2c.o ABSOLUTE
    ..\\Library\\Source\\gd32c10x_misc.c     0x00000000   Number         0  gd32c10x_misc.o ABSOLUTE
    ..\\Library\\Source\\gd32c10x_pmu.c      0x00000000   Number         0  gd32c10x_pmu.o ABSOLUTE
    ..\\Library\\Source\\gd32c10x_rcu.c      0x00000000   Number         0  gd32c10x_rcu.o ABSOLUTE
    ..\\Library\\Source\\gd32c10x_rtc.c      0x00000000   Number         0  gd32c10x_rtc.o ABSOLUTE
    ..\\Library\\Source\\gd32c10x_spi.c      0x00000000   Number         0  gd32c10x_spi.o ABSOLUTE
    ..\\Library\\Source\\gd32c10x_timer.c    0x00000000   Number         0  gd32c10x_timer.o ABSOLUTE
    ..\\Library\\Source\\gd32c10x_usart.c    0x00000000   Number         0  gd32c10x_usart.o ABSOLUTE
    ..\\Library\\Source\\gd32c10x_wwdgt.c    0x00000000   Number         0  gd32c10x_wwdgt.o ABSOLUTE
    ..\\User\\gd32c10x_it.c                  0x00000000   Number         0  gd32c10x_it.o ABSOLUTE
    ..\\User\\lgi_basic.c                    0x00000000   Number         0  lgi_basic.o ABSOLUTE
    ..\\User\\main.c                         0x00000000   Number         0  main.o ABSOLUTE
    ..\\User\\systick.c                      0x00000000   Number         0  systick.o ABSOLUTE
    ..\\Utilities\\gd32c10x_eval.c           0x00000000   Number         0  gd32c10x_eval.o ABSOLUTE
    cdrcmple.s                               0x00000000   Number         0  cdrcmple.o ABSOLUTE
    dc.s                                     0x00000000   Number         0  dc.o ABSOLUTE
    handlers.s                               0x00000000   Number         0  handlers.o ABSOLUTE
    init.s                                   0x00000000   Number         0  init.o ABSOLUTE
    RESET                                    0x08000000   Section      336  startup_gd32c10x.o(RESET)
    .ARM.Collect$$$$00000000                 0x08000150   Section        0  entry.o(.ARM.Collect$$$$00000000)
    .ARM.Collect$$$$00000001                 0x08000150   Section        4  entry2.o(.ARM.Collect$$$$00000001)
    .ARM.Collect$$$$00000004                 0x08000154   Section        4  entry5.o(.ARM.Collect$$$$00000004)
    .ARM.Collect$$$$00000008                 0x08000158   Section        0  entry7b.o(.ARM.Collect$$$$00000008)
    .ARM.Collect$$$$0000000A                 0x08000158   Section        0  entry8b.o(.ARM.Collect$$$$0000000A)
    .ARM.Collect$$$$0000000B                 0x08000158   Section        8  entry9a.o(.ARM.Collect$$$$0000000B)
    .ARM.Collect$$$$0000000D                 0x08000160   Section        0  entry10a.o(.ARM.Collect$$$$0000000D)
    .ARM.Collect$$$$0000000F                 0x08000160   Section        0  entry11a.o(.ARM.Collect$$$$0000000F)
    .ARM.Collect$$$$00002712                 0x08000160   Section        4  entry2.o(.ARM.Collect$$$$00002712)
    __lit__00000000                          0x08000160   Data           4  entry2.o(.ARM.Collect$$$$00002712)
    .text                                    0x08000164   Section       36  startup_gd32c10x.o(.text)
    $v0                                      0x08000164   Number         0  startup_gd32c10x.o(.text)
    .text                                    0x08000188   Section        0  memcpya.o(.text)
    .text                                    0x080001ac   Section       36  init.o(.text)
    i.BusFault_Handler                       0x080001d0   Section        0  gd32c10x_it.o(i.BusFault_Handler)
    i.CAN0_RX0_IRQHandler                    0x080001d4   Section        0  gd32c10x_it.o(i.CAN0_RX0_IRQHandler)
    i.CAN1_RX0_IRQHandler                    0x080001f4   Section        0  gd32c10x_it.o(i.CAN1_RX0_IRQHandler)
    i.DebugMon_Handler                       0x08000214   Section        0  gd32c10x_it.o(i.DebugMon_Handler)
    i.HardFault_Handler                      0x08000216   Section        0  gd32c10x_it.o(i.HardFault_Handler)
    i.I2C_SendData                           0x0800021c   Section        0  main.o(i.I2C_SendData)
    i.LGI_Init                               0x080002a0   Section        0  lgi_basic.o(i.LGI_Init)
    i.MemManage_Handler                      0x080002c0   Section        0  gd32c10x_it.o(i.MemManage_Handler)
    i.NMI_Handler                            0x080002c4   Section        0  gd32c10x_it.o(i.NMI_Handler)
    i.NVIC_SetPriority                       0x080002c8   Section        0  systick.o(i.NVIC_SetPriority)
    NVIC_SetPriority                         0x080002c9   Thumb Code    32  systick.o(i.NVIC_SetPriority)
    i.PendSV_Handler                         0x080002f0   Section        0  gd32c10x_it.o(i.PendSV_Handler)
    i.SVC_Handler                            0x080002f2   Section        0  gd32c10x_it.o(i.SVC_Handler)
    i.Serial_begin                           0x080002f4   Section        0  lgi_basic.o(i.Serial_begin)
    i.SysTick_Handler                        0x0800031c   Section        0  gd32c10x_it.o(i.SysTick_Handler)
    i.SystemInit                             0x08000324   Section        0  system_gd32c10x.o(i.SystemInit)
    i.UsageFault_Handler                     0x080003c8   Section        0  gd32c10x_it.o(i.UsageFault_Handler)
    i.__scatterload_copy                     0x080003cc   Section       14  handlers.o(i.__scatterload_copy)
    i.__scatterload_null                     0x080003da   Section        2  handlers.o(i.__scatterload_null)
    i.__scatterload_zeroinit                 0x080003dc   Section       14  handlers.o(i.__scatterload_zeroinit)
    i.can0SaveData                           0x080003ec   Section        0  main.o(i.can0SaveData)
    i.can1SaveData                           0x08000518   Section        0  main.o(i.can1SaveData)
    i.can1_filter_start_bank                 0x08000644   Section        0  gd32c10x_can.o(i.can1_filter_start_bank)
    i.canInit                                0x0800067c   Section        0  main.o(i.canInit)
    i.can_config0                            0x080007f0   Section        0  main.o(i.can_config0)
    i.can_config1                            0x08000918   Section        0  main.o(i.can_config1)
    i.can_deinit                             0x08000a44   Section        0  gd32c10x_can.o(i.can_deinit)
    i.can_fd_frequency_set                   0x08000a78   Section        0  gd32c10x_can.o(i.can_fd_frequency_set)
    i.can_fd_init                            0x08000aaa   Section        0  gd32c10x_can.o(i.can_fd_init)
    i.can_filter_init                        0x08000ba0   Section        0  gd32c10x_can.o(i.can_filter_init)
    i.can_filter_mask_mode_init              0x08000cb0   Section        0  gd32c10x_can.o(i.can_filter_mask_mode_init)
    i.can_frequency_set                      0x08000db8   Section        0  gd32c10x_can.o(i.can_frequency_set)
    i.can_gpio_config                        0x08000e2c   Section        0  main.o(i.can_gpio_config)
    i.can_init                               0x08000e98   Section        0  gd32c10x_can.o(i.can_init)
    i.can_interrupt_enable                   0x0800103c   Section        0  gd32c10x_can.o(i.can_interrupt_enable)
    i.can_message_receive                    0x08001044   Section        0  gd32c10x_can.o(i.can_message_receive)
    i.can_message_transmit                   0x08001208   Section        0  gd32c10x_can.o(i.can_message_transmit)
    i.can_struct_para_init                   0x0800147c   Section        0  gd32c10x_can.o(i.can_struct_para_init)
    i.can_working_mode_set                   0x0800155e   Section        0  gd32c10x_can.o(i.can_working_mode_set)
    i.char2long                              0x08001606   Section        0  main.o(i.char2long)
    i.delay_decrement                        0x08001620   Section        0  systick.o(i.delay_decrement)
    i.dev_can_baudrate_set                   0x08001644   Section        0  gd32c10x_can.o(i.dev_can_baudrate_set)
    dev_can_baudrate_set                     0x08001645   Thumb Code   168  gd32c10x_can.o(i.dev_can_baudrate_set)
    i.dev_can_fd_baudrate_set                0x080016f0   Section        0  gd32c10x_can.o(i.dev_can_fd_baudrate_set)
    dev_can_fd_baudrate_set                  0x080016f1   Thumb Code   216  gd32c10x_can.o(i.dev_can_fd_baudrate_set)
    i.gd_eval_com_init                       0x080017d0   Section        0  gd32c10x_eval.o(i.gd_eval_com_init)
    i.getI2CDta                              0x0800186c   Section        0  main.o(i.getI2CDta)
    i.gpio_init                              0x08001914   Section        0  gd32c10x_gpio.o(i.gpio_init)
    i.i2c_ack_config                         0x080019d0   Section        0  gd32c10x_i2c.o(i.i2c_ack_config)
    i.i2c_clock_config                       0x080019e8   Section        0  gd32c10x_i2c.o(i.i2c_clock_config)
    i.i2c_config                             0x08001b28   Section        0  main.o(i.i2c_config)
    i.i2c_data_receive                       0x08001b70   Section        0  gd32c10x_i2c.o(i.i2c_data_receive)
    i.i2c_data_transmit                      0x08001b78   Section        0  gd32c10x_i2c.o(i.i2c_data_transmit)
    i.i2c_enable                             0x08001b7e   Section        0  gd32c10x_i2c.o(i.i2c_enable)
    i.i2c_flag_clear                         0x08001b88   Section        0  gd32c10x_i2c.o(i.i2c_flag_clear)
    i.i2c_flag_get                           0x08001bb0   Section        0  gd32c10x_i2c.o(i.i2c_flag_get)
    i.i2c_mode_addr_config                   0x08001bce   Section        0  gd32c10x_i2c.o(i.i2c_mode_addr_config)
    i.long2char                              0x08001bea   Section        0  main.o(i.long2char)
    i.main                                   0x08001bfc   Section        0  main.o(i.main)
    i.mask_filt_data_init                    0x080020ac   Section        0  main.o(i.mask_filt_data_init)
    i.nvic_irq_enable                        0x080020f0   Section        0  gd32c10x_misc.o(i.nvic_irq_enable)
    i.nvic_priority_group_set                0x0800219c   Section        0  gd32c10x_misc.o(i.nvic_priority_group_set)
    i.nvic_vector_table_set                  0x080021b0   Section        0  gd32c10x_misc.o(i.nvic_vector_table_set)
    i.rcu_clock_freq_get                     0x080021c8   Section        0  gd32c10x_rcu.o(i.rcu_clock_freq_get)
    i.rcu_periph_clock_enable                0x08002348   Section        0  gd32c10x_rcu.o(i.rcu_periph_clock_enable)
    i.rcu_periph_reset_disable               0x08002368   Section        0  gd32c10x_rcu.o(i.rcu_periph_reset_disable)
    i.rcu_periph_reset_enable                0x08002388   Section        0  gd32c10x_rcu.o(i.rcu_periph_reset_enable)
    i.sendI2CDta                             0x080023a8   Section        0  main.o(i.sendI2CDta)
    i.system_clock_120m_hxtal                0x0800248c   Section        0  system_gd32c10x.o(i.system_clock_120m_hxtal)
    system_clock_120m_hxtal                  0x0800248d   Thumb Code   226  system_gd32c10x.o(i.system_clock_120m_hxtal)
    i.system_clock_config                    0x08002588   Section        0  system_gd32c10x.o(i.system_clock_config)
    system_clock_config                      0x08002589   Thumb Code     8  system_gd32c10x.o(i.system_clock_config)
    i.systick_config                         0x08002590   Section        0  systick.o(i.systick_config)
    i.usart_baudrate_set                     0x080025e0   Section        0  gd32c10x_usart.o(i.usart_baudrate_set)
    i.usart_deinit                           0x08002670   Section        0  gd32c10x_usart.o(i.usart_deinit)
    i.usart_enable                           0x08002700   Section        0  gd32c10x_usart.o(i.usart_enable)
    i.usart_interrupt_enable                 0x0800270a   Section        0  gd32c10x_usart.o(i.usart_interrupt_enable)
    i.usart_receive_config                   0x08002724   Section        0  gd32c10x_usart.o(i.usart_receive_config)
    i.usart_transmit_config                  0x08002734   Section        0  gd32c10x_usart.o(i.usart_transmit_config)
    .constdata                               0x08002744   Section      216  gd32c10x_can.o(.constdata)
    timing_pts                               0x0800274c   Data         184  gd32c10x_can.o(.constdata)
    .data                                    0x20000000   Section        4  system_gd32c10x.o(.data)
    .data                                    0x20000004   Section       36  main.o(.data)
    .data                                    0x20000028   Section      125  gd32c10x_eval.o(.data)
    GPIO_PORT                                0x20000028   Data          16  gd32c10x_eval.o(.data)
    GPIO_PIN                                 0x20000038   Data          16  gd32c10x_eval.o(.data)
    COM_CLK                                  0x20000048   Data           4  gd32c10x_eval.o(.data)
    COM_TX_PIN                               0x2000004c   Data           8  gd32c10x_eval.o(.data)
    COM_RX_PIN                               0x20000054   Data           8  gd32c10x_eval.o(.data)
    COM_GPIO_PORT                            0x2000005c   Data           8  gd32c10x_eval.o(.data)
    COM_GPIO_CLK                             0x20000064   Data           4  gd32c10x_eval.o(.data)
    GPIO_CLK                                 0x20000068   Data           8  gd32c10x_eval.o(.data)
    KEY_PORT                                 0x20000070   Data          12  gd32c10x_eval.o(.data)
    KEY_PIN                                  0x2000007c   Data          12  gd32c10x_eval.o(.data)
    KEY_CLK                                  0x20000088   Data           6  gd32c10x_eval.o(.data)
    KEY_EXTI_LINE                            0x20000090   Data          12  gd32c10x_eval.o(.data)
    KEY_PORT_SOURCE                          0x2000009c   Data           3  gd32c10x_eval.o(.data)
    KEY_PIN_SOURCE                           0x2000009f   Data           3  gd32c10x_eval.o(.data)
    KEY_IRQn                                 0x200000a2   Data           3  gd32c10x_eval.o(.data)
    .data                                    0x200000a8   Section        4  systick.o(.data)
    delay                                    0x200000a8   Data           4  systick.o(.data)
    .data                                    0x200000ac   Section        8  lgi_basic.o(.data)
    .bss                                     0x200000b4   Section     2216  main.o(.bss)
    STACK                                    0x20000960   Section     1024  startup_gd32c10x.o(STACK)

    Global Symbols

    Symbol Name                              Value     Ov Type        Size  Object(Section)

    BuildAttributes$$THM_ISAv4$E$P$D$K$B$S$7EM$VFPi3$EXTD16$VFPS$VFMA$PE$A:L22UL41UL21$X:L11$S22US41US21$IEEE1$IW$USESV6$~STKCKD$USESV7$~SHL$OSPACE$ROPI$EBA8$MICROLIB$REQ8$PRES8$EABIv2 0x00000000   Number         0  anon$$obj.o ABSOLUTE
    __ARM_use_no_argv                        0x00000000   Number         0  main.o ABSOLUTE
    _printf_a                                0x00000000   Number         0  stubs.o ABSOLUTE
    _printf_c                                0x00000000   Number         0  stubs.o ABSOLUTE
    _printf_charcount                        0x00000000   Number         0  stubs.o ABSOLUTE
    _printf_d                                0x00000000   Number         0  stubs.o ABSOLUTE
    _printf_e                                0x00000000   Number         0  stubs.o ABSOLUTE
    _printf_f                                0x00000000   Number         0  stubs.o ABSOLUTE
    _printf_flags                            0x00000000   Number         0  stubs.o ABSOLUTE
    _printf_fp_dec                           0x00000000   Number         0  stubs.o ABSOLUTE
    _printf_fp_hex                           0x00000000   Number         0  stubs.o ABSOLUTE
    _printf_g                                0x00000000   Number         0  stubs.o ABSOLUTE
    _printf_i                                0x00000000   Number         0  stubs.o ABSOLUTE
    _printf_int_dec                          0x00000000   Number         0  stubs.o ABSOLUTE
    _printf_l                                0x00000000   Number         0  stubs.o ABSOLUTE
    _printf_lc                               0x00000000   Number         0  stubs.o ABSOLUTE
    _printf_ll                               0x00000000   Number         0  stubs.o ABSOLUTE
    _printf_lld                              0x00000000   Number         0  stubs.o ABSOLUTE
    _printf_lli                              0x00000000   Number         0  stubs.o ABSOLUTE
    _printf_llo                              0x00000000   Number         0  stubs.o ABSOLUTE
    _printf_llu                              0x00000000   Number         0  stubs.o ABSOLUTE
    _printf_llx                              0x00000000   Number         0  stubs.o ABSOLUTE
    _printf_longlong_dec                     0x00000000   Number         0  stubs.o ABSOLUTE
    _printf_longlong_hex                     0x00000000   Number         0  stubs.o ABSOLUTE
    _printf_longlong_oct                     0x00000000   Number         0  stubs.o ABSOLUTE
    _printf_ls                               0x00000000   Number         0  stubs.o ABSOLUTE
    _printf_mbtowc                           0x00000000   Number         0  stubs.o ABSOLUTE
    _printf_n                                0x00000000   Number         0  stubs.o ABSOLUTE
    _printf_o                                0x00000000   Number         0  stubs.o ABSOLUTE
    _printf_p                                0x00000000   Number         0  stubs.o ABSOLUTE
    _printf_percent                          0x00000000   Number         0  stubs.o ABSOLUTE
    _printf_pre_padding                      0x00000000   Number         0  stubs.o ABSOLUTE
    _printf_return_value                     0x00000000   Number         0  stubs.o ABSOLUTE
    _printf_s                                0x00000000   Number         0  stubs.o ABSOLUTE
    _printf_sizespec                         0x00000000   Number         0  stubs.o ABSOLUTE
    _printf_str                              0x00000000   Number         0  stubs.o ABSOLUTE
    _printf_truncate_signed                  0x00000000   Number         0  stubs.o ABSOLUTE
    _printf_truncate_unsigned                0x00000000   Number         0  stubs.o ABSOLUTE
    _printf_u                                0x00000000   Number         0  stubs.o ABSOLUTE
    _printf_wc                               0x00000000   Number         0  stubs.o ABSOLUTE
    _printf_wctomb                           0x00000000   Number         0  stubs.o ABSOLUTE
    _printf_widthprec                        0x00000000   Number         0  stubs.o ABSOLUTE
    _printf_x                                0x00000000   Number         0  stubs.o ABSOLUTE
    __cpp_initialize__aeabi_                  - Undefined Weak Reference
    __cxa_finalize                            - Undefined Weak Reference
    __decompress                              - Undefined Weak Reference
    _clock_init                               - Undefined Weak Reference
    _microlib_exit                            - Undefined Weak Reference
    __Vectors_Size                           0x00000150   Number         0  startup_gd32c10x.o ABSOLUTE
    __Vectors                                0x08000000   Data           4  startup_gd32c10x.o(RESET)
    __Vectors_End                            0x08000150   Data           0  startup_gd32c10x.o(RESET)
    __main                                   0x08000151   Thumb Code     0  entry.o(.ARM.Collect$$$$00000000)
    _main_stk                                0x08000151   Thumb Code     0  entry2.o(.ARM.Collect$$$$00000001)
    _main_scatterload                        0x08000155   Thumb Code     0  entry5.o(.ARM.Collect$$$$00000004)
    __main_after_scatterload                 0x08000159   Thumb Code     0  entry5.o(.ARM.Collect$$$$00000004)
    _main_clock                              0x08000159   Thumb Code     0  entry7b.o(.ARM.Collect$$$$00000008)
    _main_cpp_init                           0x08000159   Thumb Code     0  entry8b.o(.ARM.Collect$$$$0000000A)
    _main_init                               0x08000159   Thumb Code     0  entry9a.o(.ARM.Collect$$$$0000000B)
    __rt_final_cpp                           0x08000161   Thumb Code     0  entry10a.o(.ARM.Collect$$$$0000000D)
    __rt_final_exit                          0x08000161   Thumb Code     0  entry11a.o(.ARM.Collect$$$$0000000F)
    Reset_Handler                            0x08000165   Thumb Code     8  startup_gd32c10x.o(.text)
    ADC0_1_IRQHandler                        0x0800017f   Thumb Code     0  startup_gd32c10x.o(.text)
    CAN0_EWMC_IRQHandler                     0x0800017f   Thumb Code     0  startup_gd32c10x.o(.text)
    CAN0_RX1_IRQHandler                      0x0800017f   Thumb Code     0  startup_gd32c10x.o(.text)
    CAN0_TX_IRQHandler                       0x0800017f   Thumb Code     0  startup_gd32c10x.o(.text)
    CAN1_EWMC_IRQHandler                     0x0800017f   Thumb Code     0  startup_gd32c10x.o(.text)
    CAN1_RX1_IRQHandler                      0x0800017f   Thumb Code     0  startup_gd32c10x.o(.text)
    CAN1_TX_IRQHandler                       0x0800017f   Thumb Code     0  startup_gd32c10x.o(.text)
    DMA0_Channel0_IRQHandler                 0x0800017f   Thumb Code     0  startup_gd32c10x.o(.text)
    DMA0_Channel1_IRQHandler                 0x0800017f   Thumb Code     0  startup_gd32c10x.o(.text)
    DMA0_Channel2_IRQHandler                 0x0800017f   Thumb Code     0  startup_gd32c10x.o(.text)
    DMA0_Channel3_IRQHandler                 0x0800017f   Thumb Code     0  startup_gd32c10x.o(.text)
    DMA0_Channel4_IRQHandler                 0x0800017f   Thumb Code     0  startup_gd32c10x.o(.text)
    DMA0_Channel5_IRQHandler                 0x0800017f   Thumb Code     0  startup_gd32c10x.o(.text)
    DMA0_Channel6_IRQHandler                 0x0800017f   Thumb Code     0  startup_gd32c10x.o(.text)
    DMA1_Channel0_IRQHandler                 0x0800017f   Thumb Code     0  startup_gd32c10x.o(.text)
    DMA1_Channel1_IRQHandler                 0x0800017f   Thumb Code     0  startup_gd32c10x.o(.text)
    DMA1_Channel2_IRQHandler                 0x0800017f   Thumb Code     0  startup_gd32c10x.o(.text)
    DMA1_Channel3_IRQHandler                 0x0800017f   Thumb Code     0  startup_gd32c10x.o(.text)
    DMA1_Channel4_IRQHandler                 0x0800017f   Thumb Code     0  startup_gd32c10x.o(.text)
    EXMC_IRQHandler                          0x0800017f   Thumb Code     0  startup_gd32c10x.o(.text)
    EXTI0_IRQHandler                         0x0800017f   Thumb Code     0  startup_gd32c10x.o(.text)
    EXTI10_15_IRQHandler                     0x0800017f   Thumb Code     0  startup_gd32c10x.o(.text)
    EXTI1_IRQHandler                         0x0800017f   Thumb Code     0  startup_gd32c10x.o(.text)
    EXTI2_IRQHandler                         0x0800017f   Thumb Code     0  startup_gd32c10x.o(.text)
    EXTI3_IRQHandler                         0x0800017f   Thumb Code     0  startup_gd32c10x.o(.text)
    EXTI4_IRQHandler                         0x0800017f   Thumb Code     0  startup_gd32c10x.o(.text)
    EXTI5_9_IRQHandler                       0x0800017f   Thumb Code     0  startup_gd32c10x.o(.text)
    FMC_IRQHandler                           0x0800017f   Thumb Code     0  startup_gd32c10x.o(.text)
    I2C0_ER_IRQHandler                       0x0800017f   Thumb Code     0  startup_gd32c10x.o(.text)
    I2C0_EV_IRQHandler                       0x0800017f   Thumb Code     0  startup_gd32c10x.o(.text)
    I2C1_ER_IRQHandler                       0x0800017f   Thumb Code     0  startup_gd32c10x.o(.text)
    I2C1_EV_IRQHandler                       0x0800017f   Thumb Code     0  startup_gd32c10x.o(.text)
    LVD_IRQHandler                           0x0800017f   Thumb Code     0  startup_gd32c10x.o(.text)
    RCU_CTC_IRQHandler                       0x0800017f   Thumb Code     0  startup_gd32c10x.o(.text)
    RTC_Alarm_IRQHandler                     0x0800017f   Thumb Code     0  startup_gd32c10x.o(.text)
    RTC_IRQHandler                           0x0800017f   Thumb Code     0  startup_gd32c10x.o(.text)
    SPI0_IRQHandler                          0x0800017f   Thumb Code     0  startup_gd32c10x.o(.text)
    SPI1_IRQHandler                          0x0800017f   Thumb Code     0  startup_gd32c10x.o(.text)
    SPI2_IRQHandler                          0x0800017f   Thumb Code     0  startup_gd32c10x.o(.text)
    TAMPER_IRQHandler                        0x0800017f   Thumb Code     0  startup_gd32c10x.o(.text)
    TIMER0_BRK_TIMER8_IRQHandler             0x0800017f   Thumb Code     0  startup_gd32c10x.o(.text)
    TIMER0_Channel_IRQHandler                0x0800017f   Thumb Code     0  startup_gd32c10x.o(.text)
    TIMER0_TRG_CMT_TIMER10_IRQHandler        0x0800017f   Thumb Code     0  startup_gd32c10x.o(.text)
    TIMER0_UP_TIMER9_IRQHandler              0x0800017f   Thumb Code     0  startup_gd32c10x.o(.text)
    TIMER1_IRQHandler                        0x0800017f   Thumb Code     0  startup_gd32c10x.o(.text)
    TIMER2_IRQHandler                        0x0800017f   Thumb Code     0  startup_gd32c10x.o(.text)
    TIMER3_IRQHandler                        0x0800017f   Thumb Code     0  startup_gd32c10x.o(.text)
    TIMER4_IRQHandler                        0x0800017f   Thumb Code     0  startup_gd32c10x.o(.text)
    TIMER5_IRQHandler                        0x0800017f   Thumb Code     0  startup_gd32c10x.o(.text)
    TIMER6_IRQHandler                        0x0800017f   Thumb Code     0  startup_gd32c10x.o(.text)
    TIMER7_BRK_TIMER11_IRQHandler            0x0800017f   Thumb Code     0  startup_gd32c10x.o(.text)
    TIMER7_Channel_IRQHandler                0x0800017f   Thumb Code     0  startup_gd32c10x.o(.text)
    TIMER7_TRG_CMT_TIMER13_IRQHandler        0x0800017f   Thumb Code     0  startup_gd32c10x.o(.text)
    TIMER7_UP_TIMER12_IRQHandler             0x0800017f   Thumb Code     0  startup_gd32c10x.o(.text)
    UART3_IRQHandler                         0x0800017f   Thumb Code     0  startup_gd32c10x.o(.text)
    UART4_IRQHandler                         0x0800017f   Thumb Code     0  startup_gd32c10x.o(.text)
    USART0_IRQHandler                        0x0800017f   Thumb Code     0  startup_gd32c10x.o(.text)
    USART1_IRQHandler                        0x0800017f   Thumb Code     0  startup_gd32c10x.o(.text)
    USART2_IRQHandler                        0x0800017f   Thumb Code     0  startup_gd32c10x.o(.text)
    USBFS_IRQHandler                         0x0800017f   Thumb Code     0  startup_gd32c10x.o(.text)
    USBFS_WKUP_IRQHandler                    0x0800017f   Thumb Code     0  startup_gd32c10x.o(.text)
    WWDGT_IRQHandler                         0x0800017f   Thumb Code     0  startup_gd32c10x.o(.text)
    __aeabi_memcpy                           0x08000189   Thumb Code    36  memcpya.o(.text)
    __aeabi_memcpy4                          0x08000189   Thumb Code     0  memcpya.o(.text)
    __aeabi_memcpy8                          0x08000189   Thumb Code     0  memcpya.o(.text)
    __scatterload                            0x080001ad   Thumb Code    28  init.o(.text)
    __scatterload_rt2                        0x080001ad   Thumb Code     0  init.o(.text)
    BusFault_Handler                         0x080001d1   Thumb Code     4  gd32c10x_it.o(i.BusFault_Handler)
    CAN0_RX0_IRQHandler                      0x080001d5   Thumb Code    20  gd32c10x_it.o(i.CAN0_RX0_IRQHandler)
    CAN1_RX0_IRQHandler                      0x080001f5   Thumb Code    20  gd32c10x_it.o(i.CAN1_RX0_IRQHandler)
    DebugMon_Handler                         0x08000215   Thumb Code     2  gd32c10x_it.o(i.DebugMon_Handler)
    HardFault_Handler                        0x08000217   Thumb Code     4  gd32c10x_it.o(i.HardFault_Handler)
    I2C_SendData                             0x0800021d   Thumb Code   126  main.o(i.I2C_SendData)
    LGI_Init                                 0x080002a1   Thumb Code    32  lgi_basic.o(i.LGI_Init)
    MemManage_Handler                        0x080002c1   Thumb Code     4  gd32c10x_it.o(i.MemManage_Handler)
    NMI_Handler                              0x080002c5   Thumb Code     2  gd32c10x_it.o(i.NMI_Handler)
    PendSV_Handler                           0x080002f1   Thumb Code     2  gd32c10x_it.o(i.PendSV_Handler)
    SVC_Handler                              0x080002f3   Thumb Code     2  gd32c10x_it.o(i.SVC_Handler)
    Serial_begin                             0x080002f5   Thumb Code    34  lgi_basic.o(i.Serial_begin)
    SysTick_Handler                          0x0800031d   Thumb Code     8  gd32c10x_it.o(i.SysTick_Handler)
    SystemInit                               0x08000325   Thumb Code   150  system_gd32c10x.o(i.SystemInit)
    UsageFault_Handler                       0x080003c9   Thumb Code     4  gd32c10x_it.o(i.UsageFault_Handler)
    __scatterload_copy                       0x080003cd   Thumb Code    14  handlers.o(i.__scatterload_copy)
    __scatterload_null                       0x080003db   Thumb Code     2  handlers.o(i.__scatterload_null)
    __scatterload_zeroinit                   0x080003dd   Thumb Code    14  handlers.o(i.__scatterload_zeroinit)
    can0SaveData                             0x080003ed   Thumb Code   282  main.o(i.can0SaveData)
    can1SaveData                             0x08000519   Thumb Code   282  main.o(i.can1SaveData)
    can1_filter_start_bank                   0x08000645   Thumb Code    52  gd32c10x_can.o(i.can1_filter_start_bank)
    canInit                                  0x0800067d   Thumb Code   358  main.o(i.canInit)
    can_config0                              0x080007f1   Thumb Code   290  main.o(i.can_config0)
    can_config1                              0x08000919   Thumb Code   294  main.o(i.can_config1)
    can_deinit                               0x08000a45   Thumb Code    46  gd32c10x_can.o(i.can_deinit)
    can_fd_frequency_set                     0x08000a79   Thumb Code    50  gd32c10x_can.o(i.can_fd_frequency_set)
    can_fd_init                              0x08000aab   Thumb Code   244  gd32c10x_can.o(i.can_fd_init)
    can_filter_init                          0x08000ba1   Thumb Code   262  gd32c10x_can.o(i.can_filter_init)
    can_filter_mask_mode_init                0x08000cb1   Thumb Code   264  gd32c10x_can.o(i.can_filter_mask_mode_init)
    can_frequency_set                        0x08000db9   Thumb Code   112  gd32c10x_can.o(i.can_frequency_set)
    can_gpio_config                          0x08000e2d   Thumb Code   100  main.o(i.can_gpio_config)
    can_init                                 0x08000e99   Thumb Code   420  gd32c10x_can.o(i.can_init)
    can_interrupt_enable                     0x0800103d   Thumb Code     8  gd32c10x_can.o(i.can_interrupt_enable)
    can_message_receive                      0x08001045   Thumb Code   448  gd32c10x_can.o(i.can_message_receive)
    can_message_transmit                     0x08001209   Thumb Code   620  gd32c10x_can.o(i.can_message_transmit)
    can_struct_para_init                     0x0800147d   Thumb Code   226  gd32c10x_can.o(i.can_struct_para_init)
    can_working_mode_set                     0x0800155f   Thumb Code   168  gd32c10x_can.o(i.can_working_mode_set)
    char2long                                0x08001607   Thumb Code    26  main.o(i.char2long)
    delay_decrement                          0x08001621   Thumb Code    28  systick.o(i.delay_decrement)
    gd_eval_com_init                         0x080017d1   Thumb Code   126  gd32c10x_eval.o(i.gd_eval_com_init)
    getI2CDta                                0x0800186d   Thumb Code   162  main.o(i.getI2CDta)
    gpio_init                                0x08001915   Thumb Code   188  gd32c10x_gpio.o(i.gpio_init)
    i2c_ack_config                           0x080019d1   Thumb Code    24  gd32c10x_i2c.o(i.i2c_ack_config)
    i2c_clock_config                         0x080019e9   Thumb Code   306  gd32c10x_i2c.o(i.i2c_clock_config)
    i2c_config                               0x08001b29   Thumb Code    60  main.o(i.i2c_config)
    i2c_data_receive                         0x08001b71   Thumb Code     8  gd32c10x_i2c.o(i.i2c_data_receive)
    i2c_data_transmit                        0x08001b79   Thumb Code     6  gd32c10x_i2c.o(i.i2c_data_transmit)
    i2c_enable                               0x08001b7f   Thumb Code    10  gd32c10x_i2c.o(i.i2c_enable)
    i2c_flag_clear                           0x08001b89   Thumb Code    40  gd32c10x_i2c.o(i.i2c_flag_clear)
    i2c_flag_get                             0x08001bb1   Thumb Code    30  gd32c10x_i2c.o(i.i2c_flag_get)
    i2c_mode_addr_config                     0x08001bcf   Thumb Code    28  gd32c10x_i2c.o(i.i2c_mode_addr_config)
    long2char                                0x08001beb   Thumb Code    16  main.o(i.long2char)
    main                                     0x08001bfd   Thumb Code  1180  main.o(i.main)
    mask_filt_data_init                      0x080020ad   Thumb Code    60  main.o(i.mask_filt_data_init)
    nvic_irq_enable                          0x080020f1   Thumb Code   162  gd32c10x_misc.o(i.nvic_irq_enable)
    nvic_priority_group_set                  0x0800219d   Thumb Code    10  gd32c10x_misc.o(i.nvic_priority_group_set)
    nvic_vector_table_set                    0x080021b1   Thumb Code    16  gd32c10x_misc.o(i.nvic_vector_table_set)
    rcu_clock_freq_get                       0x080021c9   Thumb Code   352  gd32c10x_rcu.o(i.rcu_clock_freq_get)
    rcu_periph_clock_enable                  0x08002349   Thumb Code    28  gd32c10x_rcu.o(i.rcu_periph_clock_enable)
    rcu_periph_reset_disable                 0x08002369   Thumb Code    28  gd32c10x_rcu.o(i.rcu_periph_reset_disable)
    rcu_periph_reset_enable                  0x08002389   Thumb Code    28  gd32c10x_rcu.o(i.rcu_periph_reset_enable)
    sendI2CDta                               0x080023a9   Thumb Code   222  main.o(i.sendI2CDta)
    systick_config                           0x08002591   Thumb Code    74  systick.o(i.systick_config)
    usart_baudrate_set                       0x080025e1   Thumb Code   136  gd32c10x_usart.o(i.usart_baudrate_set)
    usart_deinit                             0x08002671   Thumb Code   136  gd32c10x_usart.o(i.usart_deinit)
    usart_enable                             0x08002701   Thumb Code    10  gd32c10x_usart.o(i.usart_enable)
    usart_interrupt_enable                   0x0800270b   Thumb Code    26  gd32c10x_usart.o(i.usart_interrupt_enable)
    usart_receive_config                     0x08002725   Thumb Code    16  gd32c10x_usart.o(i.usart_receive_config)
    usart_transmit_config                    0x08002735   Thumb Code    16  gd32c10x_usart.o(i.usart_transmit_config)
    g_can_fdlength_table                     0x08002744   Data           7  gd32c10x_can.o(.constdata)
    Region$$Table$$Base                      0x0800281c   Number         0  anon$$obj.o(Region$$Table)
    Region$$Table$$Limit                     0x0800283c   Number         0  anon$$obj.o(Region$$Table)
    SystemCoreClock                          0x20000000   Data           4  system_gd32c10x.o(.data)
    st                                       0x20000004   Data           4  main.o(.data)
    __cnt                                    0x20000008   Data           4  main.o(.data)
    flgCAN0Get                               0x2000000c   Data           4  main.o(.data)
    flgCAN1Get                               0x20000010   Data           4  main.o(.data)
    NUM_CAN_GET0                             0x20000014   Data           4  main.o(.data)
    NUM_CAN_GET1                             0x20000018   Data           4  main.o(.data)
    index_can_get0                           0x2000001c   Data           4  main.o(.data)
    index_can_get1                           0x20000020   Data           4  main.o(.data)
    cnt                                      0x20000024   Data           4  main.o(.data)
    rxcount                                  0x200000ac   Data           2  lgi_basic.o(.data)
    cnt_millis                               0x200000b0   Data           4  lgi_basic.o(.data)
    i2c_receiver                             0x200000b4   Data         100  main.o(.bss)
    CAN_DATA_CAN0                            0x20000118   Data         800  main.o(.bss)
    CAN_DATA_CAN1                            0x20000438   Data         800  main.o(.bss)
    MASK_FILT0                               0x20000758   Data          40  main.o(.bss)
    MASK_FILT1                               0x20000780   Data          40  main.o(.bss)
    can0config                               0x200007a8   Data          48  main.o(.bss)
    can1config                               0x200007d8   Data          48  main.o(.bss)
    g_transmit_message                       0x20000808   Data          80  main.o(.bss)
    g_receive_message0                       0x20000858   Data          80  main.o(.bss)
    g_receive_message1                       0x200008a8   Data          80  main.o(.bss)
    dtaSend                                  0x200008f8   Data         100  main.o(.bss)
    __initial_sp                             0x20000d60   Data           0  startup_gd32c10x.o(STACK)



==============================================================================

Memory Map of the image

  Image Entry point : 0x08000151

  Load Region LR_IROM1 (Base: 0x08000000, Size: 0x000028f0, Max: 0x00020000, ABSOLUTE)

    Execution Region ER_IROM1 (Exec base: 0x08000000, Load base: 0x08000000, Size: 0x0000283c, Max: 0x00020000, ABSOLUTE)

    Exec Addr    Load Addr    Size         Type   Attr      Idx    E Section Name        Object

    0x08000000   0x08000000   0x00000150   Data   RO          136    RESET               startup_gd32c10x.o
    0x08000150   0x08000150   0x00000000   Code   RO         4212  * .ARM.Collect$$$$00000000  mc_w.l(entry.o)
    0x08000150   0x08000150   0x00000004   Code   RO         4480    .ARM.Collect$$$$00000001  mc_w.l(entry2.o)
    0x08000154   0x08000154   0x00000004   Code   RO         4483    .ARM.Collect$$$$00000004  mc_w.l(entry5.o)
    0x08000158   0x08000158   0x00000000   Code   RO         4485    .ARM.Collect$$$$00000008  mc_w.l(entry7b.o)
    0x08000158   0x08000158   0x00000000   Code   RO         4487    .ARM.Collect$$$$0000000A  mc_w.l(entry8b.o)
    0x08000158   0x08000158   0x00000008   Code   RO         4488    .ARM.Collect$$$$0000000B  mc_w.l(entry9a.o)
    0x08000160   0x08000160   0x00000000   Code   RO         4490    .ARM.Collect$$$$0000000D  mc_w.l(entry10a.o)
    0x08000160   0x08000160   0x00000000   Code   RO         4492    .ARM.Collect$$$$0000000F  mc_w.l(entry11a.o)
    0x08000160   0x08000160   0x00000004   Code   RO         4481    .ARM.Collect$$$$00002712  mc_w.l(entry2.o)
    0x08000164   0x08000164   0x00000024   Code   RO          137    .text               startup_gd32c10x.o
    0x08000188   0x08000188   0x00000024   Code   RO         4215    .text               mc_w.l(memcpya.o)
    0x080001ac   0x080001ac   0x00000024   Code   RO         4510    .text               mc_w.l(init.o)
    0x080001d0   0x080001d0   0x00000004   Code   RO          424    i.BusFault_Handler  gd32c10x_it.o
    0x080001d4   0x080001d4   0x00000020   Code   RO          425    i.CAN0_RX0_IRQHandler  gd32c10x_it.o
    0x080001f4   0x080001f4   0x00000020   Code   RO          426    i.CAN1_RX0_IRQHandler  gd32c10x_it.o
    0x08000214   0x08000214   0x00000002   Code   RO          427    i.DebugMon_Handler  gd32c10x_it.o
    0x08000216   0x08000216   0x00000004   Code   RO          428    i.HardFault_Handler  gd32c10x_it.o
    0x0800021a   0x0800021a   0x00000002   PAD
    0x0800021c   0x0800021c   0x00000084   Code   RO          143    i.I2C_SendData      main.o
    0x080002a0   0x080002a0   0x00000020   Code   RO          555    i.LGI_Init          lgi_basic.o
    0x080002c0   0x080002c0   0x00000004   Code   RO          429    i.MemManage_Handler  gd32c10x_it.o
    0x080002c4   0x080002c4   0x00000002   Code   RO          430    i.NMI_Handler       gd32c10x_it.o
    0x080002c6   0x080002c6   0x00000002   PAD
    0x080002c8   0x080002c8   0x00000028   Code   RO          508    i.NVIC_SetPriority  systick.o
    0x080002f0   0x080002f0   0x00000002   Code   RO          431    i.PendSV_Handler    gd32c10x_it.o
    0x080002f2   0x080002f2   0x00000002   Code   RO          432    i.SVC_Handler       gd32c10x_it.o
    0x080002f4   0x080002f4   0x00000028   Code   RO          557    i.Serial_begin      lgi_basic.o
    0x0800031c   0x0800031c   0x00000008   Code   RO          433    i.SysTick_Handler   gd32c10x_it.o
    0x08000324   0x08000324   0x000000a4   Code   RO            4    i.SystemInit        system_gd32c10x.o
    0x080003c8   0x080003c8   0x00000004   Code   RO          434    i.UsageFault_Handler  gd32c10x_it.o
    0x080003cc   0x080003cc   0x0000000e   Code   RO         4522    i.__scatterload_copy  mc_w.l(handlers.o)
    0x080003da   0x080003da   0x00000002   Code   RO         4523    i.__scatterload_null  mc_w.l(handlers.o)
    0x080003dc   0x080003dc   0x0000000e   Code   RO         4524    i.__scatterload_zeroinit  mc_w.l(handlers.o)
    0x080003ea   0x080003ea   0x00000002   PAD
    0x080003ec   0x080003ec   0x0000012c   Code   RO          144    i.can0SaveData      main.o
    0x08000518   0x08000518   0x0000012c   Code   RO          145    i.can1SaveData      main.o
    0x08000644   0x08000644   0x00000038   Code   RO         1022    i.can1_filter_start_bank  gd32c10x_can.o
    0x0800067c   0x0800067c   0x00000174   Code   RO          146    i.canInit           main.o
    0x080007f0   0x080007f0   0x00000128   Code   RO          147    i.can_config0       main.o
    0x08000918   0x08000918   0x0000012c   Code   RO          148    i.can_config1       main.o
    0x08000a44   0x08000a44   0x00000034   Code   RO         1025    i.can_deinit        gd32c10x_can.o
    0x08000a78   0x08000a78   0x00000032   Code   RO         1027    i.can_fd_frequency_set  gd32c10x_can.o
    0x08000aaa   0x08000aaa   0x000000f4   Code   RO         1030    i.can_fd_init       gd32c10x_can.o
    0x08000b9e   0x08000b9e   0x00000002   PAD
    0x08000ba0   0x08000ba0   0x00000110   Code   RO         1032    i.can_filter_init   gd32c10x_can.o
    0x08000cb0   0x08000cb0   0x00000108   Code   RO         1033    i.can_filter_mask_mode_init  gd32c10x_can.o
    0x08000db8   0x08000db8   0x00000074   Code   RO         1036    i.can_frequency_set  gd32c10x_can.o
    0x08000e2c   0x08000e2c   0x0000006c   Code   RO          149    i.can_gpio_config   main.o
    0x08000e98   0x08000e98   0x000001a4   Code   RO         1037    i.can_init          gd32c10x_can.o
    0x0800103c   0x0800103c   0x00000008   Code   RO         1039    i.can_interrupt_enable  gd32c10x_can.o
    0x08001044   0x08001044   0x000001c4   Code   RO         1042    i.can_message_receive  gd32c10x_can.o
    0x08001208   0x08001208   0x00000274   Code   RO         1043    i.can_message_transmit  gd32c10x_can.o
    0x0800147c   0x0800147c   0x000000e2   Code   RO         1047    i.can_struct_para_init  gd32c10x_can.o
    0x0800155e   0x0800155e   0x000000a8   Code   RO         1054    i.can_working_mode_set  gd32c10x_can.o
    0x08001606   0x08001606   0x0000001a   Code   RO          150    i.char2long         main.o
    0x08001620   0x08001620   0x00000024   Code   RO          510    i.delay_decrement   systick.o
    0x08001644   0x08001644   0x000000ac   Code   RO         1055    i.dev_can_baudrate_set  gd32c10x_can.o
    0x080016f0   0x080016f0   0x000000e0   Code   RO         1056    i.dev_can_fd_baudrate_set  gd32c10x_can.o
    0x080017d0   0x080017d0   0x0000009c   Code   RO          359    i.gd_eval_com_init  gd32c10x_eval.o
    0x0800186c   0x0800186c   0x000000a8   Code   RO          152    i.getI2CDta         main.o
    0x08001914   0x08001914   0x000000bc   Code   RO         2272    i.gpio_init         gd32c10x_gpio.o
    0x080019d0   0x080019d0   0x00000018   Code   RO         2389    i.i2c_ack_config    gd32c10x_i2c.o
    0x080019e8   0x080019e8   0x00000140   Code   RO         2391    i.i2c_clock_config  gd32c10x_i2c.o
    0x08001b28   0x08001b28   0x00000048   Code   RO          153    i.i2c_config        main.o
    0x08001b70   0x08001b70   0x00000008   Code   RO         2392    i.i2c_data_receive  gd32c10x_i2c.o
    0x08001b78   0x08001b78   0x00000006   Code   RO         2393    i.i2c_data_transmit  gd32c10x_i2c.o
    0x08001b7e   0x08001b7e   0x0000000a   Code   RO         2400    i.i2c_enable        gd32c10x_i2c.o
    0x08001b88   0x08001b88   0x00000028   Code   RO         2401    i.i2c_flag_clear    gd32c10x_i2c.o
    0x08001bb0   0x08001bb0   0x0000001e   Code   RO         2402    i.i2c_flag_get      gd32c10x_i2c.o
    0x08001bce   0x08001bce   0x0000001c   Code   RO         2408    i.i2c_mode_addr_config  gd32c10x_i2c.o
    0x08001bea   0x08001bea   0x00000010   Code   RO          154    i.long2char         main.o
    0x08001bfa   0x08001bfa   0x00000002   PAD
    0x08001bfc   0x08001bfc   0x000004b0   Code   RO          155    i.main              main.o
    0x080020ac   0x080020ac   0x00000044   Code   RO          156    i.mask_filt_data_init  main.o
    0x080020f0   0x080020f0   0x000000ac   Code   RO         2614    i.nvic_irq_enable   gd32c10x_misc.o
    0x0800219c   0x0800219c   0x00000014   Code   RO         2615    i.nvic_priority_group_set  gd32c10x_misc.o
    0x080021b0   0x080021b0   0x00000018   Code   RO         2616    i.nvic_vector_table_set  gd32c10x_misc.o
    0x080021c8   0x080021c8   0x00000180   Code   RO         2771    i.rcu_clock_freq_get  gd32c10x_rcu.o
    0x08002348   0x08002348   0x00000020   Code   RO         2791    i.rcu_periph_clock_enable  gd32c10x_rcu.o
    0x08002368   0x08002368   0x00000020   Code   RO         2794    i.rcu_periph_reset_disable  gd32c10x_rcu.o
    0x08002388   0x08002388   0x00000020   Code   RO         2795    i.rcu_periph_reset_enable  gd32c10x_rcu.o
    0x080023a8   0x080023a8   0x000000e4   Code   RO          157    i.sendI2CDta        main.o
    0x0800248c   0x0800248c   0x000000fc   Code   RO            5    i.system_clock_120m_hxtal  system_gd32c10x.o
    0x08002588   0x08002588   0x00000008   Code   RO            6    i.system_clock_config  system_gd32c10x.o
    0x08002590   0x08002590   0x00000050   Code   RO          511    i.systick_config    systick.o
    0x080025e0   0x080025e0   0x00000090   Code   RO         3839    i.usart_baudrate_set  gd32c10x_usart.o
    0x08002670   0x08002670   0x00000090   Code   RO         3844    i.usart_deinit      gd32c10x_usart.o
    0x08002700   0x08002700   0x0000000a   Code   RO         3848    i.usart_enable      gd32c10x_usart.o
    0x0800270a   0x0800270a   0x0000001a   Code   RO         3858    i.usart_interrupt_enable  gd32c10x_usart.o
    0x08002724   0x08002724   0x00000010   Code   RO         3873    i.usart_receive_config  gd32c10x_usart.o
    0x08002734   0x08002734   0x00000010   Code   RO         3887    i.usart_transmit_config  gd32c10x_usart.o
    0x08002744   0x08002744   0x000000d8   Data   RO         1057    .constdata          gd32c10x_can.o
    0x0800281c   0x0800281c   0x00000020   Data   RO         4520    Region$$Table       anon$$obj.o


    Execution Region RW_IRAM1 (Exec base: 0x20000000, Load base: 0x0800283c, Size: 0x00000d60, Max: 0x00008000, ABSOLUTE)

    Exec Addr    Load Addr    Size         Type   Attr      Idx    E Section Name        Object

    0x20000000   0x0800283c   0x00000004   Data   RW            7    .data               system_gd32c10x.o
    0x20000004   0x08002840   0x00000024   Data   RW          159    .data               main.o
    0x20000028   0x08002864   0x0000007d   Data   RW          366    .data               gd32c10x_eval.o
    0x200000a5   0x080028e1   0x00000003   PAD
    0x200000a8   0x080028e4   0x00000004   Data   RW          512    .data               systick.o
    0x200000ac   0x080028e8   0x00000008   Data   RW          567    .data               lgi_basic.o
    0x200000b4        -       0x000008a8   Zero   RW          158    .bss                main.o
    0x2000095c   0x080028f0   0x00000004   PAD
    0x20000960        -       0x00000400   Zero   RW          134    STACK               startup_gd32c10x.o


==============================================================================

Image component sizes


      Code (inc. data)   RO Data    RW Data    ZI Data      Debug   Object Name

      3352         54        216          0          0      13821   gd32c10x_can.o
       156         30          0        125          0       1783   gd32c10x_eval.o
       188          0          0          0          0        904   gd32c10x_gpio.o
       466         14          0          0          0       5559   gd32c10x_i2c.o
        96         24          0          0          0       5654   gd32c10x_it.o
       216         28          0          0          0       2064   gd32c10x_misc.o
       480         44          0          0          0       3124   gd32c10x_rcu.o
       356         16          0          0          0       3971   gd32c10x_usart.o
        72          6          0          8          0       1800   lgi_basic.o
      3586        198          0         36       2216      36451   main.o
        36          8        336          0       1024        860   startup_gd32c10x.o
       424         40          0          4          0      63751   system_gd32c10x.o
       156         22          0          4          0      26959   systick.o

    ----------------------------------------------------------------------
      9592        484        584        180       3244     166701   Object Totals
         0          0         32          0          0          0   (incl. Generated)
         8          0          0          3          4          0   (incl. Padding)

    ----------------------------------------------------------------------

      Code (inc. data)   RO Data    RW Data    ZI Data      Debug   Library Member Name

         0          0          0          0          0          0   entry.o
         0          0          0          0          0          0   entry10a.o
         0          0          0          0          0          0   entry11a.o
         8          4          0          0          0          0   entry2.o
         4          0          0          0          0          0   entry5.o
         0          0          0          0          0          0   entry7b.o
         0          0          0          0          0          0   entry8b.o
         8          4          0          0          0          0   entry9a.o
        30          0          0          0          0          0   handlers.o
        36          8          0          0          0         68   init.o
        36          0          0          0          0         68   memcpya.o

    ----------------------------------------------------------------------
       124         16          0          0          0        136   Library Totals
         2          0          0          0          0          0   (incl. Padding)

    ----------------------------------------------------------------------

      Code (inc. data)   RO Data    RW Data    ZI Data      Debug   Library Name

       122         16          0          0          0        136   mc_w.l

    ----------------------------------------------------------------------
       124         16          0          0          0        136   Library Totals

    ----------------------------------------------------------------------

==============================================================================


      Code (inc. data)   RO Data    RW Data    ZI Data      Debug   

      9716        500        584        180       3244     160441   Grand Totals
      9716        500        584        180       3244     160441   ELF Image Totals
      9716        500        584        180          0          0   ROM Totals

==============================================================================

    Total RO  Size (Code + RO Data)                10300 (  10.06kB)
    Total RW  Size (RW Data + ZI Data)              3424 (   3.34kB)
    Total ROM Size (Code + RO Data + RW Data)      10480 (  10.23kB)

==============================================================================

